<html>
<body>
<pre>
<h1>礦ision Build Log</h1>
<h2>Tool Versions:</h2>
IDE-Version: μVision V5.21.1.0
Copyright (C) 2016 ARM Ltd and ARM Germany GmbH. All rights reserved.
License Information:  ,  , LIC=FYKJJ-U9TTY-J6PQ9-4SY7Z-VSY4I-SSY5R
 
Tool Versions:
Toolchain:       MDK-ARM Plus  Version: 5.21a
Toolchain Path:  D:\Program Files (x86)\Keil_v5\ARM\ARMCC\Bin
C Compiler:      Armcc.exe V5.06 update 3 (build 300)
Assembler:       Armasm.exe V5.06 update 3 (build 300)
Linker/Locator:  ArmLink.exe V5.06 update 3 (build 300)
Library Manager: ArmAr.exe V5.06 update 3 (build 300)
Hex Converter:   FromElf.exe V5.06 update 3 (build 300)
CPU DLL:         SARMCM3.DLL V5.21a
Dialog DLL:      DCM.DLL V1.13.8.0
Target DLL:      STLink\ST-LINKIII-KEIL_SWO.dll V2.0.18.0
Dialog DLL:      TCM.DLL V1.14.14.0
 
<h2>Project:</h2>
E:\S32DS_WS\developerkit\MDK-ARM\STM32L496AGIx.uvprojx
Project File Date:  02/20/2024

<h2>Output:</h2>
*** Using Compiler 'V5.06 update 3 (build 300)', folder: 'D:\Program Files (x86)\Keil_v5\ARM\ARMCC\Bin'
Rebuild target 'STM32L496AGIx'
compiling soc_impl.c...
compiling trace_impl.c...
compiling port_c.c...
assembling port_c.s...
compiling GUIConf.c...
compiling LCDConf_FlexColor_Template.c...
..\main\include\st7789.h(29): warning:  #1295-D: Deprecated declaration st7789_init - give arg types
  int st7789_init();
..\main\include\st7789.h(30): warning:  #1-D: last line of file ends without a newline
  #endif /* __ST7789_H */
..\Config\LCDConf_FlexColor_Template.c: 2 warnings, 0 errors
compiling abs_data_model.c...
..\framework\uData\abs_data_model.c(57): warning:  #223-D: function "memset" declared implicitly
      memset(g_abs_data_db[abs_data_cnt], 0, (sizeof(abs_data_pkg_t)));
..\framework\uData\abs_data_model.c(136): warning:  #940-D: missing return statement at end of non-void function "abs_data_biuld_dev_tree"
  }
..\framework\uData\abs_data_model.c(384): warning:  #513-D: a value of type "void *" cannot be assigned to an entity of type "int (*)(void *)"
      g_abs_data_db[index]->calibrated_algo_process_cb = cb;
..\framework\uData\abs_data_model.c(372): warning:  #177-D: variable "ret" was declared but never referenced
      int ret = 0;
..\framework\uData\abs_data_model.c(392): warning:  #940-D: missing return statement at end of non-void function "abs_cali_data_unregister"
  }
..\framework\uData\abs_data_model.c(401): warning:  #223-D: function "cali_example_example_init" declared implicitly
      ret = cali_example_example_init();
..\framework\uData\abs_data_model.c(414): warning:  #167-D: argument of type "void (*)(void *)" is incompatible with parameter of type "void (*)(void *, void *)"
      ret = aos_timer_new_ext(&g_abs_data_timer, abs_data_timer_process, 
ULL, 
EFAULT_TIMER_INTERVAL, 0, 0);
..\framework\uData\abs_data_model.c(424): warning:  #223-D: function "memset" declared implicitly
      memset(&g_abs_data_table, 0, sizeof(g_abs_data_table));
..\framework\uData\abs_data_model.c(125): warning:  #177-D: function "abs_data_biuld_dev_tree" was declared but never referenced
  static int abs_data_biuld_dev_tree(void* buf)
..\framework\uData\abs_data_model.c: 9 warnings, 0 errors
compiling calibrated_example_algo.c...
compiling service_mgr.c...
..\framework\uData\service_mgr.c(44): warning:  #223-D: function "abs_data_dev_enable" declared implicitly
      ret = abs_data_dev_enable(tag);
..\framework\uData\service_mgr.c(56): warning:  #223-D: function "memcpy" declared implicitly
      memcpy(buf, &g_pkg_buf, sizeof(udata_pkg_t));
..\framework\uData\service_mgr.c(67): warning:  #223-D: function "memset" declared implicitly
      memset(&g_pkg_buf, 0, sizeof(udata_pkg_t));
..\framework\uData\service_mgr.c(70): warning:  #223-D: function "memcpy" declared implicitly
      memcpy(g_pkg_buf.payload, pdata, len); 
..\framework\uData\service_mgr.c(85): warning:  #223-D: function "abs_data_ioctl" declared implicitly
      int ret = abs_data_ioctl(NULL, sensor);
..\framework\uData\service_mgr.c(107): warning:  #223-D: function "abs_data_open" declared implicitly
              ret = abs_data_open(g_service_db[index]);
..\framework\uData\service_mgr.c(129): warning:  #223-D: function "abs_data_close" declared implicitly
          ret = abs_data_close(g_service_db[index]->tag);
..\framework\uData\service_mgr.c(152): warning:  #223-D: function "memset" declared implicitly
      memset(g_service_db[g_service_cnt], 0, sizeof(uData_service_t));
..\framework\uData\service_mgr.c(162): warning:  #223-D: function "abs_data_open" declared implicitly
      ret = abs_data_open(g_service_db[g_service_cnt]);
..\framework\uData\service_mgr.c(188): warning:  #223-D: function "abs_data_close" declared implicitly
              ret = abs_data_close(g_service_db[index]->tag);
..\framework\uData\service_mgr.c(192): warning:  #223-D: function "memset" declared implicitly
              memset(g_service_db[index], 0, sizeof(uData_service_t));
..\framework\uData\service_mgr.c(242): warning:  #223-D: function "abs_data_ioctl" declared implicitly
              ret = abs_data_ioctl(tag, sensor_config);
..\framework\uData\service_mgr.c(264): warning:  #188-D: enumerated type mixed with another type
      uData_service_t* service = uData_get_service_obj(event->value);
..\framework\uData\service_mgr.c(271): warning:  #223-D: function "memset" declared implicitly
              memset(service->payload, 0, DATA_SIZE);
..\framework\uData\service_mgr.c(272): warning:  #223-D: function "abs_data_read" declared implicitly
              ret = abs_data_read(event->value, service->payload, DATA_SIZE);
..\framework\uData\service_mgr.c(279): warning:  #188-D: enumerated type mixed with another type
              uData_service_process(event->value, service->payload);
..\framework\uData\service_mgr.c(283): warning:  #223-D: function "abs_data_ioctl" declared implicitly
              abs_data_ioctl(event->value, service->payload);
..\framework\uData\service_mgr.c(287): warning:  #223-D: function "abs_data_open" declared implicitly
              abs_data_open(priv_data);
..\framework\uData\service_mgr.c(291): warning:  #188-D: enumerated type mixed with another type
              uData_dev_enable(event->value);
..\framework\uData\service_mgr.c(298): warning:  #188-D: enumerated type mixed with another type
              uData_service_subscribe(event->value);
..\framework\uData\service_mgr.c(302): warning:  #188-D: enumerated type mixed with another type
              uData_service_unsubscribe(event->value);
..\framework\uData\service_mgr.c(306): warning:  #223-D: function "abs_data_close" declared implicitly
               abs_data_close(event->value);
..\framework\uData\service_mgr.c(77): warning:  #177-D: function "uData_get_dev_list" was declared but never referenced
  static int uData_get_dev_list(void* pdata)
..\framework\uData\service_mgr.c: 23 warnings, 0 errors
compiling uData_interface.c...
..\framework\uData\uData_interface.c(20): warning:  #223-D: function "uData_get_report_pkg" declared implicitly
      uData_get_report_pkg(pdata);
..\framework\uData\uData_interface.c(29): warning:  #940-D: missing return statement at end of non-void function "uData_dev_ioctl"
  }
..\framework\uData\uData_interface.c(34): warning:  #223-D: function "uData_service_subscribe" declared implicitly
      ret = uData_service_subscribe(type);
..\framework\uData\uData_interface.c(47): warning:  #223-D: function "uData_service_unsubscribe" declared implicitly
      ret = uData_service_unsubscribe(type);
..\framework\uData\uData_interface.c: 4 warnings, 0 errors
compiling uData_main.c...
..\framework\uData\uData_main.c(29): warning:  #223-D: function "uData_service_init" declared implicitly
      ret = uData_service_init();
..\framework\uData\uData_main.c(34): warning:  #223-D: function "abs_data_cali_init" declared implicitly
      ret = abs_data_cali_init();
..\framework\uData\uData_main.c: 2 warnings, 0 errors
compiling main.c...
compiling version.c...
compiling GUI_init.c...
compiling GUI_X_rhino.c...
compiling GUIDEMO.c...
..\GUIDEMO\GUIDEMO.c(521): warning:  #223-D: function "camera_to_sd" declared implicitly
         camera_to_sd();
..\GUIDEMO\GUIDEMO.c: 1 warning, 0 errors
compiling GUIDEMO_BarGraph.c...
..\GUIDEMO\GUIDEMO_BarGraph.c(466): warning:  #177-D: variable "yPosText" was declared but never referenced
    int xSize, ySize, xPosGraph, yPosGraph, yPosText, i;
..\GUIDEMO\GUIDEMO_BarGraph.c: 1 warning, 0 errors
compiling GUIDEMO_ColorBar.c...
compiling GUIDEMO_Conf.c...
compiling GUIDEMO_Graph.c...
compiling GUIDEMO_Intro.c...
compiling GUIDEMO_Resource.c...
compiling GUIDEMO_Start.c...
compiling GUIDEMO_TransparentDialog.c...
compiling GUIDEMO_Uncalssified.c...
..\GUIDEMO\GUIDEMO_Uncalssified.c(922): warning:  #223-D: function "test_se" declared implicitly
        if (test_se() == 0) {
..\GUIDEMO\GUIDEMO_Uncalssified.c(1030): warning:  #1035-D: single-precision operand implicitly converted to double-precision
          acc_nkg[0] = (float)acc_adc_data[0] * 9.8 / 1024;
..\GUIDEMO\GUIDEMO_Uncalssified.c(1031): warning:  #1035-D: single-precision operand implicitly converted to double-precision
          acc_nkg[1] = (float)acc_adc_data[1] * 9.8 / 1024;
..\GUIDEMO\GUIDEMO_Uncalssified.c(1032): warning:  #1035-D: single-precision operand implicitly converted to double-precision
          acc_nkg[2] = (float)acc_adc_data[2] * 9.8 / 1024;
..\GUIDEMO\GUIDEMO_Uncalssified.c(1349): warning:  #223-D: function "test_se" declared implicitly
        ret_val = test_se();
..\GUIDEMO\GUIDEMO_Uncalssified.c(91): warning:  #177-D: function "sensor_all_open" was declared but never referenced
  static int sensor_all_open(void)
..\GUIDEMO\GUIDEMO_Uncalssified.c: 6 warnings, 0 errors
compiling audio.c...
compiling gc0329.c...
..\main\gc0329.c(9): warning:  #144-D: a value of type "uint8_t (*)(void)" cannot be used to initialize an entity of type "uint16_t (*)(uint16_t)"
    gc0329_ReadID,  
..\main\gc0329.c(770): warning:  #550-D: variable "tslb" was set but never used
    uint8_t tslb, mtx1, mtx2, mtx3, mtx4, mtx5, mtx6;
..\main\gc0329.c(770): warning:  #550-D: variable "mtx1" was set but never used
    uint8_t tslb, mtx1, mtx2, mtx3, mtx4, mtx5, mtx6;
..\main\gc0329.c(770): warning:  #550-D: variable "mtx2" was set but never used
    uint8_t tslb, mtx1, mtx2, mtx3, mtx4, mtx5, mtx6;
..\main\gc0329.c(770): warning:  #550-D: variable "mtx3" was set but never used
    uint8_t tslb, mtx1, mtx2, mtx3, mtx4, mtx5, mtx6;
..\main\gc0329.c(770): warning:  #550-D: variable "mtx4" was set but never used
    uint8_t tslb, mtx1, mtx2, mtx3, mtx4, mtx5, mtx6;
..\main\gc0329.c(770): warning:  #550-D: variable "mtx5" was set but never used
    uint8_t tslb, mtx1, mtx2, mtx3, mtx4, mtx5, mtx6;
..\main\gc0329.c(770): warning:  #550-D: variable "mtx6" was set but never used
    uint8_t tslb, mtx1, mtx2, mtx3, mtx4, mtx5, mtx6;
..\main\gc0329.c(772): warning:  #550-D: variable "br_value" was set but never used
    uint32_t br_value;
..\main\gc0329.c(816): warning:  #111-D: statement is unreachable
    switch(feature)
..\main\gc0329.c: 10 warnings, 0 errors
compiling irda.c...
..\main\irda.c(124): warning:  #177-D: variable "temporary" was declared but never referenced
        uint32_t temporary = 0;
..\main\irda.c(487): warning:  #177-D: variable "now_time" was declared but never referenced
        uint32_t now_time = 0;
..\main\irda.c(635): warning:  #177-D: variable "ret" was declared but never referenced
        int ret = 0;
..\main\irda.c: 3 warnings, 0 errors
compiling isd9160.c...
..\main\APP\inc\crc16.h(38): warning:  #1-D: last line of file ends without a newline
  #endif /* INC_CRC_H_ */
..\main\isd9160.c: 1 warning, 0 errors
compiling main.c...
..\main\main.c(70): warning:  #188-D: enumerated type mixed with another type
        GUI_KEY_A10 key = 0;
..\main\main.c(109): warning:  #181-D: argument is incompatible with corresponding format string conversion
              printf("uData_application:::::::::timestamp = (%d)\n", data->timestamp);
..\main\main.c(224): warning:  #223-D: function "DeviceOpen" declared implicitly
        ret = DeviceOpen(test);
..\main\main.c(241): warning:  #223-D: function "DeviceTransmit" declared implicitly
        DeviceTransmit(NULL, ins1, sizeof(ins1), ins_out, sizeof(ins_out));
..\main\main.c(272): warning:  #223-D: function "DeviceTransmit" declared implicitly
        retval = DeviceTransmit(NULL, ins, sizeof(ins), ins_out, &resp_len);
..\main\main.c(294): warning:  #223-D: function "DeviceClose" declared implicitly
        DeviceClose(NULL);
..\main\main.c(40): warning:  #177-D: variable "uart_receive_task_obj" was declared but never referenced
  static ktask_t uart_receive_task_obj;
..\main\main.c: 7 warnings, 0 errors
compiling soc_init.c...
..\sensor\include\drv_baro_bosch_bmp280.h(11): warning:  #1-D: last line of file ends without a newline
  #endif /* __DRV_BARO_BOSCH_BMP280_H */
..\sensor\include\drv_als_liteon_ltr553.h(6): warning:  #1-D: last line of file ends without a newline
  #endif /* __DRV_ALS_LITEON_LTR553_H */
..\sensor\include\drv_ps_liteon_ltr553.h(6): warning:  #1-D: last line of file ends without a newline
  #endif /* __DRV_PS_LITEON_LTR553_H */
..\sensor\include\drv_humi_sensirion_shtc1.h(6): warning:  #1-D: last line of file ends without a newline
  #endif /* __DRV_HUMI_SENSIRION_SHTC1_H */
..\sensor\include\drv_acc_st_lsm6dsl.h(11): warning:  #1-D: last line of file ends without a newline
  #endif /* __DRV_ACC_ST_LSM6DSL_H */
..\sensor\include\drv_gyro_st_lsm6dsl.h(11): warning:  #1-D: last line of file ends without a newline
  #endif /* __DRV_GYRO_ST_LSM6DSL_H */
..\sensor\include\drv_temp_st_lsm6dsl.h(11): warning:  #1-D: last line of file ends without a newline
  #endif /* __DRV_TEMP_ST_LSM6DSL_H */
..\main\soc_init.c(198): warning:  #223-D: function "audio_init" declared implicitly
    audio_init();
..\main\soc_init.c(199): warning:  #223-D: function "isd9160_i2c_init" declared implicitly
    isd9160_i2c_init();
..\main\soc_init.c(1122): warning:  #223-D: function "drv_temp_sensirion_shtc1_init" declared implicitly
        ret |= drv_temp_sensirion_shtc1_init(&brd_i2c2_dev);
..\main\soc_init.c(313): warning:  #177-D: variable "mode_falling" was declared but never referenced
  static gpio_irq_trigger_t mode_falling = IRQ_TRIGGER_FALLING_EDGE;
..\main\soc_init.c(314): warning:  #177-D: variable "mode_both" was declared but never referenced
  static gpio_irq_trigger_t mode_both = IRQ_TRIGGER_BOTH_EDGES;
..\main\soc_init.c: 12 warnings, 0 errors
compiling st7789.c...
..\main\include\st7789.h(29): warning:  #1295-D: Deprecated declaration st7789_init - give arg types
  int st7789_init();
..\main\include\st7789.h(30): warning:  #1-D: last line of file ends without a newline
  #endif /* __ST7789_H */
..\main\st7789.c(302): warning:  #177-D: variable "y_size" was declared but never referenced
    uint32_t y_size = 0;
..\main\st7789.c(175): warning:  #177-D: function "st7789_set_addr_win" was declared but never referenced
  static void st7789_set_addr_win(uint16_t xs, uint16_t ys, uint16_t xe, uint16_t ye)
..\main\st7789.c(225): warning:  #177-D: function "st7789_display_picture" was declared but never referenced
  static void st7789_display_picture(void)
..\main\st7789.c: 5 warnings, 0 errors
compiling stm32l4xx_hal_msp.c...
compiling stm32l4xx_it.c...
compiling system_stm32l4xx.c...
compiling atdemo.c...
..\main\APP\atdemo.c(2055): warning:  #177-D: variable "end_ch" was declared but never referenced
        char Recv_ch, end_ch, ret_ch;
..\main\APP\atdemo.c(2055): warning:  #177-D: variable "ret_ch" was declared but never referenced
        char Recv_ch, end_ch, ret_ch;
..\main\APP\atdemo.c(2111): warning:  #177-D: variable "end_ch" was declared but never referenced
        char Recv_ch, end_ch, ret_ch;
..\main\APP\atdemo.c(2111): warning:  #177-D: variable "ret_ch" was declared but never referenced
        char Recv_ch, end_ch, ret_ch;
..\main\APP\atdemo.c(2162): warning:  #177-D: variable "end_ch" was declared but never referenced
        char Recv_ch, end_ch, ret_ch;
..\main\APP\atdemo.c(2162): warning:  #177-D: variable "ret_ch" was declared but never referenced
        char Recv_ch, end_ch, ret_ch;
..\main\APP\atdemo.c(2782): warning:  #177-D: variable "AT_start" was declared but never referenced
        char AT_start = 0;
..\main\APP\atdemo.c(2106): warning:  #177-D: function "at_fota_start" was declared but never referenced
  static int at_fota_start(enum at_cmd_e id, char *PInBuffer, char *pOutBuffer, uint16_t OutLength)
..\main\APP\atdemo.c(2157): warning:  #177-D: function "at_set_common_func" was declared but never referenced
  static int at_set_common_func(enum at_cmd_e id, char *PInBuffer, char *pOutBuffer, uint16_t OutLength)
..\main\APP\atdemo.c(2258): warning:  #177-D: function "at_get_common_func" was declared but never referenced
  static int at_get_common_func(enum at_cmd_e id, char *PInBuffer, char *pOutBuffer, uint16_t OutLength)
..\main\APP\atdemo.c: 10 warnings, 0 errors
compiling camera_demo.c...
..\main\APP\camera_demo.c(93): warning:  #177-D: variable "hal_status" was declared but never referenced
        HAL_StatusTypeDef hal_status = HAL_OK;
..\main\APP\camera_demo.c: 1 warning, 0 errors
compiling crc16.c...
..\main\APP\inc\crc16.h(38): warning:  #1-D: last line of file ends without a newline
  #endif /* INC_CRC_H_ */
..\main\APP\crc16.c: 1 warning, 0 errors
compiling id2_client_demo.c...
compiling hal_gpio_stm32l4.c...
..\main\hal\hal_gpio_stm32l4.c(234): warning:  #188-D: enumerated type mixed with another type
      IRQn_Type pirqn = 0;
..\main\hal\hal_gpio_stm32l4.c: 1 warning, 0 errors
compiling hal_i2c_stm32l4.c...
compiling hal_sd_stm32l4.c...
..\main\hal\inc\hal_sd_stm32l4.h(23): warning:  #1-D: last line of file ends without a newline
  #endif /* __HAL_SD_STM32L4_H */
..\main\hal\hal_sd_stm32l4.c(176): warning:  #550-D: variable "ret" was set but never used
      int32_t ret = HAL_OK;
..\main\hal\hal_sd_stm32l4.c: 2 warnings, 0 errors
compiling hal_smartcard_stm32l4.c...
..\main\hal\inc\hal_smartcard_stm32l4.h(84): warning:  #1-D: last line of file ends without a newline
  #endif /* __HAL_SD_STM32L4_H */
..\main\hal\hal_smartcard_stm32l4.c(129): warning:  #188-D: enumerated type mixed with another type
    HAL_GPIO_WritePin(
PIOE, 
E_RST_Pin, ResetState);
..\main\hal\hal_smartcard_stm32l4.c(132): warning:  #1294-D: Old-style function SC_Reset_init
  void SC_Reset_init(viod)
..\main\hal\hal_smartcard_stm32l4.c(132): warning:  #1079-D: standard requires that parameter "viod" be given a type by a subsequent declaration ("int" assumed)
  void SC_Reset_init(viod)
..\main\hal\hal_smartcard_stm32l4.c(236): warning:  #550-D: variable "index" was set but never used
      unsigned char index = 0;
..\main\hal\hal_smartcard_stm32l4.c(386): warning:  #177-D: variable "i" was declared but never referenced
        int i = 0;
..\main\hal\hal_smartcard_stm32l4.c(588): warning:  #177-D: variable "ret" was declared but never referenced
      uint8_t ret = HAL_OK;
..\main\hal\hal_smartcard_stm32l4.c: 7 warnings, 0 errors
compiling hal_uart_stm32l4.c...
..\main\hal\hal_uart_stm32l4.c(453): warning:  #177-D: function "uart4_DeInit" was declared but never referenced
  int32_t uart4_DeInit(void)
..\main\hal\hal_uart_stm32l4.c: 1 warning, 0 errors
assembling startup_stm32l496xx_keil.s...
compiling drv_acc_gyro_temp_st_lsm6dsl.c...
..\kernel\inc\common.h(707): warning:  #68-D: integer conversion resulted in a change of sign
      return -1;
..\sensor\include\drv_acc_st_lsm6dsl.h(11): warning:  #1-D: last line of file ends without a newline
  #endif /* __DRV_ACC_ST_LSM6DSL_H */
..\sensor\include\drv_gyro_st_lsm6dsl.h(11): warning:  #1-D: last line of file ends without a newline
  #endif /* __DRV_GYRO_ST_LSM6DSL_H */
..\sensor\include\drv_temp_st_lsm6dsl.h(11): warning:  #1-D: last line of file ends without a newline
  #endif /* __DRV_TEMP_ST_LSM6DSL_H */
..\sensor\drv\drv_acc_gyro_temp_st_lsm6dsl.c(313): warning:  #223-D: function "sensor_i2c_read" declared implicitly
      ret = sensor_i2c_read(drv, LSM6DSL_WHO_AM_I, &value, I2C_DATA_LEN, I2C_OP_RETRIES);
..\sensor\drv\drv_acc_gyro_temp_st_lsm6dsl.c(335): warning:  #223-D: function "sensor_i2c_read" declared implicitly
      ret = sensor_i2c_read(drv, LSM6DSL_CTRL3_C, &value, I2C_DATA_LEN, I2C_OP_RETRIES);
..\sensor\drv\drv_acc_gyro_temp_st_lsm6dsl.c(342): warning:  #223-D: function "sensor_i2c_write" declared implicitly
      ret = sensor_i2c_write(drv, LSM6DSL_CTRL3_C, &value, I2C_DATA_LEN, I2C_OP_RETRIES);
..\sensor\drv\drv_acc_gyro_temp_st_lsm6dsl.c(368): warning:  #223-D: function "sensor_i2c_read" declared implicitly
      ret = sensor_i2c_read(drv, LSM6DSL_CTRL3_C, &value, I2C_DATA_LEN, I2C_OP_RETRIES);
..\sensor\drv\drv_acc_gyro_temp_st_lsm6dsl.c(375): warning:  #223-D: function "sensor_i2c_write" declared implicitly
      ret = sensor_i2c_write(drv, LSM6DSL_CTRL3_C, &value, I2C_DATA_LEN, I2C_OP_RETRIES);
..\sensor\drv\drv_acc_gyro_temp_st_lsm6dsl.c(392): warning:  #223-D: function "sensor_i2c_read" declared implicitly
      ret = sensor_i2c_read(drv, LSM6DSL_CTRL7_G, &value, I2C_DATA_LEN, I2C_OP_RETRIES);
..\sensor\drv\drv_acc_gyro_temp_st_lsm6dsl.c(400): warning:  #223-D: function "sensor_i2c_write" declared implicitly
      ret = sensor_i2c_write(drv, LSM6DSL_CTRL7_G, &value, I2C_DATA_LEN, I2C_OP_RETRIES);
..\sensor\drv\drv_acc_gyro_temp_st_lsm6dsl.c(440): warning:  #223-D: function "sensor_i2c_read" declared implicitly
      ret = sensor_i2c_read(drv, LSM6DSL_STATUS_REG, &value, I2C_DATA_LEN, I2C_OP_RETRIES);
..\sensor\drv\drv_acc_gyro_temp_st_lsm6dsl.c(464): warning:  #223-D: function "sensor_i2c_read" declared implicitly
      ret = sensor_i2c_read(drv, LSM6DSL_CTRL1_XL, &value, I2C_DATA_LEN, I2C_OP_RETRIES);
..\sensor\drv\drv_acc_gyro_temp_st_lsm6dsl.c(473): warning:  #223-D: function "sensor_i2c_write" declared implicitly
      ret = sensor_i2c_write(drv, LSM6DSL_CTRL1_XL, &value, I2C_DATA_LEN, I2C_OP_RETRIES);
..\sensor\drv\drv_acc_gyro_temp_st_lsm6dsl.c(500): warning:  #223-D: function "sensor_i2c_read" declared implicitly
      ret = sensor_i2c_read(drv, LSM6DSL_CTRL2_G, &value, I2C_DATA_LEN, I2C_OP_RETRIES);
..\sensor\drv\drv_acc_gyro_temp_st_lsm6dsl.c(508): warning:  #223-D: function "sensor_i2c_write" declared implicitly
      ret = sensor_i2c_write(drv, LSM6DSL_CTRL2_G, &value, I2C_DATA_LEN, I2C_OP_RETRIES);
..\sensor\drv\drv_acc_gyro_temp_st_lsm6dsl.c(549): warning:  #223-D: function "sensor_i2c_read" declared implicitly
      ret = sensor_i2c_read(&lsm6dsl_ctx, LSM6DSL_OUTX_L_XL, acc_raw, LSM6DSL_ACC_DATA_SIZE, I2C_OP_RETRIES);
..\sensor\drv\drv_acc_gyro_temp_st_lsm6dsl.c(577): warning:  #1182-D: a declaration cannot have a label
              dev_sensor_info_t *info = (dev_sensor_info_t *)arg;
..\sensor\drv\drv_acc_gyro_temp_st_lsm6dsl.c(574): warning:  #546-D: transfer of control bypasses initialization of:
            variable "info" (declared at line 577)
      switch (cmd) {
      ^
..\sensor\drv\drv_acc_gyro_temp_st_lsm6dsl.c(645): warning:  #223-D: function "sensor_create_obj" declared implicitly
          ret = sensor_create_obj(&sensor_acc);
..\sensor\drv\drv_acc_gyro_temp_st_lsm6dsl.c(690): warning:  #223-D: function "sensor_i2c_read" declared implicitly
      ret = sensor_i2c_read(&lsm6dsl_ctx, LSM6DSL_OUTX_L_G, gyro_raw, LSM6DSL_GYRO_DATA_SIZE, I2C_OP_RETRIES);
..\sensor\drv\drv_acc_gyro_temp_st_lsm6dsl.c(718): warning:  #1182-D: a declaration cannot have a label
              dev_sensor_info_t *info = (dev_sensor_info_t *)arg;
..\sensor\drv\drv_acc_gyro_temp_st_lsm6dsl.c(715): warning:  #546-D: transfer of control bypasses initialization of:
            variable "info" (declared at line 718)
      switch (cmd) {
      ^
..\sensor\drv\drv_acc_gyro_temp_st_lsm6dsl.c(786): warning:  #223-D: function "sensor_create_obj" declared implicitly
          ret = sensor_create_obj(&sensor_gyro);
..\sensor\drv\drv_acc_gyro_temp_st_lsm6dsl.c(831): warning:  #223-D: function "sensor_i2c_read" declared implicitly
      ret = sensor_i2c_read(&lsm6dsl_ctx, LSM6DSL_OUT_TEMP_L, temp_raw, LSM6DSL_TEMP_DATA_SIZE, I2C_OP_RETRIES);
..\sensor\drv\drv_acc_gyro_temp_st_lsm6dsl.c(857): warning:  #1182-D: a declaration cannot have a label
              dev_sensor_info_t *info = (dev_sensor_info_t *)arg;
..\sensor\drv\drv_acc_gyro_temp_st_lsm6dsl.c(854): warning:  #546-D: transfer of control bypasses initialization of:
            variable "info" (declared at line 857)
      switch (cmd) {
      ^
..\sensor\drv\drv_acc_gyro_temp_st_lsm6dsl.c(925): warning:  #223-D: function "sensor_create_obj" declared implicitly
          ret = sensor_create_obj(&sensor_temp);
..\sensor\drv\drv_acc_gyro_temp_st_lsm6dsl.c: 28 warnings, 0 errors
compiling drv_als_ps_liteon_ltr553.c...
..\kernel\inc\common.h(707): warning:  #68-D: integer conversion resulted in a change of sign
      return -1;
..\sensor\include\drv_als_liteon_ltr553.h(6): warning:  #1-D: last line of file ends without a newline
  #endif /* __DRV_ALS_LITEON_LTR553_H */
..\sensor\include\drv_ps_liteon_ltr553.h(6): warning:  #1-D: last line of file ends without a newline
  #endif /* __DRV_PS_LITEON_LTR553_H */
..\sensor\drv\drv_als_ps_liteon_ltr553.c(218): warning:  #223-D: function "sensor_i2c_read" declared implicitly
      ret = sensor_i2c_read(drv, LTR553_PART_ID, &part_id_value, I2C_DATA_LEN, I2C_OP_RETRIES);
..\sensor\drv\drv_als_ps_liteon_ltr553.c(242): warning:  #223-D: function "sensor_i2c_read" declared implicitly
      ret = sensor_i2c_read(drv, LTR553_ALS_CONTR, &value, I2C_DATA_LEN, I2C_OP_RETRIES);
..\sensor\drv\drv_als_ps_liteon_ltr553.c(259): warning:  #223-D: function "sensor_i2c_write" declared implicitly
      ret = sensor_i2c_write(drv, LTR553_ALS_CONTR, &dev_mode, I2C_DATA_LEN, I2C_OP_RETRIES);
..\sensor\drv\drv_als_ps_liteon_ltr553.c(240): warning:  #177-D: variable "wait_time" was declared but never referenced
      int     wait_time = 0;
..\sensor\drv\drv_als_ps_liteon_ltr553.c(273): warning:  #223-D: function "sensor_i2c_read" declared implicitly
      ret = sensor_i2c_read(drv, LTR553_PS_CONTR, &value, I2C_DATA_LEN, I2C_OP_RETRIES);
..\sensor\drv\drv_als_ps_liteon_ltr553.c(290): warning:  #223-D: function "sensor_i2c_write" declared implicitly
      ret = sensor_i2c_write(drv, LTR553_PS_CONTR, &dev_mode, I2C_DATA_LEN, I2C_OP_RETRIES);
..\sensor\drv\drv_als_ps_liteon_ltr553.c(303): warning:  #223-D: function "sensor_i2c_read" declared implicitly
      ret = sensor_i2c_read(drv, LTR553_ALS_PS_STATUS, &value, I2C_DATA_LEN, I2C_OP_RETRIES);
..\sensor\drv\drv_als_ps_liteon_ltr553.c(318): warning:  #223-D: function "sensor_i2c_read" declared implicitly
      ret = sensor_i2c_read(drv, LTR553_ALS_PS_STATUS, &value, I2C_DATA_LEN, I2C_OP_RETRIES);
..\sensor\drv\drv_als_ps_liteon_ltr553.c(335): warning:  #223-D: function "sensor_i2c_write" declared implicitly
      ret = sensor_i2c_write(drv, LTR553_ALS_MEAS_RATE,
..\sensor\drv\drv_als_ps_liteon_ltr553.c(341): warning:  #223-D: function "sensor_i2c_read" declared implicitly
      ret = sensor_i2c_read(drv, LTR553_ALS_CONTR, &value, I2C_DATA_LEN, I2C_OP_RETRIES);
..\sensor\drv\drv_als_ps_liteon_ltr553.c(361): warning:  #223-D: function "sensor_i2c_write" declared implicitly
      ret = sensor_i2c_write(drv, LTR553_PS_MEAS_RATE,
..\sensor\drv\drv_als_ps_liteon_ltr553.c(377): warning:  #223-D: function "sensor_i2c_read" declared implicitly
      ret = sensor_i2c_read(drv, LTR553_PS_CONTR, &value, I2C_DATA_LEN, I2C_OP_RETRIES);
..\sensor\drv\drv_als_ps_liteon_ltr553.c(437): warning:  #223-D: function "krhino_task_sleep" declared implicitly
          krhino_task_sleep(krhino_ms_to_ticks(LTR553_WAIT_TIME_PER_CHECK));
..\sensor\drv\drv_als_ps_liteon_ltr553.c(437): warning:  #223-D: function "krhino_ms_to_ticks" declared implicitly
          krhino_task_sleep(krhino_ms_to_ticks(LTR553_WAIT_TIME_PER_CHECK));
..\sensor\drv\drv_als_ps_liteon_ltr553.c(444): warning:  #223-D: function "sensor_i2c_read" declared implicitly
      ret = sensor_i2c_read(&ltr553_ctx, LTR553_ALS_DATA1_L, &reg_ch1[0], I2C_DATA_LEN, I2C_OP_RETRIES);
..\sensor\drv\drv_als_ps_liteon_ltr553.c(483): warning:  #188-D: enumerated type mixed with another type
              ret = drv_als_liteon_ltr553_set_power_mode(&ltr553_ctx, arg);
..\sensor\drv\drv_als_ps_liteon_ltr553.c(490): warning:  #1182-D: a declaration cannot have a label
              dev_sensor_info_t *info = (dev_sensor_info_t *)arg;
..\sensor\drv\drv_als_ps_liteon_ltr553.c(481): warning:  #546-D: transfer of control bypasses initialization of:
            variable "info" (declared at line 490)
      switch (cmd) {
      ^
..\sensor\drv\drv_als_ps_liteon_ltr553.c(546): warning:  #223-D: function "krhino_task_sleep" declared implicitly
          krhino_task_sleep(krhino_ms_to_ticks(LTR553_WAIT_TIME_PER_CHECK));
..\sensor\drv\drv_als_ps_liteon_ltr553.c(546): warning:  #223-D: function "krhino_ms_to_ticks" declared implicitly
          krhino_task_sleep(krhino_ms_to_ticks(LTR553_WAIT_TIME_PER_CHECK));
..\sensor\drv\drv_als_ps_liteon_ltr553.c(553): warning:  #223-D: function "sensor_i2c_read" declared implicitly
      ret = sensor_i2c_read(&ltr553_ctx, LTR553_PS_DATA_L, &reg_data[0], I2C_DATA_LEN, I2C_OP_RETRIES);
..\sensor\drv\drv_als_ps_liteon_ltr553.c(582): warning:  #188-D: enumerated type mixed with another type
              ret = drv_ps_liteon_ltr553_set_power_mode(&ltr553_ctx, arg);
..\sensor\drv\drv_als_ps_liteon_ltr553.c(589): warning:  #1182-D: a declaration cannot have a label
              dev_sensor_info_t *info = (dev_sensor_info_t *)arg;
..\sensor\drv\drv_als_ps_liteon_ltr553.c(580): warning:  #546-D: transfer of control bypasses initialization of:
            variable "info" (declared at line 589)
      switch (cmd) {
      ^
..\sensor\drv\drv_als_ps_liteon_ltr553.c(634): warning:  #223-D: function "sensor_create_obj" declared implicitly
                                ret = sensor_create_obj(&sensor_als);
..\sensor\drv\drv_als_ps_liteon_ltr553.c(683): warning:  #223-D: function "sensor_create_obj" declared implicitly
                                ret = sensor_create_obj(&sensor_ps);
..\sensor\drv\drv_als_ps_liteon_ltr553.c: 29 warnings, 0 errors
compiling drv_baro_bosch_bmp280.c...
..\kernel\inc\common.h(707): warning:  #68-D: integer conversion resulted in a change of sign
      return -1;
..\sensor\include\drv_baro_bosch_bmp280.h(11): warning:  #1-D: last line of file ends without a newline
  #endif /* __DRV_BARO_BOSCH_BMP280_H */
..\sensor\drv\drv_baro_bosch_bmp280.c(317): warning:  #223-D: function "sensor_i2c_read" declared implicitly
      ret = sensor_i2c_read(drv,BMP280_TEMPERATURE_CALIB_DIG_T1_LSB_REG,
..\sensor\drv\drv_baro_bosch_bmp280.c(361): warning:  #223-D: function "sensor_i2c_read" declared implicitly
      ret = sensor_i2c_read(drv, BMP280_CHIP_ID_REG, &value, I2C_DATA_LEN, I2C_OP_RETRIES);
..\sensor\drv\drv_baro_bosch_bmp280.c(412): warning:  #223-D: function "sensor_i2c_read" declared implicitly
      ret = sensor_i2c_read(drv, BMP280_CTRL_MEAS_REG, &value, I2C_DATA_LEN, I2C_OP_RETRIES);
..\sensor\drv\drv_baro_bosch_bmp280.c(419): warning:  #223-D: function "sensor_i2c_write" declared implicitly
      ret = sensor_i2c_write(drv, BMP280_CTRL_MEAS_REG, &value, I2C_DATA_LEN, I2C_OP_RETRIES);
..\sensor\drv\drv_baro_bosch_bmp280.c(450): warning:  #223-D: function "sensor_i2c_read" declared implicitly
      ret = sensor_i2c_read(drv, BMP280_CTRL_MEAS_REG, &value, I2C_DATA_LEN, I2C_OP_RETRIES);
..\sensor\drv\drv_baro_bosch_bmp280.c(456): warning:  #223-D: function "sensor_i2c_write" declared implicitly
      ret = sensor_i2c_write(drv, BMP280_CTRL_MEAS_REG, &value, I2C_DATA_LEN, I2C_OP_RETRIES);
..\sensor\drv\drv_baro_bosch_bmp280.c(485): warning:  #223-D: function "sensor_i2c_read" declared implicitly
      ret = sensor_i2c_read(drv,BMP280_CONFIG_REG_STANDBY_DURN__REG,
..\sensor\drv\drv_baro_bosch_bmp280.c(492): warning:  #223-D: function "sensor_i2c_write" declared implicitly
      ret = sensor_i2c_write(drv,BMP280_CONFIG_REG_STANDBY_DURN__REG,
..\sensor\drv\drv_baro_bosch_bmp280.c(507): warning:  #223-D: function "sensor_i2c_write" declared implicitly
      ret = sensor_i2c_write(drv,BMP280_RST_REG,
..\sensor\drv\drv_baro_bosch_bmp280.c(539): warning:  #223-D: function "sensor_i2c_read" declared implicitly
      ret = sensor_i2c_read(drv, BMP280_PRESSURE_MSB_REG, data, BMP280_PRESSURE_DATA_SIZE, I2C_OP_RETRIES);
..\sensor\drv\drv_baro_bosch_bmp280.c(675): warning:  #223-D: function "sensor_i2c_read" declared implicitly
      ret  = sensor_i2c_read(drv, BMP280_TEMPERATURE_MSB_REG, data, BMP280_TEMPERATURE_DATA_SIZE, I2C_OP_RETRIES);
..\sensor\drv\drv_baro_bosch_bmp280.c(775): warning:  #188-D: enumerated type mixed with another type
              ret = drv_baro_bosch_bmp280_set_power_mode(&bmp280_ctx, arg);
..\sensor\drv\drv_baro_bosch_bmp280.c(835): warning:  #223-D: function "sensor_create_obj" declared implicitly
      ret = sensor_create_obj(&sensor);
..\sensor\drv\drv_baro_bosch_bmp280.c(302): warning:  #177-D: variable "g_bmp280_dev_cfg" was declared but never referenced
  static bmp280_device_cfg_t    g_bmp280_dev_cfg;
..\sensor\drv\drv_baro_bosch_bmp280.c: 16 warnings, 0 errors
compiling drv_mag_temp_memsic_mmc3680kj.c...
..\kernel\inc\common.h(707): warning:  #68-D: integer conversion resulted in a change of sign
      return -1;
..\sensor\drv\drv_mag_temp_memsic_mmc3680kj.c(109): warning:  #223-D: function "sensor_i2c_read" declared implicitly
      ret = sensor_i2c_read(drv, MMC3680KJ_REG_PRODUCTID, &value, I2C_DATA_LEN, I2C_OP_RETRIES);
..\sensor\drv\drv_mag_temp_memsic_mmc3680kj.c(130): warning:  #223-D: function "sensor_i2c_read" declared implicitly
      ret = sensor_i2c_read(drv, MMC3680KJ_REG_STATUS, &value, I2C_DATA_LEN, I2C_OP_RETRIES);
..\sensor\drv\drv_mag_temp_memsic_mmc3680kj.c(153): warning:  #223-D: function "sensor_i2c_write" declared implicitly
      ret = sensor_i2c_write(drv, MMC3680KJ_REG_PASSWORD, &value, I2C_DATA_LEN, I2C_OP_RETRIES);
..\sensor\drv\drv_mag_temp_memsic_mmc3680kj.c(176): warning:  #223-D: function "sensor_i2c_read" declared implicitly
      ret = sensor_i2c_read(drv, MMC3680KJ_REG_OTP, reg_data, 2, I2C_OP_RETRIES);
..\sensor\drv\drv_mag_temp_memsic_mmc3680kj.c(204): warning:  #223-D: function "sensor_i2c_write" declared implicitly
      ret = sensor_i2c_write(drv, MMC3680KJ_REG_CTRL2, &value, I2C_DATA_LEN, I2C_OP_RETRIES);
..\sensor\drv\drv_mag_temp_memsic_mmc3680kj.c(215): warning:  #223-D: function "sensor_i2c_read" declared implicitly
      ret = sensor_i2c_read(drv, MMC3680KJ_REG_SR_PWIDTH, &value, I2C_DATA_LEN, I2C_OP_RETRIES);
..\sensor\drv\drv_mag_temp_memsic_mmc3680kj.c(240): warning:  #223-D: function "sensor_i2c_write" declared implicitly
      ret = sensor_i2c_write(drv, MMC3680KJ_REG_CTRL0, &value, I2C_DATA_LEN, I2C_OP_RETRIES);
..\sensor\drv\drv_mag_temp_memsic_mmc3680kj.c(258): warning:  #223-D: function "sensor_i2c_write" declared implicitly
      ret = sensor_i2c_write(drv, MMC3680KJ_REG_CTRL1, &res, I2C_DATA_LEN, I2C_OP_RETRIES);
..\sensor\drv\drv_mag_temp_memsic_mmc3680kj.c(277): warning:  #223-D: function "sensor_i2c_write" declared implicitly
          ret = sensor_i2c_write(drv, MMC3680KJ_REG_CTRL0, &value, I2C_DATA_LEN, I2C_OP_RETRIES);
..\sensor\drv\drv_mag_temp_memsic_mmc3680kj.c(284): warning:  #223-D: function "sensor_i2c_read" declared implicitly
              ret = sensor_i2c_read(drv, MMC3680KJ_REG_STATUS, &value, I2C_DATA_LEN, I2C_OP_RETRIES);
..\sensor\drv\drv_mag_temp_memsic_mmc3680kj.c(291): warning:  #223-D: function "sensor_i2c_write" declared implicitly
          ret = sensor_i2c_write(drv, MMC3680KJ_REG_CTRL0, &value, I2C_DATA_LEN, I2C_OP_RETRIES);
..\sensor\drv\drv_mag_temp_memsic_mmc3680kj.c(298): warning:  #223-D: function "sensor_i2c_read" declared implicitly
              ret = sensor_i2c_read(drv, MMC3680KJ_REG_STATUS, &value, I2C_DATA_LEN, I2C_OP_RETRIES);
..\sensor\drv\drv_mag_temp_memsic_mmc3680kj.c(373): warning:  #223-D: function "sensor_i2c_read" declared implicitly
      ret = sensor_i2c_read(&mmc3680kj_ctx, MMC3680KJ_REG_DATA, reg_raw, MMC3680KJ_MAG_DATA_SIZE, I2C_OP_RETRIES);
..\sensor\drv\drv_mag_temp_memsic_mmc3680kj.c(405): warning:  #1182-D: a declaration cannot have a label
              dev_sensor_info_t *info = (dev_sensor_info_t *)arg;
..\sensor\drv\drv_mag_temp_memsic_mmc3680kj.c(402): warning:  #546-D: transfer of control bypasses initialization of:
            variable "info" (declared at line 405)
      switch (cmd) {
      ^
..\sensor\drv\drv_mag_temp_memsic_mmc3680kj.c(455): warning:  #223-D: function "sensor_create_obj" declared implicitly
          ret = sensor_create_obj(&sensor_mag);
..\sensor\drv\drv_mag_temp_memsic_mmc3680kj.c(516): warning:  #223-D: function "sensor_i2c_read" declared implicitly
      ret = sensor_i2c_read(&mmc3680kj_ctx, MMC3680KJ_REG_TEMP, &reg_raw, I2C_DATA_LEN, I2C_OP_RETRIES);
..\sensor\drv\drv_mag_temp_memsic_mmc3680kj.c(539): warning:  #1182-D: a declaration cannot have a label
              dev_sensor_info_t *info = (dev_sensor_info_t *)arg;
..\sensor\drv\drv_mag_temp_memsic_mmc3680kj.c(536): warning:  #546-D: transfer of control bypasses initialization of:
            variable "info" (declared at line 539)
      switch (cmd) {
      ^
..\sensor\drv\drv_mag_temp_memsic_mmc3680kj.c(589): warning:  #223-D: function "sensor_create_obj" declared implicitly
          ret = sensor_create_obj(&sensor_temp);
..\sensor\drv\drv_mag_temp_memsic_mmc3680kj.c: 21 warnings, 0 errors
compiling drv_temp_humi_sensirion_shtc1.c...
..\kernel\inc\common.h(707): warning:  #68-D: integer conversion resulted in a change of sign
      return -1;
..\sensor\include\drv_temp_sensirion_shtc1.h(6): warning:  #1-D: last line of file ends without a newline
  #endif /* __DRV_TEMP_SENSIRION_SHTC1_H */
..\sensor\include\drv_humi_sensirion_shtc1.h(6): warning:  #1-D: last line of file ends without a newline
  #endif /* __DRV_HUMI_SENSIRION_SHTC1_H */
..\sensor\drv\drv_temp_humi_sensirion_shtc1.c(82): warning:  #186-D: pointless comparison of unsigned integer with zero
      if (cmd < SHTC1_CMD_read_id_reg || cmd >= SHTC1_CMD_END)
..\sensor\drv\drv_temp_humi_sensirion_shtc1.c(80): warning:  #177-D: variable "ret" was declared but never referenced
      int ret = 0;
..\sensor\drv\drv_temp_humi_sensirion_shtc1.c(118): warning:  #223-D: function "krhino_task_sleep" declared implicitly
          krhino_task_sleep(krhino_ms_to_ticks(nonblocking_wait_time));
..\sensor\drv\drv_temp_humi_sensirion_shtc1.c(118): warning:  #223-D: function "krhino_ms_to_ticks" declared implicitly
          krhino_task_sleep(krhino_ms_to_ticks(nonblocking_wait_time));
..\sensor\drv\drv_temp_humi_sensirion_shtc1.c(159): warning:  #223-D: function "HAL_GetTick" declared implicitly
      now_tick = HAL_GetTick();
..\sensor\drv\drv_temp_humi_sensirion_shtc1.c(174): warning:  #520-D: initialization with "{...}" expected for aggregate object
      uint8_t value[2] = 0;
..\sensor\drv\drv_temp_humi_sensirion_shtc1.c(247): warning:  #1182-D: a declaration cannot have a label
              dev_sensor_info_t *info = (dev_sensor_info_t *)arg;
..\sensor\drv\drv_temp_humi_sensirion_shtc1.c(244): warning:  #546-D: transfer of control bypasses initialization of:
            variable "info" (declared at line 247)
      switch (cmd) {
      ^
..\sensor\drv\drv_temp_humi_sensirion_shtc1.c(310): warning:  #1182-D: a declaration cannot have a label
              dev_sensor_info_t *info = (dev_sensor_info_t *)arg;
..\sensor\drv\drv_temp_humi_sensirion_shtc1.c(307): warning:  #546-D: transfer of control bypasses initialization of:
            variable "info" (declared at line 310)
      switch (cmd) {
      ^
..\sensor\drv\drv_temp_humi_sensirion_shtc1.c(355): warning:  #223-D: function "sensor_create_obj" declared implicitly
                                ret = sensor_create_obj(&sensor_temp);
..\sensor\drv\drv_temp_humi_sensirion_shtc1.c(399): warning:  #223-D: function "sensor_create_obj" declared implicitly
                                ret = sensor_create_obj(&sensor_humi);
..\sensor\drv\drv_temp_humi_sensirion_shtc1.c: 15 warnings, 0 errors
compiling sensor_drv_api.c...
compiling sensor_hal.c...
..\kernel\inc\common.h(707): warning:  #68-D: integer conversion resulted in a change of sign
      return -1;
..\sensor\hal\sensor_hal.c(74): warning:  #177-D: variable "ret" was declared but never referenced
      int ret = 0;
..\sensor\hal\sensor_hal.c(294): warning:  #177-D: variable "index" was declared but never referenced
      int index = 0; 
..\sensor\hal\sensor_hal.c(18): warning:  #177-D: function "sensor_poll" was declared but never referenced
  static int sensor_poll(file_t *f, bool setup, poll_notify_t notify, struct pollfd *fd, void *opa);
..\sensor\hal\sensor_hal.c(39): warning:  #177-D: function "sensor_set_power_mode" was declared but never referenced
  static void sensor_set_power_mode(dev_power_mode_e power, int index)
..\sensor\hal\sensor_hal.c(45): warning:  #177-D: function "sensor_irq_handle" was declared but never referenced
  static void sensor_irq_handle(void *arg)
..\sensor\hal\sensor_hal.c(72): warning:  #177-D: function "load_sensor_config" was declared but never referenced
  static int load_sensor_config(int index )
..\sensor\hal\sensor_hal.c(82): warning:  #177-D: function "sensor_io_bus_init" was declared but never referenced
  static int sensor_io_bus_init(i2c_dev_t *i2c)
..\sensor\hal\sensor_hal.c: 8 warnings, 0 errors
compiling base64.c...
compiling CheckSumUtils.c...
compiling crc.c...
compiling digest_algorithm.c...
compiling hmac.c...
..\utility\hmac.c(8): warning:  #177-D: function "digest_hmac_md5" was declared but never referenced
  static int digest_hmac_md5(const unsigned char *msg, uint32_t msg_len,
..\utility\hmac.c: 1 warning, 0 errors
compiling log.c...
compiling md5.c...
compiling aos_rhino.c...
compiling diskio.c...
compiling fatfs.c...
compiling ff.c...
compiling ffunicode.c...
compiling aos_init.c...
..\kernel\init\aos_init.c(90): warning:  #223-D: function "sensor_init" declared implicitly
      sensor_init();
..\kernel\init\aos_init.c: 1 warning, 0 errors
compiling k_buf_queue.c...
compiling k_dyn_mem_proc.c...
compiling k_err.c...
compiling k_event.c...
compiling k_fifo.c...
compiling k_idle.c...
compiling k_mm.c...
compiling k_mm_blk.c...
compiling k_mm_debug.c...
compiling k_mutex.c...
compiling k_obj.c...
compiling k_obj_set.c...
compiling k_pend.c...
compiling k_queue.c...
compiling k_ringbuf.c...
compiling k_sched.c...
compiling k_sem.c...
compiling k_stats.c...
compiling k_sys.c...
compiling k_task.c...
compiling k_task_sem.c...
compiling k_tick.c...
compiling k_time.c...
compiling k_timer.c...
compiling k_trace.c...
compiling k_workqueue.c...
compiling device.c...
compiling vfs.c...
compiling vfs_inode.c...
compiling vfs_register.c...
compiling local_event.c...
compiling yloop.c...
compiling stm32l4xx_hal.c...
compiling stm32l4xx_hal_adc.c...
compiling stm32l4xx_hal_adc_ex.c...
compiling stm32l4xx_hal_can.c...
compiling stm32l4xx_hal_comp.c...
compiling stm32l4xx_hal_cortex.c...
compiling stm32l4xx_hal_crc.c...
compiling stm32l4xx_hal_crc_ex.c...
compiling stm32l4xx_hal_cryp.c...
compiling stm32l4xx_hal_cryp_ex.c...
compiling stm32l4xx_hal_dac.c...
compiling stm32l4xx_hal_dac_ex.c...
compiling stm32l4xx_hal_dcmi.c...
compiling stm32l4xx_hal_dfsdm.c...
compiling stm32l4xx_hal_dfsdm_ex.c...
compiling stm32l4xx_hal_dma.c...
compiling stm32l4xx_hal_dma_ex.c...
compiling stm32l4xx_hal_dma2d.c...
compiling stm32l4xx_hal_dsi.c...
compiling stm32l4xx_hal_firewall.c...
compiling stm32l4xx_hal_flash.c...
compiling stm32l4xx_hal_flash_ex.c...
compiling stm32l4xx_hal_flash_ramfunc.c...
compiling stm32l4xx_hal_gfxmmu.c...
compiling stm32l4xx_hal_gpio.c...
compiling stm32l4xx_hal_hash.c...
compiling stm32l4xx_hal_hash_ex.c...
compiling stm32l4xx_hal_hcd.c...
compiling stm32l4xx_hal_i2c.c...
compiling stm32l4xx_hal_i2c_ex.c...
compiling stm32l4xx_hal_irda.c...
compiling stm32l4xx_hal_iwdg.c...
compiling stm32l4xx_hal_lcd.c...
compiling stm32l4xx_hal_lptim.c...
compiling stm32l4xx_hal_ltdc.c...
compiling stm32l4xx_hal_ltdc_ex.c...
compiling stm32l4xx_hal_nand.c...
compiling stm32l4xx_hal_nor.c...
compiling stm32l4xx_hal_opamp.c...
compiling stm32l4xx_hal_opamp_ex.c...
compiling stm32l4xx_hal_ospi.c...
compiling stm32l4xx_hal_pcd.c...
compiling stm32l4xx_hal_pcd_ex.c...
compiling stm32l4xx_hal_pwr.c...
compiling stm32l4xx_hal_pwr_ex.c...
compiling stm32l4xx_hal_qspi.c...
compiling stm32l4xx_hal_rcc.c...
compiling stm32l4xx_hal_rcc_ex.c...
compiling stm32l4xx_hal_rng.c...
compiling stm32l4xx_hal_rtc.c...
compiling stm32l4xx_hal_rtc_ex.c...
compiling stm32l4xx_hal_sai.c...
compiling stm32l4xx_hal_sai_ex.c...
compiling stm32l4xx_hal_sd.c...
compiling stm32l4xx_hal_sd_ex.c...
compiling stm32l4xx_hal_smartcard.c...
compiling stm32l4xx_hal_smartcard_ex.c...
compiling stm32l4xx_hal_smbus.c...
compiling stm32l4xx_hal_spi.c...
compiling stm32l4xx_hal_spi_ex.c...
compiling stm32l4xx_hal_sram.c...
compiling stm32l4xx_hal_swpmi.c...
compiling stm32l4xx_hal_tim.c...
compiling stm32l4xx_hal_tim_ex.c...
compiling stm32l4xx_hal_tsc.c...
compiling stm32l4xx_hal_uart.c...
..\Drivers\STM32L4xx_HAL_Driver\Src\stm32l4xx_hal_uart.c(1007): warning:  #188-D: enumerated type mixed with another type
    return ret;
..\Drivers\STM32L4xx_HAL_Driver\Src\stm32l4xx_hal_uart.c: 1 warning, 0 errors
compiling stm32l4xx_hal_uart_ex.c...
compiling stm32l4xx_hal_usart.c...
compiling stm32l4xx_hal_usart_ex.c...
compiling stm32l4xx_hal_wwdg.c...
compiling stm32l4xx_ll_adc.c...
compiling stm32l4xx_ll_comp.c...
compiling stm32l4xx_ll_crc.c...
compiling stm32l4xx_ll_crs.c...
compiling stm32l4xx_ll_dac.c...
compiling stm32l4xx_ll_dma.c...
compiling stm32l4xx_ll_dma2d.c...
compiling stm32l4xx_ll_exti.c...
compiling stm32l4xx_ll_fmc.c...
compiling stm32l4xx_ll_gpio.c...
compiling stm32l4xx_ll_i2c.c...
compiling stm32l4xx_ll_lptim.c...
compiling stm32l4xx_ll_lpuart.c...
compiling stm32l4xx_ll_opamp.c...
compiling stm32l4xx_ll_pwr.c...
compiling stm32l4xx_ll_rcc.c...
compiling stm32l4xx_ll_rng.c...
compiling stm32l4xx_ll_rtc.c...
compiling stm32l4xx_ll_sdmmc.c...
compiling stm32l4xx_ll_spi.c...
compiling stm32l4xx_ll_swpmi.c...
compiling stm32l4xx_ll_tim.c...
compiling stm32l4xx_ll_usart.c...
compiling stm32l4xx_ll_usb.c...
compiling stm32l4xx_ll_utils.c...
linking...
STM32L496AGIx\STM32L496AGIx.axf: Warning: L6989W: Could not apply patch sdcomp-29491-629360 to instruction VPOP     {d8-d13} at offset 0x1e6, instruction is within an IT block and is not the last instruction for gui_arc.o(i._DrawArc).
Program Size: Code=144412 RO-data=38160 RW-data=1972 ZI-data=191348  
Finished: 0 information, 1 warning and 0 error messages.
After Build - User command #1: fromelf.exe --bin -o  ./STM32L496AGIx/STM32L496AGIx.bin  ./STM32L496AGIx/STM32L496AGIx.axf
After Build - User command #2: a20_combine STM32L496AGIx\STM32L496AGIx.bin 0x40000 0.91 0 developerkit_fw_ldrom.bin 1 developerkit_fw.bin
STM32L496AGIx\STM32L496AGIx.bin
复制了 1 个文件
"STM32L496AGIx\STM32L496AGIx.axf" - 0 Error(s), 230 Warning(s).

<h2>Software Packages used:</h2>

Package Vendor: ARM
                http://www.keil.com/pack/ARM.CMSIS.4.5.0.pack
                ARM::CMSIS:CORE:4.3.0
                CMSIS (Cortex Microcontroller Software Interface Standard)
   * Component: CORE Version: 4.3.0

<h2>Collection of Component include folders:</h2>
  E:\S32DS_WS\developerkit\MDK-ARM\RTE
  D:\Program Files (x86)\Keil_v5\ARM\PACK\ARM\CMSIS\4.5.0\CMSIS\Include
  D:\Program Files (x86)\Keil_v5\ARM\PACK\Keil\STM32L4xx_DFP\2.6.1\Drivers\CMSIS\Device\ST\STM32L4xx\Include

<h2>Collection of Component Files used:</h2>

   * Component: ARM::CMSIS:CORE:4.3.0
Build Time Elapsed:  00:05:27
</pre>
</body>
</html>
