<!doctype html public "-//w3c//dtd html 4.0 transitional//en">
<html><head>
<title>Static Call Graph - [STM32L496AGIx\STM32L496AGIx.axf]</title></head>
<body><HR>
<H1>Static Call Graph for image STM32L496AGIx\STM32L496AGIx.axf</H1><HR>
<BR><P>#&#060CALLGRAPH&#062# ARM Linker, 5060300: Last Updated: Wed Feb 21 22:11:55 2024
<BR><P>
<H3>Maximum Stack Usage =       3216 bytes + Unknown(Functions without stacksize, Cycles, Untraceable Function Pointers)</H3><H3>
Call chain for Maximum Stack Depth:</H3>
wifi_cmd_task &rArr; getc &rArr; fgetc &rArr; hal_uart_recv &rArr; HAL_UART_Receive_IT_Buf_Queue_1byte &rArr; krhino_buf_queue_recv &rArr; ringbuf_pop &rArr; __aeabi_memcpy
<P>
<H3>
Functions with no stack information
</H3><UL>
 <LI><a href="#[43b]">cpu_intrpt_save</a>
 <LI><a href="#[43c]">cpu_intrpt_restore</a>
 <LI><a href="#[508]">cpu_first_task_start</a>
 <LI><a href="#[44f]">cpu_task_switch</a>
 <LI><a href="#[4f7]">cpu_intrpt_switch</a>
 <LI><a href="#[18]">PendSV_Handler</a>
</UL>
</UL>
<P>
<H3>
Mutually Recursive functions
</H3> <LI><a href="#[2c]">ADC1_2_IRQHandler</a>&nbsp;&nbsp;&nbsp;&rArr;&nbsp;&nbsp;&nbsp;<a href="#[2c]">ADC1_2_IRQHandler</a><BR>
 <LI><a href="#[14]">BusFault_Handler</a>&nbsp;&nbsp;&nbsp;&rArr;&nbsp;&nbsp;&nbsp;<a href="#[14]">BusFault_Handler</a><BR>
 <LI><a href="#[2c3]">_Error_Handler</a>&nbsp;&nbsp;&nbsp;&rArr;&nbsp;&nbsp;&nbsp;<a href="#[2c3]">_Error_Handler</a><BR>
 <LI><a href="#[223]">_Alloc</a>&nbsp;&nbsp;&nbsp;&rArr;&nbsp;&nbsp;&nbsp;<a href="#[227]">_InitOnce</a><BR>
 <LI><a href="#[3cf]">_Findy1</a>&nbsp;&nbsp;&nbsp;&rArr;&nbsp;&nbsp;&nbsp;<a href="#[3cf]">_Findy1</a><BR>
 <LI><a href="#[3d1]">_Findx1</a>&nbsp;&nbsp;&nbsp;&rArr;&nbsp;&nbsp;&nbsp;<a href="#[3d1]">_Findx1</a><BR>
 <LI><a href="#[3d0]">_Findx0</a>&nbsp;&nbsp;&nbsp;&rArr;&nbsp;&nbsp;&nbsp;<a href="#[3d0]">_Findx0</a><BR>
 <LI><a href="#[3b2]">WM_SendToParent</a>&nbsp;&nbsp;&nbsp;&rArr;&nbsp;&nbsp;&nbsp;<a href="#[3af]">WM__SendMessage</a><BR>
 <LI><a href="#[3b7]">WM__InvalidateRect</a>&nbsp;&nbsp;&nbsp;&rArr;&nbsp;&nbsp;&nbsp;<a href="#[3b7]">WM__InvalidateRect</a><BR>
 <LI><a href="#[3c6]">WM_InvalidateWindowAndDescsEx</a>&nbsp;&nbsp;&nbsp;&rArr;&nbsp;&nbsp;&nbsp;<a href="#[3c6]">WM_InvalidateWindowAndDescsEx</a><BR>
 <LI><a href="#[3c1]">WM__InvalidateDrawAndDescs</a>&nbsp;&nbsp;&nbsp;&rArr;&nbsp;&nbsp;&nbsp;<a href="#[3c1]">WM__InvalidateDrawAndDescs</a><BR>
 <LI><a href="#[3d3]">_MoveDescendents</a>&nbsp;&nbsp;&nbsp;&rArr;&nbsp;&nbsp;&nbsp;<a href="#[3d3]">_MoveDescendents</a><BR>
 <LI><a href="#[3ca]">WM__UpdateChildPositions</a>&nbsp;&nbsp;&nbsp;&rArr;&nbsp;&nbsp;&nbsp;<a href="#[3c9]">WM_ResizeWindow</a><BR>
 <LI><a href="#[12]">HardFault_Handler</a>&nbsp;&nbsp;&nbsp;&rArr;&nbsp;&nbsp;&nbsp;<a href="#[12]">HardFault_Handler</a><BR>
 <LI><a href="#[13]">MemManage_Handler</a>&nbsp;&nbsp;&nbsp;&rArr;&nbsp;&nbsp;&nbsp;<a href="#[13]">MemManage_Handler</a><BR>
 <LI><a href="#[15]">UsageFault_Handler</a>&nbsp;&nbsp;&nbsp;&rArr;&nbsp;&nbsp;&nbsp;<a href="#[15]">UsageFault_Handler</a><BR>
 <LI><a href="#[3b6]">_DeleteAllChildren</a>&nbsp;&nbsp;&nbsp;&rArr;&nbsp;&nbsp;&nbsp;<a href="#[3b3]">WM_DeleteWindow</a><BR>
 <LI><a href="#[3d4]">_PaintTransChildren</a>&nbsp;&nbsp;&nbsp;&rArr;&nbsp;&nbsp;&nbsp;<a href="#[3d4]">_PaintTransChildren</a><BR>
 <LI><a href="#[3c5]">WM_InvalidateWindowAndDescs</a>&nbsp;&nbsp;&nbsp;&rArr;&nbsp;&nbsp;&nbsp;<a href="#[3c5]">WM_InvalidateWindowAndDescs</a><BR>
 <LI><a href="#[3bd]">_GetDialogItem</a>&nbsp;&nbsp;&nbsp;&rArr;&nbsp;&nbsp;&nbsp;<a href="#[3bd]">_GetDialogItem</a><BR>
</UL>
<P>
<H3>
Function Pointers
</H3><UL>
 <LI><a href="#[2c]">ADC1_2_IRQHandler</a> from startup_stm32l496xx_keil.o(.text) referenced from startup_stm32l496xx_keil.o(RESET)
 <LI><a href="#[49]">ADC3_IRQHandler</a> from startup_stm32l496xx_keil.o(.text) referenced from startup_stm32l496xx_keil.o(RESET)
 <LI><a href="#[14]">BusFault_Handler</a> from stm32l4xx_it.o(i.BusFault_Handler) referenced from startup_stm32l496xx_keil.o(RESET)
 <LI><a href="#[2e]">CAN1_RX0_IRQHandler</a> from startup_stm32l496xx_keil.o(.text) referenced from startup_stm32l496xx_keil.o(RESET)
 <LI><a href="#[2f]">CAN1_RX1_IRQHandler</a> from startup_stm32l496xx_keil.o(.text) referenced from startup_stm32l496xx_keil.o(RESET)
 <LI><a href="#[30]">CAN1_SCE_IRQHandler</a> from startup_stm32l496xx_keil.o(.text) referenced from startup_stm32l496xx_keil.o(RESET)
 <LI><a href="#[2d]">CAN1_TX_IRQHandler</a> from startup_stm32l496xx_keil.o(.text) referenced from startup_stm32l496xx_keil.o(RESET)
 <LI><a href="#[70]">CAN2_RX0_IRQHandler</a> from startup_stm32l496xx_keil.o(.text) referenced from startup_stm32l496xx_keil.o(RESET)
 <LI><a href="#[71]">CAN2_RX1_IRQHandler</a> from startup_stm32l496xx_keil.o(.text) referenced from startup_stm32l496xx_keil.o(RESET)
 <LI><a href="#[72]">CAN2_SCE_IRQHandler</a> from startup_stm32l496xx_keil.o(.text) referenced from startup_stm32l496xx_keil.o(RESET)
 <LI><a href="#[6f]">CAN2_TX_IRQHandler</a> from startup_stm32l496xx_keil.o(.text) referenced from startup_stm32l496xx_keil.o(RESET)
 <LI><a href="#[5a]">COMP_IRQHandler</a> from startup_stm32l496xx_keil.o(.text) referenced from startup_stm32l496xx_keil.o(RESET)
 <LI><a href="#[6b]">CRS_IRQHandler</a> from startup_stm32l496xx_keil.o(.text) referenced from startup_stm32l496xx_keil.o(RESET)
 <LI><a href="#[8b]">DCMI_DMAError</a> from stm32l4xx_hal_dcmi.o(i.DCMI_DMAError) referenced from stm32l4xx_hal_dcmi.o(i.HAL_DCMI_IRQHandler)
 <LI><a href="#[8b]">DCMI_DMAError</a> from stm32l4xx_hal_dcmi.o(i.DCMI_DMAError) referenced from stm32l4xx_hal_dcmi.o(i.HAL_DCMI_Start_DMA)
 <LI><a href="#[8d]">DCMI_DMAHalfXferCplt</a> from stm32l4xx_hal_dcmi.o(i.DCMI_DMAHalfXferCplt) referenced from stm32l4xx_hal_dcmi.o(i.HAL_DCMI_Start_DMA)
 <LI><a href="#[8c]">DCMI_DMAXferCplt</a> from stm32l4xx_hal_dcmi.o(i.DCMI_DMAXferCplt) referenced from stm32l4xx_hal_dcmi.o(i.HAL_DCMI_Start_DMA)
 <LI><a href="#[6e]">DCMI_IRQHandler</a> from stm32l4xx_it.o(i.DCMI_IRQHandler) referenced from startup_stm32l496xx_keil.o(RESET)
 <LI><a href="#[57]">DFSDM1_FLT0_IRQHandler</a> from startup_stm32l496xx_keil.o(.text) referenced from startup_stm32l496xx_keil.o(RESET)
 <LI><a href="#[58]">DFSDM1_FLT1_IRQHandler</a> from startup_stm32l496xx_keil.o(.text) referenced from startup_stm32l496xx_keil.o(RESET)
 <LI><a href="#[59]">DFSDM1_FLT2_IRQHandler</a> from startup_stm32l496xx_keil.o(.text) referenced from startup_stm32l496xx_keil.o(RESET)
 <LI><a href="#[44]">DFSDM1_FLT3_IRQHandler</a> from startup_stm32l496xx_keil.o(.text) referenced from startup_stm32l496xx_keil.o(RESET)
 <LI><a href="#[25]">DMA1_Channel1_IRQHandler</a> from startup_stm32l496xx_keil.o(.text) referenced from startup_stm32l496xx_keil.o(RESET)
 <LI><a href="#[26]">DMA1_Channel2_IRQHandler</a> from startup_stm32l496xx_keil.o(.text) referenced from startup_stm32l496xx_keil.o(RESET)
 <LI><a href="#[27]">DMA1_Channel3_IRQHandler</a> from startup_stm32l496xx_keil.o(.text) referenced from startup_stm32l496xx_keil.o(RESET)
 <LI><a href="#[28]">DMA1_Channel4_IRQHandler</a> from startup_stm32l496xx_keil.o(.text) referenced from startup_stm32l496xx_keil.o(RESET)
 <LI><a href="#[29]">DMA1_Channel5_IRQHandler</a> from startup_stm32l496xx_keil.o(.text) referenced from startup_stm32l496xx_keil.o(RESET)
 <LI><a href="#[2a]">DMA1_Channel6_IRQHandler</a> from stm32l4xx_it.o(i.DMA1_Channel6_IRQHandler) referenced from startup_stm32l496xx_keil.o(RESET)
 <LI><a href="#[2b]">DMA1_Channel7_IRQHandler</a> from startup_stm32l496xx_keil.o(.text) referenced from startup_stm32l496xx_keil.o(RESET)
 <LI><a href="#[73]">DMA2D_IRQHandler</a> from startup_stm32l496xx_keil.o(.text) referenced from startup_stm32l496xx_keil.o(RESET)
 <LI><a href="#[52]">DMA2_Channel1_IRQHandler</a> from startup_stm32l496xx_keil.o(.text) referenced from startup_stm32l496xx_keil.o(RESET)
 <LI><a href="#[53]">DMA2_Channel2_IRQHandler</a> from startup_stm32l496xx_keil.o(.text) referenced from startup_stm32l496xx_keil.o(RESET)
 <LI><a href="#[54]">DMA2_Channel3_IRQHandler</a> from startup_stm32l496xx_keil.o(.text) referenced from startup_stm32l496xx_keil.o(RESET)
 <LI><a href="#[55]">DMA2_Channel4_IRQHandler</a> from startup_stm32l496xx_keil.o(.text) referenced from startup_stm32l496xx_keil.o(RESET)
 <LI><a href="#[56]">DMA2_Channel5_IRQHandler</a> from startup_stm32l496xx_keil.o(.text) referenced from startup_stm32l496xx_keil.o(RESET)
 <LI><a href="#[5e]">DMA2_Channel6_IRQHandler</a> from stm32l4xx_it.o(i.DMA2_Channel6_IRQHandler) referenced from startup_stm32l496xx_keil.o(RESET)
 <LI><a href="#[5f]">DMA2_Channel7_IRQHandler</a> from startup_stm32l496xx_keil.o(.text) referenced from startup_stm32l496xx_keil.o(RESET)
 <LI><a href="#[17]">DebugMon_Handler</a> from stm32l4xx_it.o(i.DebugMon_Handler) referenced from startup_stm32l496xx_keil.o(RESET)
 <LI><a href="#[20]">EXTI0_IRQHandler</a> from startup_stm32l496xx_keil.o(.text) referenced from startup_stm32l496xx_keil.o(RESET)
 <LI><a href="#[42]">EXTI15_10_IRQHandler</a> from stm32l4xx_it.o(i.EXTI15_10_IRQHandler) referenced from startup_stm32l496xx_keil.o(RESET)
 <LI><a href="#[21]">EXTI1_IRQHandler</a> from startup_stm32l496xx_keil.o(.text) referenced from startup_stm32l496xx_keil.o(RESET)
 <LI><a href="#[22]">EXTI2_IRQHandler</a> from startup_stm32l496xx_keil.o(.text) referenced from startup_stm32l496xx_keil.o(RESET)
 <LI><a href="#[23]">EXTI3_IRQHandler</a> from startup_stm32l496xx_keil.o(.text) referenced from startup_stm32l496xx_keil.o(RESET)
 <LI><a href="#[24]">EXTI4_IRQHandler</a> from startup_stm32l496xx_keil.o(.text) referenced from startup_stm32l496xx_keil.o(RESET)
 <LI><a href="#[31]">EXTI9_5_IRQHandler</a> from stm32l4xx_it.o(i.EXTI9_5_IRQHandler) referenced from startup_stm32l496xx_keil.o(RESET)
 <LI><a href="#[1e]">FLASH_IRQHandler</a> from startup_stm32l496xx_keil.o(.text) referenced from startup_stm32l496xx_keil.o(RESET)
 <LI><a href="#[4a]">FMC_IRQHandler</a> from startup_stm32l496xx_keil.o(.text) referenced from startup_stm32l496xx_keil.o(RESET)
 <LI><a href="#[6a]">FPU_IRQHandler</a> from startup_stm32l496xx_keil.o(.text) referenced from startup_stm32l496xx_keil.o(RESET)
 <LI><a href="#[9d]">GUIDRV_FlexColor_SetFunc66709</a> from guidrv_flexcolor_func66709.o(i.GUIDRV_FlexColor_SetFunc66709) referenced from lcdconf_flexcolor_template.o(i.LCD_X_Config)
 <LI><a href="#[9c]">GUIDRV_FlexColor_SetMode16bppC0B8</a> from guidrv_flexcolor_16bpp_c0b8.o(i.GUIDRV_FlexColor_SetMode16bppC0B8) referenced from lcdconf_flexcolor_template.o(i.LCD_X_Config)
 <LI><a href="#[80]">GUIDRV_FlexColor__GetPixelIndexNoCache</a> from guidrv_flexcolor.o(i.GUIDRV_FlexColor__GetPixelIndexNoCache) referenced from guidrv_flexcolor_16bpp_c0b8.o(i.GUIDRV_FlexColor_SetMode16bppC0B8)
 <LI><a href="#[84]">GUIDRV_FlexColor__SetLog2Phys</a> from guidrv_flexcolor.o(i.GUIDRV_FlexColor__SetLog2Phys) referenced from guidrv_flexcolor.o(i.GUIDRV_FlexColor__InitOnce)
 <LI><a href="#[81]">GUIDRV_FlexColor__SetPixelIndexNoCache</a> from guidrv_flexcolor.o(i.GUIDRV_FlexColor__SetPixelIndexNoCache) referenced from guidrv_flexcolor_16bpp_c0b8.o(i.GUIDRV_FlexColor_SetMode16bppC0B8)
 <LI><a href="#[15e]">GUIMONO_DispChar</a> from gui_charm.o(i.GUIMONO_DispChar) referenced from f6x8.o(.constdata)
 <LI><a href="#[15f]">GUIMONO_GetCharDistX</a> from gui_charm.o(i.GUIMONO_GetCharDistX) referenced from f6x8.o(.constdata)
 <LI><a href="#[160]">GUIMONO_GetFontInfo</a> from gui_charm.o(i.GUIMONO_GetFontInfo) referenced from f6x8.o(.constdata)
 <LI><a href="#[161]">GUIMONO_IsInFont</a> from gui_charm.o(i.GUIMONO_IsInFont) referenced from f6x8.o(.constdata)
 <LI><a href="#[162]">GUIPROP_DispChar</a> from gui_charp.o(i.GUIPROP_DispChar) referenced 2 times from f20_ascii.o(.constdata)
 <LI><a href="#[163]">GUIPROP_GetCharDistX</a> from gui_charp.o(i.GUIPROP_GetCharDistX) referenced 2 times from f20_ascii.o(.constdata)
 <LI><a href="#[164]">GUIPROP_GetFontInfo</a> from gui_charp.o(i.GUIPROP_GetFontInfo) referenced 2 times from f20_ascii.o(.constdata)
 <LI><a href="#[165]">GUIPROP_IsInFont</a> from gui_charp.o(i.GUIPROP_IsInFont) referenced 2 times from f20_ascii.o(.constdata)
 <LI><a href="#[a2]">GUI_MEMDEV_Paint1Static</a> from guidev_staticdevices.o(i.GUI_MEMDEV_Paint1Static) referenced from wm.o(i.WM__PaintWinAndOverlays)
 <LI><a href="#[a2]">GUI_MEMDEV_Paint1Static</a> from guidev_staticdevices.o(i.GUI_MEMDEV_Paint1Static) referenced from wm.o(i._PaintTransChildren)
 <LI><a href="#[ab]">GUI_MEMDEV__WriteToActiveAlpha</a> from guidev_writetoactivealpha.o(i.GUI_MEMDEV__WriteToActiveAlpha) referenced from guidev_32.o(i._GetDevFunc)
 <LI><a href="#[aa]">GUI_MEMDEV__WriteToActiveOpaque</a> from guidev_writetoactiveopaque.o(i.GUI_MEMDEV__WriteToActiveOpaque) referenced from guidev_16.o(i._GetDevFunc)
 <LI><a href="#[17e]">GUI_USAGE_BM_AddHLine</a> from guidev_usagebm.o(i.GUI_USAGE_BM_AddHLine) referenced from guidev_usagebm.o(.constdata)
 <LI><a href="#[17d]">GUI_USAGE_BM_AddPixel</a> from guidev_usagebm.o(i.GUI_USAGE_BM_AddPixel) referenced from guidev_usagebm.o(.constdata)
 <LI><a href="#[17f]">GUI_USAGE_BM_Clear</a> from guidev_usagebm.o(i.GUI_USAGE_BM_Clear) referenced from guidev_usagebm.o(.constdata)
 <LI><a href="#[181]">GUI_USAGE_BM_GetNextDirty</a> from guidev_usagebm.o(i.GUI_USAGE_BM_GetNextDirty) referenced from guidev_usagebm.o(.constdata)
 <LI><a href="#[e]">GUI_X_ExecIdle</a> from gui_x_rhino.o(i.GUI_X_ExecIdle) referenced 2 times from gui_waitevent.o(.data)
 <LI><a href="#[9]">GUI__MixColors</a> from gui__alpha.o(i.GUI__MixColors) referenced 2 times from gui__alpha.o(.data)
 <LI><a href="#[a]">GUI__MixColorsBulk</a> from gui__alpha.o(i.GUI__MixColorsBulk) referenced 2 times from gui__alpha.o(.data)
 <LI><a href="#[12]">HardFault_Handler</a> from stm32l4xx_it.o(i.HardFault_Handler) referenced from startup_stm32l496xx_keil.o(RESET)
 <LI><a href="#[3a]">I2C1_ER_IRQHandler</a> from startup_stm32l496xx_keil.o(.text) referenced from startup_stm32l496xx_keil.o(RESET)
 <LI><a href="#[39]">I2C1_EV_IRQHandler</a> from startup_stm32l496xx_keil.o(.text) referenced from startup_stm32l496xx_keil.o(RESET)
 <LI><a href="#[3c]">I2C2_ER_IRQHandler</a> from startup_stm32l496xx_keil.o(.text) referenced from startup_stm32l496xx_keil.o(RESET)
 <LI><a href="#[3b]">I2C2_EV_IRQHandler</a> from startup_stm32l496xx_keil.o(.text) referenced from startup_stm32l496xx_keil.o(RESET)
 <LI><a href="#[63]">I2C3_ER_IRQHandler</a> from startup_stm32l496xx_keil.o(.text) referenced from startup_stm32l496xx_keil.o(RESET)
 <LI><a href="#[62]">I2C3_EV_IRQHandler</a> from startup_stm32l496xx_keil.o(.text) referenced from startup_stm32l496xx_keil.o(RESET)
 <LI><a href="#[6d]">I2C4_ER_IRQHandler</a> from startup_stm32l496xx_keil.o(.text) referenced from startup_stm32l496xx_keil.o(RESET)
 <LI><a href="#[6c]">I2C4_EV_IRQHandler</a> from startup_stm32l496xx_keil.o(.text) referenced from startup_stm32l496xx_keil.o(RESET)
 <LI><a href="#[f]">LCD_AA_MixColors16</a> from lcd_aa.o(i.LCD_AA_MixColors16) referenced 2 times from lcd_aa.o(.data)
 <LI><a href="#[13b]">LCD_DrawHLine</a> from lcd.o(i.LCD_DrawHLine) referenced from gui_core.o(.constdata)
 <LI><a href="#[13c]">LCD_DrawPixel</a> from lcd.o(i.LCD_DrawPixel) referenced from gui_core.o(.constdata)
 <LI><a href="#[6]">LCD_GetpPalConvTableBM</a> from lcd_color.o(i.LCD_GetpPalConvTableBM) referenced 2 times from gui_core.o(.data)
 <LI><a href="#[68]">LCD_IRQHandler</a> from startup_stm32l496xx_keil.o(.text) referenced from startup_stm32l496xx_keil.o(RESET)
 <LI><a href="#[89]">LCD_Index2Color_888</a> from guicc_888_index2color.o(i.LCD_Index2Color_888) referenced from gui__alpha.o(i.GUI__DoAlphaBlending)
 <LI><a href="#[87]">LCD_Index2Color_8888</a> from guicc_8888_index2color.o(i.LCD_Index2Color_8888) referenced from guicc_8888.o(.constdata)
 <LI><a href="#[87]">LCD_Index2Color_8888</a> from guicc_8888_index2color.o(i.LCD_Index2Color_8888) referenced from guidev_writetoactivealpha.o(i.GUI_MEMDEV__WriteToActiveAlpha)
 <LI><a href="#[87]">LCD_Index2Color_8888</a> from guicc_8888_index2color.o(i.LCD_Index2Color_8888) referenced from gui__alpha.o(i.GUI__DoAlphaBlending)
 <LI><a href="#[13e]">LCD_Index2Color_M565</a> from guicc_m565.o(i.LCD_Index2Color_M565) referenced from guicc_m565.o(.constdata)
 <LI><a href="#[5b]">LPTIM1_IRQHandler</a> from startup_stm32l496xx_keil.o(.text) referenced from startup_stm32l496xx_keil.o(RESET)
 <LI><a href="#[5c]">LPTIM2_IRQHandler</a> from startup_stm32l496xx_keil.o(.text) referenced from startup_stm32l496xx_keil.o(RESET)
 <LI><a href="#[60]">LPUART1_IRQHandler</a> from stm32l4xx_it.o(i.LPUART1_IRQHandler) referenced from startup_stm32l496xx_keil.o(RESET)
 <LI><a href="#[9b]">LcdReadDataMultiple</a> from lcdconf_flexcolor_template.o(i.LcdReadDataMultiple) referenced from lcdconf_flexcolor_template.o(i.LCD_X_Config)
 <LI><a href="#[99]">LcdWriteData</a> from lcdconf_flexcolor_template.o(i.LcdWriteData) referenced from lcdconf_flexcolor_template.o(i.LCD_X_Config)
 <LI><a href="#[9a]">LcdWriteDataMultiple</a> from lcdconf_flexcolor_template.o(i.LcdWriteDataMultiple) referenced from lcdconf_flexcolor_template.o(i.LCD_X_Config)
 <LI><a href="#[98]">LcdWriteReg</a> from lcdconf_flexcolor_template.o(i.LcdWriteReg) referenced from lcdconf_flexcolor_template.o(i.LCD_X_Config)
 <LI><a href="#[13]">MemManage_Handler</a> from stm32l4xx_it.o(i.MemManage_Handler) referenced from startup_stm32l496xx_keil.o(RESET)
 <LI><a href="#[11]">NMI_Handler</a> from stm32l4xx_it.o(i.NMI_Handler) referenced from startup_stm32l496xx_keil.o(RESET)
 <LI><a href="#[5d]">OTG_FS_IRQHandler</a> from startup_stm32l496xx_keil.o(.text) referenced from startup_stm32l496xx_keil.o(RESET)
 <LI><a href="#[1b]">PVD_PVM_IRQHandler</a> from startup_stm32l496xx_keil.o(.text) referenced from startup_stm32l496xx_keil.o(RESET)
 <LI><a href="#[18]">PendSV_Handler</a> from port_c_1.o(.text) referenced from startup_stm32l496xx_keil.o(RESET)
 <LI><a href="#[61]">QUADSPI_IRQHandler</a> from startup_stm32l496xx_keil.o(.text) referenced from startup_stm32l496xx_keil.o(RESET)
 <LI><a href="#[1f]">RCC_IRQHandler</a> from startup_stm32l496xx_keil.o(.text) referenced from startup_stm32l496xx_keil.o(RESET)
 <LI><a href="#[69]">RNG_IRQHandler</a> from startup_stm32l496xx_keil.o(.text) referenced from startup_stm32l496xx_keil.o(RESET)
 <LI><a href="#[43]">RTC_Alarm_IRQHandler</a> from startup_stm32l496xx_keil.o(.text) referenced from startup_stm32l496xx_keil.o(RESET)
 <LI><a href="#[1d]">RTC_WKUP_IRQHandler</a> from startup_stm32l496xx_keil.o(.text) referenced from startup_stm32l496xx_keil.o(RESET)
 <LI><a href="#[10]">Reset_Handler</a> from startup_stm32l496xx_keil.o(.text) referenced from startup_stm32l496xx_keil.o(RESET)
 <LI><a href="#[64]">SAI1_IRQHandler</a> from startup_stm32l496xx_keil.o(.text) referenced from startup_stm32l496xx_keil.o(RESET)
 <LI><a href="#[65]">SAI2_IRQHandler</a> from stm32l4xx_it.o(i.SAI2_IRQHandler) referenced from startup_stm32l496xx_keil.o(RESET)
 <LI><a href="#[8e]">SAI_DMAAbort</a> from stm32l4xx_hal_sai.o(i.SAI_DMAAbort) referenced from stm32l4xx_hal_sai.o(i.HAL_SAI_IRQHandler)
 <LI><a href="#[4b]">SDMMC1_IRQHandler</a> from stm32l4xx_it.o(i.SDMMC1_IRQHandler) referenced from startup_stm32l496xx_keil.o(RESET)
 <LI><a href="#[90]">SD_DMARxAbort</a> from stm32l4xx_hal_sd.o(i.SD_DMARxAbort) referenced from stm32l4xx_hal_sd.o(i.HAL_SD_IRQHandler)
 <LI><a href="#[8f]">SD_DMATxAbort</a> from stm32l4xx_hal_sd.o(i.SD_DMATxAbort) referenced from stm32l4xx_hal_sd.o(i.HAL_SD_IRQHandler)
 <LI><a href="#[91]">SMARTCARD_DMAAbortOnError</a> from stm32l4xx_hal_smartcard.o(i.SMARTCARD_DMAAbortOnError) referenced from stm32l4xx_hal_smartcard.o(i.HAL_SMARTCARD_IRQHandler)
 <LI><a href="#[3d]">SPI1_IRQHandler</a> from startup_stm32l496xx_keil.o(.text) referenced from startup_stm32l496xx_keil.o(RESET)
 <LI><a href="#[3e]">SPI2_IRQHandler</a> from startup_stm32l496xx_keil.o(.text) referenced from startup_stm32l496xx_keil.o(RESET)
 <LI><a href="#[4d]">SPI3_IRQHandler</a> from startup_stm32l496xx_keil.o(.text) referenced from startup_stm32l496xx_keil.o(RESET)
 <LI><a href="#[16]">SVC_Handler</a> from stm32l4xx_it.o(i.SVC_Handler) referenced from startup_stm32l496xx_keil.o(RESET)
 <LI><a href="#[66]">SWPMI1_IRQHandler</a> from startup_stm32l496xx_keil.o(.text) referenced from startup_stm32l496xx_keil.o(RESET)
 <LI><a href="#[19]">SysTick_Handler</a> from stm32l4xx_it.o(i.SysTick_Handler) referenced from startup_stm32l496xx_keil.o(RESET)
 <LI><a href="#[75]">SystemInit</a> from system_stm32l4xx.o(i.SystemInit) referenced from startup_stm32l496xx_keil.o(.text)
 <LI><a href="#[1c]">TAMP_STAMP_IRQHandler</a> from startup_stm32l496xx_keil.o(.text) referenced from startup_stm32l496xx_keil.o(RESET)
 <LI><a href="#[32]">TIM1_BRK_TIM15_IRQHandler</a> from startup_stm32l496xx_keil.o(.text) referenced from startup_stm32l496xx_keil.o(RESET)
 <LI><a href="#[35]">TIM1_CC_IRQHandler</a> from stm32l4xx_it.o(i.TIM1_CC_IRQHandler) referenced from startup_stm32l496xx_keil.o(RESET)
 <LI><a href="#[34]">TIM1_TRG_COM_TIM17_IRQHandler</a> from startup_stm32l496xx_keil.o(.text) referenced from startup_stm32l496xx_keil.o(RESET)
 <LI><a href="#[33]">TIM1_UP_TIM16_IRQHandler</a> from stm32l4xx_it.o(i.TIM1_UP_TIM16_IRQHandler) referenced from startup_stm32l496xx_keil.o(RESET)
 <LI><a href="#[36]">TIM2_IRQHandler</a> from startup_stm32l496xx_keil.o(.text) referenced from startup_stm32l496xx_keil.o(RESET)
 <LI><a href="#[37]">TIM3_IRQHandler</a> from startup_stm32l496xx_keil.o(.text) referenced from startup_stm32l496xx_keil.o(RESET)
 <LI><a href="#[38]">TIM4_IRQHandler</a> from startup_stm32l496xx_keil.o(.text) referenced from startup_stm32l496xx_keil.o(RESET)
 <LI><a href="#[4c]">TIM5_IRQHandler</a> from startup_stm32l496xx_keil.o(.text) referenced from startup_stm32l496xx_keil.o(RESET)
 <LI><a href="#[50]">TIM6_DAC_IRQHandler</a> from startup_stm32l496xx_keil.o(.text) referenced from startup_stm32l496xx_keil.o(RESET)
 <LI><a href="#[51]">TIM7_IRQHandler</a> from startup_stm32l496xx_keil.o(.text) referenced from startup_stm32l496xx_keil.o(RESET)
 <LI><a href="#[45]">TIM8_BRK_IRQHandler</a> from startup_stm32l496xx_keil.o(.text) referenced from startup_stm32l496xx_keil.o(RESET)
 <LI><a href="#[48]">TIM8_CC_IRQHandler</a> from startup_stm32l496xx_keil.o(.text) referenced from startup_stm32l496xx_keil.o(RESET)
 <LI><a href="#[47]">TIM8_TRG_COM_IRQHandler</a> from startup_stm32l496xx_keil.o(.text) referenced from startup_stm32l496xx_keil.o(RESET)
 <LI><a href="#[46]">TIM8_UP_IRQHandler</a> from startup_stm32l496xx_keil.o(.text) referenced from startup_stm32l496xx_keil.o(RESET)
 <LI><a href="#[67]">TSC_IRQHandler</a> from startup_stm32l496xx_keil.o(.text) referenced from startup_stm32l496xx_keil.o(RESET)
 <LI><a href="#[4e]">UART4_IRQHandler</a> from stm32l4xx_it.o(i.UART4_IRQHandler) referenced from startup_stm32l496xx_keil.o(RESET)
 <LI><a href="#[4f]">UART5_IRQHandler</a> from startup_stm32l496xx_keil.o(.text) referenced from startup_stm32l496xx_keil.o(RESET)
 <LI><a href="#[92]">UART_DMAAbortOnError</a> from stm32l4xx_hal_uart.o(i.UART_DMAAbortOnError) referenced from stm32l4xx_hal_uart.o(i.HAL_UART_IRQHandler)
 <LI><a href="#[94]">UART_RxISR_16BIT</a> from stm32l4xx_hal_uart.o(i.UART_RxISR_16BIT) referenced from stm32l4xx_hal_uart.o(i.HAL_UART_Receive_IT_Buf_Queue_1byte)
 <LI><a href="#[93]">UART_RxISR_8BIT_Buf_Queue</a> from stm32l4xx_hal_uart.o(i.UART_RxISR_8BIT_Buf_Queue) referenced from stm32l4xx_hal_uart.o(i.HAL_UART_Receive_IT_Buf_Queue_1byte)
 <LI><a href="#[96]">UART_TxISR_16BIT</a> from stm32l4xx_hal_uart.o(i.UART_TxISR_16BIT) referenced from stm32l4xx_hal_uart.o(i.HAL_UART_Transmit_IT)
 <LI><a href="#[95]">UART_TxISR_8BIT</a> from stm32l4xx_hal_uart.o(i.UART_TxISR_8BIT) referenced from stm32l4xx_hal_uart.o(i.HAL_UART_Transmit_IT)
 <LI><a href="#[3f]">USART1_IRQHandler</a> from startup_stm32l496xx_keil.o(.text) referenced from startup_stm32l496xx_keil.o(RESET)
 <LI><a href="#[40]">USART2_IRQHandler</a> from stm32l4xx_it.o(i.USART2_IRQHandler) referenced from startup_stm32l496xx_keil.o(RESET)
 <LI><a href="#[41]">USART3_IRQHandler</a> from stm32l4xx_it.o(i.USART3_IRQHandler) referenced from startup_stm32l496xx_keil.o(RESET)
 <LI><a href="#[15]">UsageFault_Handler</a> from stm32l4xx_it.o(i.UsageFault_Handler) referenced from startup_stm32l496xx_keil.o(RESET)
 <LI><a href="#[a1]">WM__Paint1</a> from wm.o(i.WM__Paint1) referenced from wm.o(i.WM__PaintWinAndOverlays)
 <LI><a href="#[a1]">WM__Paint1</a> from wm.o(i.WM__Paint1) referenced from wm.o(i._PaintTransChildren)
 <LI><a href="#[1a]">WWDG_IRQHandler</a> from startup_stm32l496xx_keil.o(.text) referenced from startup_stm32l496xx_keil.o(RESET)
 <LI><a href="#[168]">_CalcSizeOfChar</a> from gui_uc_encodenone.o(i._CalcSizeOfChar) referenced from gui_uc_encodenone.o(.constdata)
 <LI><a href="#[140]">_Color2IndexBulk</a> from guicc_m565.o(i._Color2IndexBulk) referenced 2 times from guicc_m565.o(.constdata)
 <LI><a href="#[182]">_Color2Index_0</a> from guicc_0.o(i._Color2Index_0) referenced from guicc_0.o(.constdata)
 <LI><a href="#[16a]">_Color2Index_8888</a> from guicc_8888.o(i._Color2Index_8888) referenced from guicc_8888.o(.constdata)
 <LI><a href="#[13d]">_Color2Index_M565</a> from guicc_m565.o(i._Color2Index_M565) referenced from guicc_m565.o(.constdata)
 <LI><a href="#[142]">_DrawBitmap</a> from guidrv_flexcolor.o(i._DrawBitmap) referenced 3 times from guidrv_flexcolor.o(.constdata)
 <LI><a href="#[7e]">_DrawBitmap</a> from guidrv_flexcolor_16bpp_c0b8.o(i._DrawBitmap) referenced from guidrv_flexcolor_16bpp_c0b8.o(i.GUIDRV_FlexColor_SetMode16bppC0B8)
 <LI><a href="#[77]">_DrawBkSimple</a> from guidemo.o(i._DrawBkSimple) referenced from guidemo.o(i.GUIDEMO_Main)
 <LI><a href="#[143]">_DrawHLine</a> from guidrv_flexcolor.o(i._DrawHLine) referenced 3 times from guidrv_flexcolor.o(.constdata)
 <LI><a href="#[144]">_DrawVLine</a> from guidrv_flexcolor.o(i._DrawVLine) referenced 3 times from guidrv_flexcolor.o(.constdata)
 <LI><a href="#[169]">_Encode</a> from gui_uc_encodenone.o(i._Encode) referenced from gui_uc_encodenone.o(.constdata)
 <LI><a href="#[145]">_FillRect</a> from guidrv_flexcolor.o(i._FillRect) referenced 3 times from guidrv_flexcolor.o(.constdata)
 <LI><a href="#[7f]">_FillRect</a> from guidrv_flexcolor_16bpp_c0b8.o(i._FillRect) referenced from guidrv_flexcolor_16bpp_c0b8.o(i.GUIDRV_FlexColor_SetMode16bppC0B8)
 <LI><a href="#[180]">_GUI_USAGE_BM_Delete</a> from guidev_usagebm.o(i._GUI_USAGE_BM_Delete) referenced from guidev_usagebm.o(.constdata)
 <LI><a href="#[166]">_GetCharCode</a> from gui_uc_encodenone.o(i._GetCharCode) referenced from gui_uc_encodenone.o(.constdata)
 <LI><a href="#[167]">_GetCharSize</a> from gui_uc_encodenone.o(i._GetCharSize) referenced from gui_uc_encodenone.o(.constdata)
 <LI><a href="#[14c]">_GetDevData</a> from guidrv_flexcolor.o(i._GetDevData) referenced 3 times from guidrv_flexcolor.o(.constdata)
 <LI><a href="#[14a]">_GetDevFunc</a> from guidrv_flexcolor.o(i._GetDevFunc) referenced 3 times from guidrv_flexcolor.o(.constdata)
 <LI><a href="#[a6]">_GetDevFunc_Init</a> from guidrv_flexcolor.o(i._GetDevFunc_Init) referenced from guidrv_flexcolor.o(i._GetDevFunc)
 <LI><a href="#[a7]">_GetDevFunc_Off</a> from guidrv_flexcolor.o(i._GetDevFunc_Off) referenced from guidrv_flexcolor.o(i._GetDevFunc)
 <LI><a href="#[a3]">_GetDevFunc_On</a> from guidrv_flexcolor.o(i._GetDevFunc_On) referenced from guidrv_flexcolor.o(i._GetDevFunc)
 <LI><a href="#[ac]">_GetDevFunc_SetRect</a> from guidrv_flexcolor.o(i._GetDevFunc_SetRect) referenced from guidrv_flexcolor.o(i._GetDevFunc_SetRectOutside)
 <LI><a href="#[a9]">_GetDevFunc_SetRectOutside</a> from guidrv_flexcolor.o(i._GetDevFunc_SetRectOutside) referenced from guidrv_flexcolor.o(i._GetDevFunc)
 <LI><a href="#[a4]">_GetDevFunc_SetSize</a> from guidrv_flexcolor.o(i._GetDevFunc_SetSize) referenced from guidrv_flexcolor.o(i._GetDevFunc)
 <LI><a href="#[a5]">_GetDevFunc_SetVSize</a> from guidrv_flexcolor.o(i._GetDevFunc_SetVSize) referenced from guidrv_flexcolor.o(i._GetDevFunc)
 <LI><a href="#[14b]">_GetDevProp</a> from guidrv_flexcolor.o(i._GetDevProp) referenced 3 times from guidrv_flexcolor.o(.constdata)
 <LI><a href="#[184]">_GetIndexMask_0</a> from guicc_0.o(i._GetIndexMask_0) referenced from guicc_0.o(.constdata)
 <LI><a href="#[16b]">_GetIndexMask_8888</a> from guicc_8888.o(i._GetIndexMask_8888) referenced from guicc_8888.o(.constdata)
 <LI><a href="#[13f]">_GetIndexMask_M565</a> from guicc_m565.o(i._GetIndexMask_M565) referenced from guicc_m565.o(.constdata)
 <LI><a href="#[146]">_GetPixelIndex</a> from guidrv_flexcolor.o(i._GetPixelIndex) referenced 3 times from guidrv_flexcolor.o(.constdata)
 <LI><a href="#[14d]">_GetRect</a> from guidrv_flexcolor.o(i._GetRect) referenced 3 times from guidrv_flexcolor.o(.constdata)
 <LI><a href="#[141]">_Index2ColorBulk</a> from guicc_m565.o(i._Index2ColorBulk) referenced 2 times from guicc_m565.o(.constdata)
 <LI><a href="#[183]">_Index2Color_0</a> from guicc_0.o(i._Index2Color_0) referenced from guicc_0.o(.constdata)
 <LI><a href="#[14e]">_Log2PhysX_X0Y0S0</a> from guidrv_flexcolor.o(i._Log2PhysX_X0Y0S0) referenced from guidrv_flexcolor.o(.constdata)
 <LI><a href="#[152]">_Log2PhysX_X0Y0S1</a> from guidrv_flexcolor.o(i._Log2PhysX_X0Y0S1) referenced from guidrv_flexcolor.o(.constdata)
 <LI><a href="#[150]">_Log2PhysX_X0Y1S0</a> from guidrv_flexcolor.o(i._Log2PhysX_X0Y1S0) referenced from guidrv_flexcolor.o(.constdata)
 <LI><a href="#[154]">_Log2PhysX_X0Y1S1</a> from guidrv_flexcolor.o(i._Log2PhysX_X0Y1S1) referenced from guidrv_flexcolor.o(.constdata)
 <LI><a href="#[14f]">_Log2PhysX_X1Y0S0</a> from guidrv_flexcolor.o(i._Log2PhysX_X1Y0S0) referenced from guidrv_flexcolor.o(.constdata)
 <LI><a href="#[153]">_Log2PhysX_X1Y0S1</a> from guidrv_flexcolor.o(i._Log2PhysX_X1Y0S1) referenced from guidrv_flexcolor.o(.constdata)
 <LI><a href="#[151]">_Log2PhysX_X1Y1S0</a> from guidrv_flexcolor.o(i._Log2PhysX_X1Y1S0) referenced from guidrv_flexcolor.o(.constdata)
 <LI><a href="#[155]">_Log2PhysX_X1Y1S1</a> from guidrv_flexcolor.o(i._Log2PhysX_X1Y1S1) referenced from guidrv_flexcolor.o(.constdata)
 <LI><a href="#[156]">_Log2PhysY_X0Y0S0</a> from guidrv_flexcolor.o(i._Log2PhysY_X0Y0S0) referenced from guidrv_flexcolor.o(.constdata)
 <LI><a href="#[15a]">_Log2PhysY_X0Y0S1</a> from guidrv_flexcolor.o(i._Log2PhysY_X0Y0S1) referenced from guidrv_flexcolor.o(.constdata)
 <LI><a href="#[158]">_Log2PhysY_X0Y1S0</a> from guidrv_flexcolor.o(i._Log2PhysY_X0Y1S0) referenced from guidrv_flexcolor.o(.constdata)
 <LI><a href="#[15c]">_Log2PhysY_X0Y1S1</a> from guidrv_flexcolor.o(i._Log2PhysY_X0Y1S1) referenced from guidrv_flexcolor.o(.constdata)
 <LI><a href="#[157]">_Log2PhysY_X1Y0S0</a> from guidrv_flexcolor.o(i._Log2PhysY_X1Y0S0) referenced from guidrv_flexcolor.o(.constdata)
 <LI><a href="#[15b]">_Log2PhysY_X1Y0S1</a> from guidrv_flexcolor.o(i._Log2PhysY_X1Y0S1) referenced from guidrv_flexcolor.o(.constdata)
 <LI><a href="#[159]">_Log2PhysY_X1Y1S0</a> from guidrv_flexcolor.o(i._Log2PhysY_X1Y1S0) referenced from guidrv_flexcolor.o(.constdata)
 <LI><a href="#[15d]">_Log2PhysY_X1Y1S1</a> from guidrv_flexcolor.o(i._Log2PhysY_X1Y1S1) referenced from guidrv_flexcolor.o(.constdata)
 <LI><a href="#[d]">_Log2VisBuffered</a> from gui_charline.o(i._Log2VisBuffered) referenced 2 times from gui_charline.o(.data)
 <LI><a href="#[85]">_OnExit</a> from gui_task.o(i._OnExit) referenced from gui_task.o(i.GUITASK_Init)
 <LI><a href="#[86]">_OnExit</a> from gui_core.o(i._OnExit) referenced from gui_core.o(i.GUI_Init)
 <LI><a href="#[88]">_OnExit</a> from gui_multibuf.o(i._OnExit) referenced from gui_multibuf.o(i.GUI_MULTIBUF_Config)
 <LI><a href="#[8a]">_OnExit</a> from gui__alpha.o(i._OnExit) referenced from gui__alpha.o(i.GUI__GetAlphaBuffer)
 <LI><a href="#[97]">_OnExit</a> from lcd_color.o(i._OnExit) referenced from lcd_color.o(i.LCD_InitColors)
 <LI><a href="#[a0]">_OnExit</a> from wm.o(i._OnExit) referenced from wm.o(i.WM_Init)
 <LI><a href="#[82]">_ReadData</a> from guidrv_flexcolor_16bpp_c0b8.o(i._ReadData) referenced from guidrv_flexcolor_16bpp_c0b8.o(i.GUIDRV_FlexColor_SetMode16bppC0B8)
 <LI><a href="#[af]">_ReadPixelCust_16bpp</a> from guidrv_flexcolor.o(i._ReadPixelCust_16bpp) referenced from guidrv_flexcolor.o(i._SetDevFunc)
 <LI><a href="#[ae]">_ReadPixelCust_18bpp</a> from guidrv_flexcolor.o(i._ReadPixelCust_18bpp) referenced from guidrv_flexcolor.o(i._SetDevFunc)
 <LI><a href="#[7]">_ReadPixel_16bpp_B16_I</a> from guidrv_flexcolor_func66709.o(i._ReadPixel_16bpp_B16_I) referenced 2 times from guidrv_flexcolor_func66709.o(.data)
 <LI><a href="#[7b]">_ReadPixel_16bpp_B8</a> from guidrv_flexcolor_func66709.o(i._ReadPixel_16bpp_B8) referenced from guidrv_flexcolor_func66709.o(i.GUIDRV_FlexColor_SetFunc66709)
 <LI><a href="#[b0]">_ReadRectCust_16bpp</a> from guidrv_flexcolor.o(i._ReadRectCust_16bpp) referenced from guidrv_flexcolor.o(i._SetDevFunc)
 <LI><a href="#[ad]">_ReadRectCust_18bpp</a> from guidrv_flexcolor.o(i._ReadRectCust_18bpp) referenced from guidrv_flexcolor.o(i._SetDevFunc)
 <LI><a href="#[8]">_ReadRect_16bpp_B16_I</a> from guidrv_flexcolor_func66709.o(i._ReadRect_16bpp_B16_I) referenced 2 times from guidrv_flexcolor_func66709.o(.data)
 <LI><a href="#[7c]">_ReadRect_16bpp_B8</a> from guidrv_flexcolor_func66709.o(i._ReadRect_16bpp_B8) referenced from guidrv_flexcolor_func66709.o(i.GUIDRV_FlexColor_SetFunc66709)
 <LI><a href="#[16f]">_SetBkColor</a> from lcd.o(i._SetBkColor) referenced from lcd.o(.constdata)
 <LI><a href="#[16e]">_SetColor</a> from lcd.o(i._SetColor) referenced from lcd.o(.constdata)
 <LI><a href="#[a8]">_SetDevFunc</a> from guidrv_flexcolor.o(i._SetDevFunc) referenced from guidrv_flexcolor.o(i._GetDevFunc)
 <LI><a href="#[170]">_SetDrawMode</a> from lcd.o(i._SetDrawMode) referenced from lcd.o(.constdata)
 <LI><a href="#[7d]">_SetInterface</a> from guidrv_flexcolor_func66709.o(i._SetInterface) referenced from guidrv_flexcolor_func66709.o(i.GUIDRV_FlexColor_SetFunc66709)
 <LI><a href="#[149]">_SetOrg</a> from guidrv_flexcolor.o(i._SetOrg) referenced 3 times from guidrv_flexcolor.o(.constdata)
 <LI><a href="#[7a]">_SetOrientation</a> from guidrv_flexcolor_func66709.o(i._SetOrientation) referenced from guidrv_flexcolor_func66709.o(i.GUIDRV_FlexColor_SetFunc66709)
 <LI><a href="#[78]">_SetPhysRAMAddr</a> from guidrv_flexcolor_func66709.o(i._SetPhysRAMAddr) referenced from guidrv_flexcolor_func66709.o(i.GUIDRV_FlexColor_SetFunc66709)
 <LI><a href="#[147]">_SetPixelIndex</a> from guidrv_flexcolor.o(i._SetPixelIndex) referenced 3 times from guidrv_flexcolor.o(.constdata)
 <LI><a href="#[79]">_SetRect</a> from guidrv_flexcolor_func66709.o(i._SetRect) referenced from guidrv_flexcolor_func66709.o(i.GUIDRV_FlexColor_SetFunc66709)
 <LI><a href="#[b1]">_SetReg_B16</a> from guidrv_flexcolor_func66709.o(i._SetReg_B16) referenced from guidrv_flexcolor_func66709.o(i._SetInterface)
 <LI><a href="#[b3]">_SetReg_B8</a> from guidrv_flexcolor_func66709.o(i._SetReg_B8) referenced from guidrv_flexcolor_func66709.o(i._SetInterface)
 <LI><a href="#[83]">_WriteData</a> from guidrv_flexcolor_16bpp_c0b8.o(i._WriteData) referenced from guidrv_flexcolor_16bpp_c0b8.o(i.GUIDRV_FlexColor_SetMode16bppC0B8)
 <LI><a href="#[b2]">_WritePara_B16</a> from guidrv_flexcolor_func66709.o(i._WritePara_B16) referenced from guidrv_flexcolor_func66709.o(i._SetInterface)
 <LI><a href="#[b4]">_WritePara_B8</a> from guidrv_flexcolor_func66709.o(i._WritePara_B8) referenced from guidrv_flexcolor_func66709.o(i._SetInterface)
 <LI><a href="#[148]">_XorPixel</a> from guidrv_flexcolor.o(i._XorPixel) referenced 3 times from guidrv_flexcolor.o(.constdata)
 <LI><a href="#[76]">__main</a> from entry.o(.ARM.Collect$$$$00000000) referenced from startup_stm32l496xx_keil.o(.text)
 <LI><a href="#[9f]">_cbBackWin</a> from wm.o(i._cbBackWin) referenced from wm.o(i.WM_Init)
 <LI><a href="#[9e]">_cbPaintMemDev</a> from wm.o(i._cbPaintMemDev) referenced from wm.o(i.WM_Exec)
 <LI><a href="#[b6]">_snputc</a> from printfa.o(i._snputc) referenced from printfa.o(i.__0snprintf)
 <LI><a href="#[b7]">_sputc</a> from printfa.o(i._sputc) referenced from printfa.o(i.__0sprintf)
 <LI><a href="#[b8]">abs_data_timer_process</a> from abs_data_model.o(i.abs_data_timer_process) referenced from abs_data_model.o(i.abs_data_model_init)
 <LI><a href="#[121]">at_cip_recv_cfg_func</a> from atdemo.o(i.at_cip_recv_cfg_func) referenced from atdemo.o(.constdata)
 <LI><a href="#[11f]">at_cip_send_raw_func</a> from atdemo.o(i.at_cip_send_raw_func) referenced from atdemo.o(.constdata)
 <LI><a href="#[122]">at_fota_start_func</a> from atdemo.o(i.at_fota_start_func) referenced from atdemo.o(.constdata)
 <LI><a href="#[118]">at_get_ap_current_status_func</a> from atdemo.o(i.at_get_ap_current_status_func) referenced from atdemo.o(.constdata)
 <LI><a href="#[f9]">at_get_at_verion</a> from atdemo.o(i.at_get_at_verion) referenced from atdemo.o(.constdata)
 <LI><a href="#[fa]">at_get_at_verion_old</a> from atdemo.o(i.at_get_at_verion_old) referenced from atdemo.o(.constdata)
 <LI><a href="#[11e]">at_get_sta_current_status_func</a> from atdemo.o(i.at_get_sta_current_status_func) referenced from atdemo.o(.constdata)
 <LI><a href="#[fe]">at_reboot_func</a> from atdemo.o(i.at_reboot_func) referenced from atdemo.o(.constdata)
 <LI><a href="#[ff]">at_recover_factory_func</a> from atdemo.o(i.at_recover_factory_func) referenced from atdemo.o(.constdata)
 <LI><a href="#[120]">at_refer_cip_recv_cfg_func</a> from atdemo.o(i.at_refer_cip_recv_cfg_func) referenced from atdemo.o(.constdata)
 <LI><a href="#[100]">at_refer_flash_lock_func</a> from atdemo.o(i.at_refer_flash_lock_func) referenced from atdemo.o(.constdata)
 <LI><a href="#[10a]">at_refer_uart_echo_func</a> from atdemo.o(i.at_refer_uart_echo_func) referenced from atdemo.o(.constdata)
 <LI><a href="#[108]">at_refer_uart_fomat_func</a> from atdemo.o(i.at_refer_uart_fomat_func) referenced from atdemo.o(.constdata)
 <LI><a href="#[106]">at_refer_uart_info_func</a> from atdemo.o(i.at_refer_uart_info_func) referenced from atdemo.o(.constdata)
 <LI><a href="#[115]">at_refer_wifi_ap_info_func</a> from atdemo.o(i.at_refer_wifi_ap_info_func) referenced from atdemo.o(.constdata)
 <LI><a href="#[113]">at_refer_wifi_ap_ip_mask_gate_func</a> from atdemo.o(i.at_refer_wifi_ap_ip_mask_gate_func) referenced from atdemo.o(.constdata)
 <LI><a href="#[111]">at_refer_wifi_dhcp_func</a> from atdemo.o(i.at_refer_wifi_dhcp_func) referenced from atdemo.o(.constdata)
 <LI><a href="#[102]">at_refer_wifi_event_notification_func</a> from atdemo.o(i.at_refer_wifi_event_notification_func) referenced from atdemo.o(.constdata)
 <LI><a href="#[104]">at_refer_wifi_power_save_func</a> from atdemo.o(i.at_refer_wifi_power_save_func) referenced from atdemo.o(.constdata)
 <LI><a href="#[10e]">at_refer_wifi_scan_option_func</a> from atdemo.o(i.at_refer_wifi_scan_option_func) referenced from atdemo.o(.constdata)
 <LI><a href="#[11b]">at_refer_wifi_sta_info_func</a> from atdemo.o(i.at_refer_wifi_sta_info_func) referenced from atdemo.o(.constdata)
 <LI><a href="#[119]">at_refer_wifi_sta_ip_mask_gate_dns_func</a> from atdemo.o(i.at_refer_wifi_sta_ip_mask_gate_dns_func) referenced from atdemo.o(.constdata)
 <LI><a href="#[101]">at_set_flash_lock_func</a> from atdemo.o(i.at_set_flash_lock_func) referenced from atdemo.o(.constdata)
 <LI><a href="#[10b]">at_set_uart_echo_func</a> from atdemo.o(i.at_set_uart_echo_func) referenced from atdemo.o(.constdata)
 <LI><a href="#[109]">at_set_uart_fomat_func</a> from atdemo.o(i.at_set_uart_fomat_func) referenced from atdemo.o(.constdata)
 <LI><a href="#[107]">at_set_uart_info_func</a> from atdemo.o(i.at_set_uart_info_func) referenced from atdemo.o(.constdata)
 <LI><a href="#[116]">at_set_wifi_ap_info_start_func</a> from atdemo.o(i.at_set_wifi_ap_info_start_func) referenced from atdemo.o(.constdata)
 <LI><a href="#[114]">at_set_wifi_ap_ip_mask_gate_func</a> from atdemo.o(i.at_set_wifi_ap_ip_mask_gate_func) referenced from atdemo.o(.constdata)
 <LI><a href="#[112]">at_set_wifi_dhcp_func</a> from atdemo.o(i.at_set_wifi_dhcp_func) referenced from atdemo.o(.constdata)
 <LI><a href="#[103]">at_set_wifi_event_notification_func</a> from atdemo.o(i.at_set_wifi_event_notification_func) referenced from atdemo.o(.constdata)
 <LI><a href="#[105]">at_set_wifi_power_save_func</a> from atdemo.o(i.at_set_wifi_power_save_func) referenced from atdemo.o(.constdata)
 <LI><a href="#[10f]">at_set_wifi_scan_option_func</a> from atdemo.o(i.at_set_wifi_scan_option_func) referenced from atdemo.o(.constdata)
 <LI><a href="#[11c]">at_set_wifi_sta_info_start_func</a> from atdemo.o(i.at_set_wifi_sta_info_start_func) referenced from atdemo.o(.constdata)
 <LI><a href="#[11a]">at_set_wifi_sta_ip_mask_gate_dns_func</a> from atdemo.o(i.at_set_wifi_sta_ip_mask_gate_dns_func) referenced from atdemo.o(.constdata)
 <LI><a href="#[fd]">at_system_memory_free_func</a> from atdemo.o(i.at_system_memory_free_func) referenced from atdemo.o(.constdata)
 <LI><a href="#[fc]">at_system_run_time_func</a> from atdemo.o(i.at_system_run_time_func) referenced from atdemo.o(.constdata)
 <LI><a href="#[f7]">at_test</a> from atdemo.o(i.at_test) referenced from atdemo.o(.constdata)
 <LI><a href="#[fb]">at_version</a> from atdemo.o(i.at_version) referenced from atdemo.o(.constdata)
 <LI><a href="#[117]">at_wifi_ap_quit_func</a> from atdemo.o(i.at_wifi_ap_quit_func) referenced from atdemo.o(.constdata)
 <LI><a href="#[10c]">at_wifi_firmware_version_func</a> from atdemo.o(i.at_wifi_firmware_version_func) referenced from atdemo.o(.constdata)
 <LI><a href="#[11d]">at_wifi_sta_quit_func</a> from atdemo.o(i.at_wifi_sta_quit_func) referenced from atdemo.o(.constdata)
 <LI><a href="#[10d]">at_wl_mac_func</a> from atdemo.o(i.at_wl_mac_func) referenced from atdemo.o(.constdata)
 <LI><a href="#[110]">at_wl_scan_func</a> from atdemo.o(i.at_wl_scan_func) referenced from atdemo.o(.constdata)
 <LI><a href="#[ba]">cali_example_process_cb</a> from calibrated_example_algo.o(i.cali_example_process_cb) referenced from calibrated_example_algo.o(i.cali_example_example_init)
 <LI><a href="#[f4]">daemon_task</a> from main_1.o(i.daemon_task) referenced from main_1.o(i.main)
 <LI><a href="#[f2]">demo_task</a> from main_1.o(i.demo_task) referenced from main_1.o(i.main)
 <LI><a href="#[bf]">drv_acc_st_lsm6dsl_close</a> from drv_acc_gyro_temp_st_lsm6dsl.o(i.drv_acc_st_lsm6dsl_close) referenced from drv_acc_gyro_temp_st_lsm6dsl.o(i.drv_acc_st_lsm6dsl_init)
 <LI><a href="#[c2]">drv_acc_st_lsm6dsl_ioctl</a> from drv_acc_gyro_temp_st_lsm6dsl.o(i.drv_acc_st_lsm6dsl_ioctl) referenced from drv_acc_gyro_temp_st_lsm6dsl.o(i.drv_acc_st_lsm6dsl_init)
 <LI><a href="#[c3]">drv_acc_st_lsm6dsl_irq_handle</a> from drv_acc_gyro_temp_st_lsm6dsl.o(i.drv_acc_st_lsm6dsl_irq_handle) referenced from drv_acc_gyro_temp_st_lsm6dsl.o(i.drv_acc_st_lsm6dsl_init)
 <LI><a href="#[be]">drv_acc_st_lsm6dsl_open</a> from drv_acc_gyro_temp_st_lsm6dsl.o(i.drv_acc_st_lsm6dsl_open) referenced from drv_acc_gyro_temp_st_lsm6dsl.o(i.drv_acc_st_lsm6dsl_init)
 <LI><a href="#[c0]">drv_acc_st_lsm6dsl_read</a> from drv_acc_gyro_temp_st_lsm6dsl.o(i.drv_acc_st_lsm6dsl_read) referenced from drv_acc_gyro_temp_st_lsm6dsl.o(i.drv_acc_st_lsm6dsl_init)
 <LI><a href="#[c1]">drv_acc_st_lsm6dsl_write</a> from drv_acc_gyro_temp_st_lsm6dsl.o(i.drv_acc_st_lsm6dsl_write) referenced from drv_acc_gyro_temp_st_lsm6dsl.o(i.drv_acc_st_lsm6dsl_init)
 <LI><a href="#[c5]">drv_als_liteon_ltr553_close</a> from drv_als_ps_liteon_ltr553.o(i.drv_als_liteon_ltr553_close) referenced from drv_als_ps_liteon_ltr553.o(i.drv_als_liteon_ltr553_init)
 <LI><a href="#[c8]">drv_als_liteon_ltr553_ioctl</a> from drv_als_ps_liteon_ltr553.o(i.drv_als_liteon_ltr553_ioctl) referenced from drv_als_ps_liteon_ltr553.o(i.drv_als_liteon_ltr553_init)
 <LI><a href="#[c9]">drv_als_liteon_ltr553_irq_handle</a> from drv_als_ps_liteon_ltr553.o(i.drv_als_liteon_ltr553_irq_handle) referenced from drv_als_ps_liteon_ltr553.o(i.drv_als_liteon_ltr553_init)
 <LI><a href="#[c4]">drv_als_liteon_ltr553_open</a> from drv_als_ps_liteon_ltr553.o(i.drv_als_liteon_ltr553_open) referenced from drv_als_ps_liteon_ltr553.o(i.drv_als_liteon_ltr553_init)
 <LI><a href="#[c6]">drv_als_liteon_ltr553_read</a> from drv_als_ps_liteon_ltr553.o(i.drv_als_liteon_ltr553_read) referenced from drv_als_ps_liteon_ltr553.o(i.drv_als_liteon_ltr553_init)
 <LI><a href="#[c7]">drv_als_liteon_ltr553_write</a> from drv_als_ps_liteon_ltr553.o(i.drv_als_liteon_ltr553_write) referenced from drv_als_ps_liteon_ltr553.o(i.drv_als_liteon_ltr553_init)
 <LI><a href="#[cb]">drv_baro_bosch_bmp280_close</a> from drv_baro_bosch_bmp280.o(i.drv_baro_bosch_bmp280_close) referenced from drv_baro_bosch_bmp280.o(i.drv_baro_bosch_bmp280_init)
 <LI><a href="#[ce]">drv_baro_bosch_bmp280_ioctl</a> from drv_baro_bosch_bmp280.o(i.drv_baro_bosch_bmp280_ioctl) referenced from drv_baro_bosch_bmp280.o(i.drv_baro_bosch_bmp280_init)
 <LI><a href="#[cf]">drv_baro_bosch_bmp280_irq_handle</a> from drv_baro_bosch_bmp280.o(i.drv_baro_bosch_bmp280_irq_handle) referenced from drv_baro_bosch_bmp280.o(i.drv_baro_bosch_bmp280_init)
 <LI><a href="#[ca]">drv_baro_bosch_bmp280_open</a> from drv_baro_bosch_bmp280.o(i.drv_baro_bosch_bmp280_open) referenced from drv_baro_bosch_bmp280.o(i.drv_baro_bosch_bmp280_init)
 <LI><a href="#[cc]">drv_baro_bosch_bmp280_read</a> from drv_baro_bosch_bmp280.o(i.drv_baro_bosch_bmp280_read) referenced from drv_baro_bosch_bmp280.o(i.drv_baro_bosch_bmp280_init)
 <LI><a href="#[cd]">drv_baro_bosch_bmp280_write</a> from drv_baro_bosch_bmp280.o(i.drv_baro_bosch_bmp280_write) referenced from drv_baro_bosch_bmp280.o(i.drv_baro_bosch_bmp280_init)
 <LI><a href="#[d1]">drv_gyro_st_lsm6dsl_close</a> from drv_acc_gyro_temp_st_lsm6dsl.o(i.drv_gyro_st_lsm6dsl_close) referenced from drv_acc_gyro_temp_st_lsm6dsl.o(i.drv_gyro_st_lsm6dsl_init)
 <LI><a href="#[d4]">drv_gyro_st_lsm6dsl_ioctl</a> from drv_acc_gyro_temp_st_lsm6dsl.o(i.drv_gyro_st_lsm6dsl_ioctl) referenced from drv_acc_gyro_temp_st_lsm6dsl.o(i.drv_gyro_st_lsm6dsl_init)
 <LI><a href="#[d5]">drv_gyro_st_lsm6dsl_irq_handle</a> from drv_acc_gyro_temp_st_lsm6dsl.o(i.drv_gyro_st_lsm6dsl_irq_handle) referenced from drv_acc_gyro_temp_st_lsm6dsl.o(i.drv_gyro_st_lsm6dsl_init)
 <LI><a href="#[d0]">drv_gyro_st_lsm6dsl_open</a> from drv_acc_gyro_temp_st_lsm6dsl.o(i.drv_gyro_st_lsm6dsl_open) referenced from drv_acc_gyro_temp_st_lsm6dsl.o(i.drv_gyro_st_lsm6dsl_init)
 <LI><a href="#[d2]">drv_gyro_st_lsm6dsl_read</a> from drv_acc_gyro_temp_st_lsm6dsl.o(i.drv_gyro_st_lsm6dsl_read) referenced from drv_acc_gyro_temp_st_lsm6dsl.o(i.drv_gyro_st_lsm6dsl_init)
 <LI><a href="#[d3]">drv_gyro_st_lsm6dsl_write</a> from drv_acc_gyro_temp_st_lsm6dsl.o(i.drv_gyro_st_lsm6dsl_write) referenced from drv_acc_gyro_temp_st_lsm6dsl.o(i.drv_gyro_st_lsm6dsl_init)
 <LI><a href="#[d7]">drv_humi_sensirion_shtc1_close</a> from drv_temp_humi_sensirion_shtc1.o(i.drv_humi_sensirion_shtc1_close) referenced from drv_temp_humi_sensirion_shtc1.o(i.drv_humi_sensirion_shtc1_init)
 <LI><a href="#[da]">drv_humi_sensirion_shtc1_ioctl</a> from drv_temp_humi_sensirion_shtc1.o(i.drv_humi_sensirion_shtc1_ioctl) referenced from drv_temp_humi_sensirion_shtc1.o(i.drv_humi_sensirion_shtc1_init)
 <LI><a href="#[db]">drv_humi_sensirion_shtc1_irq_handle</a> from drv_temp_humi_sensirion_shtc1.o(i.drv_humi_sensirion_shtc1_irq_handle) referenced from drv_temp_humi_sensirion_shtc1.o(i.drv_humi_sensirion_shtc1_init)
 <LI><a href="#[d6]">drv_humi_sensirion_shtc1_open</a> from drv_temp_humi_sensirion_shtc1.o(i.drv_humi_sensirion_shtc1_open) referenced from drv_temp_humi_sensirion_shtc1.o(i.drv_humi_sensirion_shtc1_init)
 <LI><a href="#[d8]">drv_humi_sensirion_shtc1_read</a> from drv_temp_humi_sensirion_shtc1.o(i.drv_humi_sensirion_shtc1_read) referenced from drv_temp_humi_sensirion_shtc1.o(i.drv_humi_sensirion_shtc1_init)
 <LI><a href="#[d9]">drv_humi_sensirion_shtc1_write</a> from drv_temp_humi_sensirion_shtc1.o(i.drv_humi_sensirion_shtc1_write) referenced from drv_temp_humi_sensirion_shtc1.o(i.drv_humi_sensirion_shtc1_init)
 <LI><a href="#[dd]">drv_mag_memsic_mmc3680kj_close</a> from drv_mag_temp_memsic_mmc3680kj.o(i.drv_mag_memsic_mmc3680kj_close) referenced from drv_mag_temp_memsic_mmc3680kj.o(i.drv_mag_memsic_mmc3680kj_init)
 <LI><a href="#[e0]">drv_mag_memsic_mmc3680kj_ioctl</a> from drv_mag_temp_memsic_mmc3680kj.o(i.drv_mag_memsic_mmc3680kj_ioctl) referenced from drv_mag_temp_memsic_mmc3680kj.o(i.drv_mag_memsic_mmc3680kj_init)
 <LI><a href="#[e1]">drv_mag_memsic_mmc3680kj_irq_handle</a> from drv_mag_temp_memsic_mmc3680kj.o(i.drv_mag_memsic_mmc3680kj_irq_handle) referenced from drv_mag_temp_memsic_mmc3680kj.o(i.drv_mag_memsic_mmc3680kj_init)
 <LI><a href="#[dc]">drv_mag_memsic_mmc3680kj_open</a> from drv_mag_temp_memsic_mmc3680kj.o(i.drv_mag_memsic_mmc3680kj_open) referenced from drv_mag_temp_memsic_mmc3680kj.o(i.drv_mag_memsic_mmc3680kj_init)
 <LI><a href="#[de]">drv_mag_memsic_mmc3680kj_read</a> from drv_mag_temp_memsic_mmc3680kj.o(i.drv_mag_memsic_mmc3680kj_read) referenced from drv_mag_temp_memsic_mmc3680kj.o(i.drv_mag_memsic_mmc3680kj_init)
 <LI><a href="#[df]">drv_mag_memsic_mmc3680kj_write</a> from drv_mag_temp_memsic_mmc3680kj.o(i.drv_mag_memsic_mmc3680kj_write) referenced from drv_mag_temp_memsic_mmc3680kj.o(i.drv_mag_memsic_mmc3680kj_init)
 <LI><a href="#[e3]">drv_ps_liteon_ltr553_close</a> from drv_als_ps_liteon_ltr553.o(i.drv_ps_liteon_ltr553_close) referenced from drv_als_ps_liteon_ltr553.o(i.drv_ps_liteon_ltr553_init)
 <LI><a href="#[e6]">drv_ps_liteon_ltr553_ioctl</a> from drv_als_ps_liteon_ltr553.o(i.drv_ps_liteon_ltr553_ioctl) referenced from drv_als_ps_liteon_ltr553.o(i.drv_ps_liteon_ltr553_init)
 <LI><a href="#[e7]">drv_ps_liteon_ltr553_irq_handle</a> from drv_als_ps_liteon_ltr553.o(i.drv_ps_liteon_ltr553_irq_handle) referenced from drv_als_ps_liteon_ltr553.o(i.drv_ps_liteon_ltr553_init)
 <LI><a href="#[e2]">drv_ps_liteon_ltr553_open</a> from drv_als_ps_liteon_ltr553.o(i.drv_ps_liteon_ltr553_open) referenced from drv_als_ps_liteon_ltr553.o(i.drv_ps_liteon_ltr553_init)
 <LI><a href="#[e4]">drv_ps_liteon_ltr553_read</a> from drv_als_ps_liteon_ltr553.o(i.drv_ps_liteon_ltr553_read) referenced from drv_als_ps_liteon_ltr553.o(i.drv_ps_liteon_ltr553_init)
 <LI><a href="#[e5]">drv_ps_liteon_ltr553_write</a> from drv_als_ps_liteon_ltr553.o(i.drv_ps_liteon_ltr553_write) referenced from drv_als_ps_liteon_ltr553.o(i.drv_ps_liteon_ltr553_init)
 <LI><a href="#[e9]">drv_temp_sensirion_shtc1_close</a> from drv_temp_humi_sensirion_shtc1.o(i.drv_temp_sensirion_shtc1_close) referenced from drv_temp_humi_sensirion_shtc1.o(i.drv_temp_sensirion_shtc1_init)
 <LI><a href="#[ec]">drv_temp_sensirion_shtc1_ioctl</a> from drv_temp_humi_sensirion_shtc1.o(i.drv_temp_sensirion_shtc1_ioctl) referenced from drv_temp_humi_sensirion_shtc1.o(i.drv_temp_sensirion_shtc1_init)
 <LI><a href="#[ed]">drv_temp_sensirion_shtc1_irq_handle</a> from drv_temp_humi_sensirion_shtc1.o(i.drv_temp_sensirion_shtc1_irq_handle) referenced from drv_temp_humi_sensirion_shtc1.o(i.drv_temp_sensirion_shtc1_init)
 <LI><a href="#[e8]">drv_temp_sensirion_shtc1_open</a> from drv_temp_humi_sensirion_shtc1.o(i.drv_temp_sensirion_shtc1_open) referenced from drv_temp_humi_sensirion_shtc1.o(i.drv_temp_sensirion_shtc1_init)
 <LI><a href="#[ea]">drv_temp_sensirion_shtc1_read</a> from drv_temp_humi_sensirion_shtc1.o(i.drv_temp_sensirion_shtc1_read) referenced from drv_temp_humi_sensirion_shtc1.o(i.drv_temp_sensirion_shtc1_init)
 <LI><a href="#[eb]">drv_temp_sensirion_shtc1_write</a> from drv_temp_humi_sensirion_shtc1.o(i.drv_temp_sensirion_shtc1_write) referenced from drv_temp_humi_sensirion_shtc1.o(i.drv_temp_sensirion_shtc1_init)
 <LI><a href="#[ee]">dyn_mem_proc_task</a> from k_dyn_mem_proc.o(i.dyn_mem_proc_task) referenced from k_dyn_mem_proc.o(i.dyn_mem_proc_task_start)
 <LI><a href="#[136]">event_close</a> from device.o(i.event_close) referenced from device.o(.constdata)
 <LI><a href="#[139]">event_ioctl</a> from device.o(i.event_ioctl) referenced from device.o(.constdata)
 <LI><a href="#[135]">event_open</a> from device.o(i.event_open) referenced from device.o(.constdata)
 <LI><a href="#[13a]">event_poll</a> from device.o(i.event_poll) referenced from device.o(.constdata)
 <LI><a href="#[137]">event_read</a> from device.o(i.event_read) referenced from device.o(.constdata)
 <LI><a href="#[138]">event_write</a> from device.o(i.event_write) referenced from device.o(.constdata)
 <LI><a href="#[129]">fatfs_close</a> from fatfs.o(i.fatfs_close) referenced from fatfs.o(.constdata)
 <LI><a href="#[133]">fatfs_closedir</a> from fatfs.o(i.fatfs_closedir) referenced from fatfs.o(.constdata)
 <LI><a href="#[12c]">fatfs_lseek</a> from fatfs.o(i.fatfs_lseek) referenced from fatfs.o(.constdata)
 <LI><a href="#[134]">fatfs_mkdir</a> from fatfs.o(i.fatfs_mkdir) referenced from fatfs.o(.constdata)
 <LI><a href="#[128]">fatfs_open</a> from fatfs.o(i.fatfs_open) referenced from fatfs.o(.constdata)
 <LI><a href="#[131]">fatfs_opendir</a> from fatfs.o(i.fatfs_opendir) referenced from fatfs.o(.constdata)
 <LI><a href="#[12a]">fatfs_read</a> from fatfs.o(i.fatfs_read) referenced from fatfs.o(.constdata)
 <LI><a href="#[132]">fatfs_readdir</a> from fatfs.o(i.fatfs_readdir) referenced from fatfs.o(.constdata)
 <LI><a href="#[130]">fatfs_rename</a> from fatfs.o(i.fatfs_rename) referenced from fatfs.o(.constdata)
 <LI><a href="#[12e]">fatfs_stat</a> from fatfs.o(i.fatfs_stat) referenced from fatfs.o(.constdata)
 <LI><a href="#[12d]">fatfs_sync</a> from fatfs.o(i.fatfs_sync) referenced from fatfs.o(.constdata)
 <LI><a href="#[12f]">fatfs_unlink</a> from fatfs.o(i.fatfs_unlink) referenced from fatfs.o(.constdata)
 <LI><a href="#[12b]">fatfs_write</a> from fatfs.o(i.fatfs_write) referenced from fatfs.o(.constdata)
 <LI><a href="#[b5]">fputc</a> from soc_init.o(i.fputc) referenced from printfa.o(i.__0printf)
 <LI><a href="#[b5]">fputc</a> from soc_init.o(i.fputc) referenced from printfa.o(i.__0vprintf)
 <LI><a href="#[5]">gc0329_Config</a> from gc0329.o(i.gc0329_Config) referenced 2 times from gc0329.o(.data)
 <LI><a href="#[3]">gc0329_Init</a> from gc0329.o(i.gc0329_Init) referenced 2 times from gc0329.o(.data)
 <LI><a href="#[4]">gc0329_ReadID</a> from gc0329.o(i.gc0329_ReadID) referenced 2 times from gc0329.o(.data)
 <LI><a href="#[f8]">handle_at</a> from atdemo.o(i.handle_at) referenced from atdemo.o(.constdata)
 <LI><a href="#[ef]">idle_task</a> from k_idle.o(i.idle_task) referenced from k_sys.o(i.krhino_init)
 <LI><a href="#[bb]">krhino_task_deathbed</a> from k_task.o(i.krhino_task_deathbed) referenced from port_c.o(i.cpu_task_stack_init)
 <LI><a href="#[74]">main</a> from main_1.o(i.main) referenced from entry9a.o(.ARM.Collect$$$$0000000B)
 <LI><a href="#[c]">memcpy</a> from memmove.o(.text) referenced 2 times from gui__private.o(.data)
 <LI><a href="#[b]">memset</a> from memseta.o(.text) referenced 2 times from gui__private.o(.data)
 <LI><a href="#[124]">sensor_close</a> from sensor_hal.o(i.sensor_close) referenced from sensor_hal.o(.constdata)
 <LI><a href="#[127]">sensor_ioctl</a> from sensor_hal.o(i.sensor_ioctl) referenced from sensor_hal.o(.constdata)
 <LI><a href="#[123]">sensor_open</a> from sensor_hal.o(i.sensor_open) referenced from sensor_hal.o(.constdata)
 <LI><a href="#[125]">sensor_read</a> from sensor_hal.o(i.sensor_read) referenced from sensor_hal.o(.constdata)
 <LI><a href="#[126]">sensor_write</a> from sensor_hal.o(i.sensor_write) referenced from sensor_hal.o(.constdata)
 <LI><a href="#[2]">soc_err_proc</a> from soc_impl.o(i.soc_err_proc) referenced 2 times from soc_impl.o(.data)
 <LI><a href="#[bc]">straight_16</a> from crc16.o(i.straight_16) referenced from crc16.o(i.crc16ccitt)
 <LI><a href="#[bd]">straight_8</a> from crc16.o(i.straight_8) referenced from crc16.o(i.crc16ccitt)
 <LI><a href="#[f1]">timer_task</a> from k_timer.o(i.timer_task) referenced from k_timer.o(i.ktimer_init)
 <LI><a href="#[b9]">uData_report_demo</a> from main_1.o(i.uData_report_demo) referenced from main_1.o(i.application_start)
 <LI><a href="#[f6]">uData_service_dispatcher</a> from service_mgr.o(i.uData_service_dispatcher) referenced from service_mgr.o(i.uData_service_mgr_init)
 <LI><a href="#[f5]">vfs_poll_notify</a> from vfs.o(i.vfs_poll_notify) referenced from vfs.o(i.pre_poll)
 <LI><a href="#[f3]">wifi_cmd_task</a> from atdemo.o(i.wifi_cmd_task) referenced from main_1.o(i.main)
 <LI><a href="#[f0]">worker_task</a> from k_workqueue.o(i.worker_task) referenced from k_workqueue.o(i.krhino_workqueue_create)
</UL>
<P>
<H3>
Global Symbols
</H3>
<P><STRONG><a name="[76]"></a>__main</STRONG> (Thumb, 0 bytes, Stack size unknown bytes, entry.o(.ARM.Collect$$$$00000000))
<BR>[Address Reference Count : 1]<UL><LI> startup_stm32l496xx_keil.o(.text)
</UL>
<P><STRONG><a name="[54d]"></a>_main_stk</STRONG> (Thumb, 0 bytes, Stack size unknown bytes, entry2.o(.ARM.Collect$$$$00000001))

<P><STRONG><a name="[191]"></a>_main_scatterload</STRONG> (Thumb, 0 bytes, Stack size unknown bytes, entry5.o(.ARM.Collect$$$$00000004))
<BR><BR>[Calls]<UL><LI><a href="#[192]">&gt;&gt;</a>&nbsp;&nbsp;&nbsp;__scatterload
</UL>

<P><STRONG><a name="[1a4]"></a>__main_after_scatterload</STRONG> (Thumb, 0 bytes, Stack size unknown bytes, entry5.o(.ARM.Collect$$$$00000004))
<BR><BR>[Called By]<UL><LI><a href="#[192]">&gt;&gt;</a>&nbsp;&nbsp;&nbsp;__scatterload
</UL>

<P><STRONG><a name="[54e]"></a>_main_clock</STRONG> (Thumb, 0 bytes, Stack size unknown bytes, entry7b.o(.ARM.Collect$$$$00000008))

<P><STRONG><a name="[54f]"></a>_main_cpp_init</STRONG> (Thumb, 0 bytes, Stack size unknown bytes, entry8b.o(.ARM.Collect$$$$0000000A))

<P><STRONG><a name="[550]"></a>_main_init</STRONG> (Thumb, 0 bytes, Stack size unknown bytes, entry9a.o(.ARM.Collect$$$$0000000B))

<P><STRONG><a name="[551]"></a>__rt_final_cpp</STRONG> (Thumb, 0 bytes, Stack size unknown bytes, entry10a.o(.ARM.Collect$$$$0000000D))

<P><STRONG><a name="[552]"></a>__rt_final_exit</STRONG> (Thumb, 0 bytes, Stack size unknown bytes, entry11a.o(.ARM.Collect$$$$0000000F))

<P><STRONG><a name="[43b]"></a>cpu_intrpt_save</STRONG> (Thumb, 0 bytes, Stack size unknown bytes, port_c_1.o(.text))
<BR><BR>[Called By]<UL><LI><a href="#[502]">&gt;&gt;</a>&nbsp;&nbsp;&nbsp;krhino_queue_recv
<LI><a href="#[501]">&gt;&gt;</a>&nbsp;&nbsp;&nbsp;queue_create
<LI><a href="#[4ff]">&gt;&gt;</a>&nbsp;&nbsp;&nbsp;msg_send
<LI><a href="#[4f9]">&gt;&gt;</a>&nbsp;&nbsp;&nbsp;mutex_create
<LI><a href="#[4f8]">&gt;&gt;</a>&nbsp;&nbsp;&nbsp;krhino_mblk_pool_init
<LI><a href="#[4ea]">&gt;&gt;</a>&nbsp;&nbsp;&nbsp;krhino_mblk_free
<LI><a href="#[4e4]">&gt;&gt;</a>&nbsp;&nbsp;&nbsp;krhino_mblk_alloc
<LI><a href="#[4e8]">&gt;&gt;</a>&nbsp;&nbsp;&nbsp;krhino_init_mm_head
<LI><a href="#[4e9]">&gt;&gt;</a>&nbsp;&nbsp;&nbsp;krhino_add_mm_region
<LI><a href="#[4e5]">&gt;&gt;</a>&nbsp;&nbsp;&nbsp;k_mm_free
<LI><a href="#[4e3]">&gt;&gt;</a>&nbsp;&nbsp;&nbsp;k_mm_alloc
<LI><a href="#[ef]">&gt;&gt;</a>&nbsp;&nbsp;&nbsp;idle_task
<LI><a href="#[ee]">&gt;&gt;</a>&nbsp;&nbsp;&nbsp;dyn_mem_proc_task
<LI><a href="#[443]">&gt;&gt;</a>&nbsp;&nbsp;&nbsp;core_sched
<LI><a href="#[43e]">&gt;&gt;</a>&nbsp;&nbsp;&nbsp;buf_queue_send
<LI><a href="#[43a]">&gt;&gt;</a>&nbsp;&nbsp;&nbsp;buf_queue_create
<LI><a href="#[51a]">&gt;&gt;</a>&nbsp;&nbsp;&nbsp;workqueue_is_exist
<LI><a href="#[f0]">&gt;&gt;</a>&nbsp;&nbsp;&nbsp;worker_task
<LI><a href="#[518]">&gt;&gt;</a>&nbsp;&nbsp;&nbsp;timer_create
<LI><a href="#[517]">&gt;&gt;</a>&nbsp;&nbsp;&nbsp;tick_list_update
<LI><a href="#[515]">&gt;&gt;</a>&nbsp;&nbsp;&nbsp;task_resume
<LI><a href="#[50b]">&gt;&gt;</a>&nbsp;&nbsp;&nbsp;krhino_task_del
<LI><a href="#[50a]">&gt;&gt;</a>&nbsp;&nbsp;&nbsp;task_create
<LI><a href="#[505]">&gt;&gt;</a>&nbsp;&nbsp;&nbsp;sem_give
<LI><a href="#[503]">&gt;&gt;</a>&nbsp;&nbsp;&nbsp;sem_create
<LI><a href="#[1ba]">&gt;&gt;</a>&nbsp;&nbsp;&nbsp;krhino_task_sleep
<LI><a href="#[429]">&gt;&gt;</a>&nbsp;&nbsp;&nbsp;krhino_sem_take
<LI><a href="#[2a7]">&gt;&gt;</a>&nbsp;&nbsp;&nbsp;krhino_mutex_unlock
<LI><a href="#[2a6]">&gt;&gt;</a>&nbsp;&nbsp;&nbsp;krhino_mutex_lock
<LI><a href="#[2a2]">&gt;&gt;</a>&nbsp;&nbsp;&nbsp;krhino_cur_task_get
<LI><a href="#[1c1]">&gt;&gt;</a>&nbsp;&nbsp;&nbsp;krhino_intrpt_exit
<LI><a href="#[1bf]">&gt;&gt;</a>&nbsp;&nbsp;&nbsp;krhino_intrpt_enter
<LI><a href="#[519]">&gt;&gt;</a>&nbsp;&nbsp;&nbsp;krhino_workqueue_create
<LI><a href="#[42e]">&gt;&gt;</a>&nbsp;&nbsp;&nbsp;krhino_task_info_set
<LI><a href="#[50c]">&gt;&gt;</a>&nbsp;&nbsp;&nbsp;krhino_task_dyn_del
<LI><a href="#[425]">&gt;&gt;</a>&nbsp;&nbsp;&nbsp;krhino_sem_del
<LI><a href="#[417]">&gt;&gt;</a>&nbsp;&nbsp;&nbsp;krhino_mutex_del
<LI><a href="#[351]">&gt;&gt;</a>&nbsp;&nbsp;&nbsp;krhino_buf_queue_recv
</UL>

<P><STRONG><a name="[43c]"></a>cpu_intrpt_restore</STRONG> (Thumb, 0 bytes, Stack size unknown bytes, port_c_1.o(.text))
<BR><BR>[Called By]<UL><LI><a href="#[502]">&gt;&gt;</a>&nbsp;&nbsp;&nbsp;krhino_queue_recv
<LI><a href="#[501]">&gt;&gt;</a>&nbsp;&nbsp;&nbsp;queue_create
<LI><a href="#[4ff]">&gt;&gt;</a>&nbsp;&nbsp;&nbsp;msg_send
<LI><a href="#[4f9]">&gt;&gt;</a>&nbsp;&nbsp;&nbsp;mutex_create
<LI><a href="#[4f8]">&gt;&gt;</a>&nbsp;&nbsp;&nbsp;krhino_mblk_pool_init
<LI><a href="#[4ea]">&gt;&gt;</a>&nbsp;&nbsp;&nbsp;krhino_mblk_free
<LI><a href="#[4e4]">&gt;&gt;</a>&nbsp;&nbsp;&nbsp;krhino_mblk_alloc
<LI><a href="#[4e8]">&gt;&gt;</a>&nbsp;&nbsp;&nbsp;krhino_init_mm_head
<LI><a href="#[4e9]">&gt;&gt;</a>&nbsp;&nbsp;&nbsp;krhino_add_mm_region
<LI><a href="#[4e5]">&gt;&gt;</a>&nbsp;&nbsp;&nbsp;k_mm_free
<LI><a href="#[4e3]">&gt;&gt;</a>&nbsp;&nbsp;&nbsp;k_mm_alloc
<LI><a href="#[ef]">&gt;&gt;</a>&nbsp;&nbsp;&nbsp;idle_task
<LI><a href="#[ee]">&gt;&gt;</a>&nbsp;&nbsp;&nbsp;dyn_mem_proc_task
<LI><a href="#[443]">&gt;&gt;</a>&nbsp;&nbsp;&nbsp;core_sched
<LI><a href="#[43e]">&gt;&gt;</a>&nbsp;&nbsp;&nbsp;buf_queue_send
<LI><a href="#[43a]">&gt;&gt;</a>&nbsp;&nbsp;&nbsp;buf_queue_create
<LI><a href="#[51a]">&gt;&gt;</a>&nbsp;&nbsp;&nbsp;workqueue_is_exist
<LI><a href="#[f0]">&gt;&gt;</a>&nbsp;&nbsp;&nbsp;worker_task
<LI><a href="#[518]">&gt;&gt;</a>&nbsp;&nbsp;&nbsp;timer_create
<LI><a href="#[517]">&gt;&gt;</a>&nbsp;&nbsp;&nbsp;tick_list_update
<LI><a href="#[515]">&gt;&gt;</a>&nbsp;&nbsp;&nbsp;task_resume
<LI><a href="#[50b]">&gt;&gt;</a>&nbsp;&nbsp;&nbsp;krhino_task_del
<LI><a href="#[50a]">&gt;&gt;</a>&nbsp;&nbsp;&nbsp;task_create
<LI><a href="#[505]">&gt;&gt;</a>&nbsp;&nbsp;&nbsp;sem_give
<LI><a href="#[503]">&gt;&gt;</a>&nbsp;&nbsp;&nbsp;sem_create
<LI><a href="#[1ba]">&gt;&gt;</a>&nbsp;&nbsp;&nbsp;krhino_task_sleep
<LI><a href="#[429]">&gt;&gt;</a>&nbsp;&nbsp;&nbsp;krhino_sem_take
<LI><a href="#[2a7]">&gt;&gt;</a>&nbsp;&nbsp;&nbsp;krhino_mutex_unlock
<LI><a href="#[2a6]">&gt;&gt;</a>&nbsp;&nbsp;&nbsp;krhino_mutex_lock
<LI><a href="#[2a2]">&gt;&gt;</a>&nbsp;&nbsp;&nbsp;krhino_cur_task_get
<LI><a href="#[1c1]">&gt;&gt;</a>&nbsp;&nbsp;&nbsp;krhino_intrpt_exit
<LI><a href="#[1bf]">&gt;&gt;</a>&nbsp;&nbsp;&nbsp;krhino_intrpt_enter
<LI><a href="#[519]">&gt;&gt;</a>&nbsp;&nbsp;&nbsp;krhino_workqueue_create
<LI><a href="#[42e]">&gt;&gt;</a>&nbsp;&nbsp;&nbsp;krhino_task_info_set
<LI><a href="#[50c]">&gt;&gt;</a>&nbsp;&nbsp;&nbsp;krhino_task_dyn_del
<LI><a href="#[425]">&gt;&gt;</a>&nbsp;&nbsp;&nbsp;krhino_sem_del
<LI><a href="#[417]">&gt;&gt;</a>&nbsp;&nbsp;&nbsp;krhino_mutex_del
<LI><a href="#[351]">&gt;&gt;</a>&nbsp;&nbsp;&nbsp;krhino_buf_queue_recv
</UL>

<P><STRONG><a name="[508]"></a>cpu_first_task_start</STRONG> (Thumb, 0 bytes, Stack size unknown bytes, port_c_1.o(.text))
<BR><BR>[Called By]<UL><LI><a href="#[506]">&gt;&gt;</a>&nbsp;&nbsp;&nbsp;krhino_start
</UL>

<P><STRONG><a name="[44f]"></a>cpu_task_switch</STRONG> (Thumb, 0 bytes, Stack size unknown bytes, port_c_1.o(.text))
<BR><BR>[Called By]<UL><LI><a href="#[443]">&gt;&gt;</a>&nbsp;&nbsp;&nbsp;core_sched
</UL>

<P><STRONG><a name="[4f7]"></a>cpu_intrpt_switch</STRONG> (Thumb, 0 bytes, Stack size unknown bytes, port_c_1.o(.text))
<BR><BR>[Called By]<UL><LI><a href="#[1c1]">&gt;&gt;</a>&nbsp;&nbsp;&nbsp;krhino_intrpt_exit
</UL>

<P><STRONG><a name="[18]"></a>PendSV_Handler</STRONG> (Thumb, 0 bytes, Stack size unknown bytes, port_c_1.o(.text))
<BR><BR>[Stack]<UL><LI>Max Depth = 16 + Unknown Stack Size
<LI>Call Chain = PendSV_Handler &rArr; krhino_stack_ovf_check
</UL>
<BR>[Calls]<UL><LI><a href="#[193]">&gt;&gt;</a>&nbsp;&nbsp;&nbsp;krhino_stack_ovf_check
</UL>
<BR>[Address Reference Count : 1]<UL><LI> startup_stm32l496xx_keil.o(RESET)
</UL>
<P><STRONG><a name="[10]"></a>Reset_Handler</STRONG> (Thumb, 8 bytes, Stack size 0 bytes, startup_stm32l496xx_keil.o(.text))
<BR>[Address Reference Count : 1]<UL><LI> startup_stm32l496xx_keil.o(RESET)
</UL>
<P><STRONG><a name="[2c]"></a>ADC1_2_IRQHandler</STRONG> (Thumb, 0 bytes, Stack size 0 bytes, startup_stm32l496xx_keil.o(.text))
<BR><BR>[Calls]<UL><LI><a href="#[2c]">&gt;&gt;</a>&nbsp;&nbsp;&nbsp;ADC1_2_IRQHandler
</UL>
<BR>[Called By]<UL><LI><a href="#[2c]">&gt;&gt;</a>&nbsp;&nbsp;&nbsp;ADC1_2_IRQHandler
</UL>
<BR>[Address Reference Count : 1]<UL><LI> startup_stm32l496xx_keil.o(RESET)
</UL>
<P><STRONG><a name="[49]"></a>ADC3_IRQHandler</STRONG> (Thumb, 0 bytes, Stack size 0 bytes, startup_stm32l496xx_keil.o(.text))
<BR>[Address Reference Count : 1]<UL><LI> startup_stm32l496xx_keil.o(RESET)
</UL>
<P><STRONG><a name="[2e]"></a>CAN1_RX0_IRQHandler</STRONG> (Thumb, 0 bytes, Stack size 0 bytes, startup_stm32l496xx_keil.o(.text))
<BR>[Address Reference Count : 1]<UL><LI> startup_stm32l496xx_keil.o(RESET)
</UL>
<P><STRONG><a name="[2f]"></a>CAN1_RX1_IRQHandler</STRONG> (Thumb, 0 bytes, Stack size 0 bytes, startup_stm32l496xx_keil.o(.text))
<BR>[Address Reference Count : 1]<UL><LI> startup_stm32l496xx_keil.o(RESET)
</UL>
<P><STRONG><a name="[30]"></a>CAN1_SCE_IRQHandler</STRONG> (Thumb, 0 bytes, Stack size 0 bytes, startup_stm32l496xx_keil.o(.text))
<BR>[Address Reference Count : 1]<UL><LI> startup_stm32l496xx_keil.o(RESET)
</UL>
<P><STRONG><a name="[2d]"></a>CAN1_TX_IRQHandler</STRONG> (Thumb, 0 bytes, Stack size 0 bytes, startup_stm32l496xx_keil.o(.text))
<BR>[Address Reference Count : 1]<UL><LI> startup_stm32l496xx_keil.o(RESET)
</UL>
<P><STRONG><a name="[70]"></a>CAN2_RX0_IRQHandler</STRONG> (Thumb, 0 bytes, Stack size 0 bytes, startup_stm32l496xx_keil.o(.text))
<BR>[Address Reference Count : 1]<UL><LI> startup_stm32l496xx_keil.o(RESET)
</UL>
<P><STRONG><a name="[71]"></a>CAN2_RX1_IRQHandler</STRONG> (Thumb, 0 bytes, Stack size 0 bytes, startup_stm32l496xx_keil.o(.text))
<BR>[Address Reference Count : 1]<UL><LI> startup_stm32l496xx_keil.o(RESET)
</UL>
<P><STRONG><a name="[72]"></a>CAN2_SCE_IRQHandler</STRONG> (Thumb, 0 bytes, Stack size 0 bytes, startup_stm32l496xx_keil.o(.text))
<BR>[Address Reference Count : 1]<UL><LI> startup_stm32l496xx_keil.o(RESET)
</UL>
<P><STRONG><a name="[6f]"></a>CAN2_TX_IRQHandler</STRONG> (Thumb, 0 bytes, Stack size 0 bytes, startup_stm32l496xx_keil.o(.text))
<BR>[Address Reference Count : 1]<UL><LI> startup_stm32l496xx_keil.o(RESET)
</UL>
<P><STRONG><a name="[5a]"></a>COMP_IRQHandler</STRONG> (Thumb, 0 bytes, Stack size 0 bytes, startup_stm32l496xx_keil.o(.text))
<BR>[Address Reference Count : 1]<UL><LI> startup_stm32l496xx_keil.o(RESET)
</UL>
<P><STRONG><a name="[6b]"></a>CRS_IRQHandler</STRONG> (Thumb, 0 bytes, Stack size 0 bytes, startup_stm32l496xx_keil.o(.text))
<BR>[Address Reference Count : 1]<UL><LI> startup_stm32l496xx_keil.o(RESET)
</UL>
<P><STRONG><a name="[57]"></a>DFSDM1_FLT0_IRQHandler</STRONG> (Thumb, 0 bytes, Stack size 0 bytes, startup_stm32l496xx_keil.o(.text))
<BR>[Address Reference Count : 1]<UL><LI> startup_stm32l496xx_keil.o(RESET)
</UL>
<P><STRONG><a name="[58]"></a>DFSDM1_FLT1_IRQHandler</STRONG> (Thumb, 0 bytes, Stack size 0 bytes, startup_stm32l496xx_keil.o(.text))
<BR>[Address Reference Count : 1]<UL><LI> startup_stm32l496xx_keil.o(RESET)
</UL>
<P><STRONG><a name="[59]"></a>DFSDM1_FLT2_IRQHandler</STRONG> (Thumb, 0 bytes, Stack size 0 bytes, startup_stm32l496xx_keil.o(.text))
<BR>[Address Reference Count : 1]<UL><LI> startup_stm32l496xx_keil.o(RESET)
</UL>
<P><STRONG><a name="[44]"></a>DFSDM1_FLT3_IRQHandler</STRONG> (Thumb, 0 bytes, Stack size 0 bytes, startup_stm32l496xx_keil.o(.text))
<BR>[Address Reference Count : 1]<UL><LI> startup_stm32l496xx_keil.o(RESET)
</UL>
<P><STRONG><a name="[25]"></a>DMA1_Channel1_IRQHandler</STRONG> (Thumb, 0 bytes, Stack size 0 bytes, startup_stm32l496xx_keil.o(.text))
<BR>[Address Reference Count : 1]<UL><LI> startup_stm32l496xx_keil.o(RESET)
</UL>
<P><STRONG><a name="[26]"></a>DMA1_Channel2_IRQHandler</STRONG> (Thumb, 0 bytes, Stack size 0 bytes, startup_stm32l496xx_keil.o(.text))
<BR>[Address Reference Count : 1]<UL><LI> startup_stm32l496xx_keil.o(RESET)
</UL>
<P><STRONG><a name="[27]"></a>DMA1_Channel3_IRQHandler</STRONG> (Thumb, 0 bytes, Stack size 0 bytes, startup_stm32l496xx_keil.o(.text))
<BR>[Address Reference Count : 1]<UL><LI> startup_stm32l496xx_keil.o(RESET)
</UL>
<P><STRONG><a name="[28]"></a>DMA1_Channel4_IRQHandler</STRONG> (Thumb, 0 bytes, Stack size 0 bytes, startup_stm32l496xx_keil.o(.text))
<BR>[Address Reference Count : 1]<UL><LI> startup_stm32l496xx_keil.o(RESET)
</UL>
<P><STRONG><a name="[29]"></a>DMA1_Channel5_IRQHandler</STRONG> (Thumb, 0 bytes, Stack size 0 bytes, startup_stm32l496xx_keil.o(.text))
<BR>[Address Reference Count : 1]<UL><LI> startup_stm32l496xx_keil.o(RESET)
</UL>
<P><STRONG><a name="[2b]"></a>DMA1_Channel7_IRQHandler</STRONG> (Thumb, 0 bytes, Stack size 0 bytes, startup_stm32l496xx_keil.o(.text))
<BR>[Address Reference Count : 1]<UL><LI> startup_stm32l496xx_keil.o(RESET)
</UL>
<P><STRONG><a name="[73]"></a>DMA2D_IRQHandler</STRONG> (Thumb, 0 bytes, Stack size 0 bytes, startup_stm32l496xx_keil.o(.text))
<BR>[Address Reference Count : 1]<UL><LI> startup_stm32l496xx_keil.o(RESET)
</UL>
<P><STRONG><a name="[52]"></a>DMA2_Channel1_IRQHandler</STRONG> (Thumb, 0 bytes, Stack size 0 bytes, startup_stm32l496xx_keil.o(.text))
<BR>[Address Reference Count : 1]<UL><LI> startup_stm32l496xx_keil.o(RESET)
</UL>
<P><STRONG><a name="[53]"></a>DMA2_Channel2_IRQHandler</STRONG> (Thumb, 0 bytes, Stack size 0 bytes, startup_stm32l496xx_keil.o(.text))
<BR>[Address Reference Count : 1]<UL><LI> startup_stm32l496xx_keil.o(RESET)
</UL>
<P><STRONG><a name="[54]"></a>DMA2_Channel3_IRQHandler</STRONG> (Thumb, 0 bytes, Stack size 0 bytes, startup_stm32l496xx_keil.o(.text))
<BR>[Address Reference Count : 1]<UL><LI> startup_stm32l496xx_keil.o(RESET)
</UL>
<P><STRONG><a name="[55]"></a>DMA2_Channel4_IRQHandler</STRONG> (Thumb, 0 bytes, Stack size 0 bytes, startup_stm32l496xx_keil.o(.text))
<BR>[Address Reference Count : 1]<UL><LI> startup_stm32l496xx_keil.o(RESET)
</UL>
<P><STRONG><a name="[56]"></a>DMA2_Channel5_IRQHandler</STRONG> (Thumb, 0 bytes, Stack size 0 bytes, startup_stm32l496xx_keil.o(.text))
<BR>[Address Reference Count : 1]<UL><LI> startup_stm32l496xx_keil.o(RESET)
</UL>
<P><STRONG><a name="[5f]"></a>DMA2_Channel7_IRQHandler</STRONG> (Thumb, 0 bytes, Stack size 0 bytes, startup_stm32l496xx_keil.o(.text))
<BR>[Address Reference Count : 1]<UL><LI> startup_stm32l496xx_keil.o(RESET)
</UL>
<P><STRONG><a name="[20]"></a>EXTI0_IRQHandler</STRONG> (Thumb, 0 bytes, Stack size 0 bytes, startup_stm32l496xx_keil.o(.text))
<BR>[Address Reference Count : 1]<UL><LI> startup_stm32l496xx_keil.o(RESET)
</UL>
<P><STRONG><a name="[21]"></a>EXTI1_IRQHandler</STRONG> (Thumb, 0 bytes, Stack size 0 bytes, startup_stm32l496xx_keil.o(.text))
<BR>[Address Reference Count : 1]<UL><LI> startup_stm32l496xx_keil.o(RESET)
</UL>
<P><STRONG><a name="[22]"></a>EXTI2_IRQHandler</STRONG> (Thumb, 0 bytes, Stack size 0 bytes, startup_stm32l496xx_keil.o(.text))
<BR>[Address Reference Count : 1]<UL><LI> startup_stm32l496xx_keil.o(RESET)
</UL>
<P><STRONG><a name="[23]"></a>EXTI3_IRQHandler</STRONG> (Thumb, 0 bytes, Stack size 0 bytes, startup_stm32l496xx_keil.o(.text))
<BR>[Address Reference Count : 1]<UL><LI> startup_stm32l496xx_keil.o(RESET)
</UL>
<P><STRONG><a name="[24]"></a>EXTI4_IRQHandler</STRONG> (Thumb, 0 bytes, Stack size 0 bytes, startup_stm32l496xx_keil.o(.text))
<BR>[Address Reference Count : 1]<UL><LI> startup_stm32l496xx_keil.o(RESET)
</UL>
<P><STRONG><a name="[1e]"></a>FLASH_IRQHandler</STRONG> (Thumb, 0 bytes, Stack size 0 bytes, startup_stm32l496xx_keil.o(.text))
<BR>[Address Reference Count : 1]<UL><LI> startup_stm32l496xx_keil.o(RESET)
</UL>
<P><STRONG><a name="[4a]"></a>FMC_IRQHandler</STRONG> (Thumb, 0 bytes, Stack size 0 bytes, startup_stm32l496xx_keil.o(.text))
<BR>[Address Reference Count : 1]<UL><LI> startup_stm32l496xx_keil.o(RESET)
</UL>
<P><STRONG><a name="[6a]"></a>FPU_IRQHandler</STRONG> (Thumb, 0 bytes, Stack size 0 bytes, startup_stm32l496xx_keil.o(.text))
<BR>[Address Reference Count : 1]<UL><LI> startup_stm32l496xx_keil.o(RESET)
</UL>
<P><STRONG><a name="[3a]"></a>I2C1_ER_IRQHandler</STRONG> (Thumb, 0 bytes, Stack size 0 bytes, startup_stm32l496xx_keil.o(.text))
<BR>[Address Reference Count : 1]<UL><LI> startup_stm32l496xx_keil.o(RESET)
</UL>
<P><STRONG><a name="[39]"></a>I2C1_EV_IRQHandler</STRONG> (Thumb, 0 bytes, Stack size 0 bytes, startup_stm32l496xx_keil.o(.text))
<BR>[Address Reference Count : 1]<UL><LI> startup_stm32l496xx_keil.o(RESET)
</UL>
<P><STRONG><a name="[3c]"></a>I2C2_ER_IRQHandler</STRONG> (Thumb, 0 bytes, Stack size 0 bytes, startup_stm32l496xx_keil.o(.text))
<BR>[Address Reference Count : 1]<UL><LI> startup_stm32l496xx_keil.o(RESET)
</UL>
<P><STRONG><a name="[3b]"></a>I2C2_EV_IRQHandler</STRONG> (Thumb, 0 bytes, Stack size 0 bytes, startup_stm32l496xx_keil.o(.text))
<BR>[Address Reference Count : 1]<UL><LI> startup_stm32l496xx_keil.o(RESET)
</UL>
<P><STRONG><a name="[63]"></a>I2C3_ER_IRQHandler</STRONG> (Thumb, 0 bytes, Stack size 0 bytes, startup_stm32l496xx_keil.o(.text))
<BR>[Address Reference Count : 1]<UL><LI> startup_stm32l496xx_keil.o(RESET)
</UL>
<P><STRONG><a name="[62]"></a>I2C3_EV_IRQHandler</STRONG> (Thumb, 0 bytes, Stack size 0 bytes, startup_stm32l496xx_keil.o(.text))
<BR>[Address Reference Count : 1]<UL><LI> startup_stm32l496xx_keil.o(RESET)
</UL>
<P><STRONG><a name="[6d]"></a>I2C4_ER_IRQHandler</STRONG> (Thumb, 0 bytes, Stack size 0 bytes, startup_stm32l496xx_keil.o(.text))
<BR>[Address Reference Count : 1]<UL><LI> startup_stm32l496xx_keil.o(RESET)
</UL>
<P><STRONG><a name="[6c]"></a>I2C4_EV_IRQHandler</STRONG> (Thumb, 0 bytes, Stack size 0 bytes, startup_stm32l496xx_keil.o(.text))
<BR>[Address Reference Count : 1]<UL><LI> startup_stm32l496xx_keil.o(RESET)
</UL>
<P><STRONG><a name="[68]"></a>LCD_IRQHandler</STRONG> (Thumb, 0 bytes, Stack size 0 bytes, startup_stm32l496xx_keil.o(.text))
<BR>[Address Reference Count : 1]<UL><LI> startup_stm32l496xx_keil.o(RESET)
</UL>
<P><STRONG><a name="[5b]"></a>LPTIM1_IRQHandler</STRONG> (Thumb, 0 bytes, Stack size 0 bytes, startup_stm32l496xx_keil.o(.text))
<BR>[Address Reference Count : 1]<UL><LI> startup_stm32l496xx_keil.o(RESET)
</UL>
<P><STRONG><a name="[5c]"></a>LPTIM2_IRQHandler</STRONG> (Thumb, 0 bytes, Stack size 0 bytes, startup_stm32l496xx_keil.o(.text))
<BR>[Address Reference Count : 1]<UL><LI> startup_stm32l496xx_keil.o(RESET)
</UL>
<P><STRONG><a name="[5d]"></a>OTG_FS_IRQHandler</STRONG> (Thumb, 0 bytes, Stack size 0 bytes, startup_stm32l496xx_keil.o(.text))
<BR>[Address Reference Count : 1]<UL><LI> startup_stm32l496xx_keil.o(RESET)
</UL>
<P><STRONG><a name="[1b]"></a>PVD_PVM_IRQHandler</STRONG> (Thumb, 0 bytes, Stack size 0 bytes, startup_stm32l496xx_keil.o(.text))
<BR>[Address Reference Count : 1]<UL><LI> startup_stm32l496xx_keil.o(RESET)
</UL>
<P><STRONG><a name="[61]"></a>QUADSPI_IRQHandler</STRONG> (Thumb, 0 bytes, Stack size 0 bytes, startup_stm32l496xx_keil.o(.text))
<BR>[Address Reference Count : 1]<UL><LI> startup_stm32l496xx_keil.o(RESET)
</UL>
<P><STRONG><a name="[1f]"></a>RCC_IRQHandler</STRONG> (Thumb, 0 bytes, Stack size 0 bytes, startup_stm32l496xx_keil.o(.text))
<BR>[Address Reference Count : 1]<UL><LI> startup_stm32l496xx_keil.o(RESET)
</UL>
<P><STRONG><a name="[69]"></a>RNG_IRQHandler</STRONG> (Thumb, 0 bytes, Stack size 0 bytes, startup_stm32l496xx_keil.o(.text))
<BR>[Address Reference Count : 1]<UL><LI> startup_stm32l496xx_keil.o(RESET)
</UL>
<P><STRONG><a name="[43]"></a>RTC_Alarm_IRQHandler</STRONG> (Thumb, 0 bytes, Stack size 0 bytes, startup_stm32l496xx_keil.o(.text))
<BR>[Address Reference Count : 1]<UL><LI> startup_stm32l496xx_keil.o(RESET)
</UL>
<P><STRONG><a name="[1d]"></a>RTC_WKUP_IRQHandler</STRONG> (Thumb, 0 bytes, Stack size 0 bytes, startup_stm32l496xx_keil.o(.text))
<BR>[Address Reference Count : 1]<UL><LI> startup_stm32l496xx_keil.o(RESET)
</UL>
<P><STRONG><a name="[64]"></a>SAI1_IRQHandler</STRONG> (Thumb, 0 bytes, Stack size 0 bytes, startup_stm32l496xx_keil.o(.text))
<BR>[Address Reference Count : 1]<UL><LI> startup_stm32l496xx_keil.o(RESET)
</UL>
<P><STRONG><a name="[3d]"></a>SPI1_IRQHandler</STRONG> (Thumb, 0 bytes, Stack size 0 bytes, startup_stm32l496xx_keil.o(.text))
<BR>[Address Reference Count : 1]<UL><LI> startup_stm32l496xx_keil.o(RESET)
</UL>
<P><STRONG><a name="[3e]"></a>SPI2_IRQHandler</STRONG> (Thumb, 0 bytes, Stack size 0 bytes, startup_stm32l496xx_keil.o(.text))
<BR>[Address Reference Count : 1]<UL><LI> startup_stm32l496xx_keil.o(RESET)
</UL>
<P><STRONG><a name="[4d]"></a>SPI3_IRQHandler</STRONG> (Thumb, 0 bytes, Stack size 0 bytes, startup_stm32l496xx_keil.o(.text))
<BR>[Address Reference Count : 1]<UL><LI> startup_stm32l496xx_keil.o(RESET)
</UL>
<P><STRONG><a name="[66]"></a>SWPMI1_IRQHandler</STRONG> (Thumb, 0 bytes, Stack size 0 bytes, startup_stm32l496xx_keil.o(.text))
<BR>[Address Reference Count : 1]<UL><LI> startup_stm32l496xx_keil.o(RESET)
</UL>
<P><STRONG><a name="[1c]"></a>TAMP_STAMP_IRQHandler</STRONG> (Thumb, 0 bytes, Stack size 0 bytes, startup_stm32l496xx_keil.o(.text))
<BR>[Address Reference Count : 1]<UL><LI> startup_stm32l496xx_keil.o(RESET)
</UL>
<P><STRONG><a name="[32]"></a>TIM1_BRK_TIM15_IRQHandler</STRONG> (Thumb, 0 bytes, Stack size 0 bytes, startup_stm32l496xx_keil.o(.text))
<BR>[Address Reference Count : 1]<UL><LI> startup_stm32l496xx_keil.o(RESET)
</UL>
<P><STRONG><a name="[34]"></a>TIM1_TRG_COM_TIM17_IRQHandler</STRONG> (Thumb, 0 bytes, Stack size 0 bytes, startup_stm32l496xx_keil.o(.text))
<BR>[Address Reference Count : 1]<UL><LI> startup_stm32l496xx_keil.o(RESET)
</UL>
<P><STRONG><a name="[36]"></a>TIM2_IRQHandler</STRONG> (Thumb, 0 bytes, Stack size 0 bytes, startup_stm32l496xx_keil.o(.text))
<BR>[Address Reference Count : 1]<UL><LI> startup_stm32l496xx_keil.o(RESET)
</UL>
<P><STRONG><a name="[37]"></a>TIM3_IRQHandler</STRONG> (Thumb, 0 bytes, Stack size 0 bytes, startup_stm32l496xx_keil.o(.text))
<BR>[Address Reference Count : 1]<UL><LI> startup_stm32l496xx_keil.o(RESET)
</UL>
<P><STRONG><a name="[38]"></a>TIM4_IRQHandler</STRONG> (Thumb, 0 bytes, Stack size 0 bytes, startup_stm32l496xx_keil.o(.text))
<BR>[Address Reference Count : 1]<UL><LI> startup_stm32l496xx_keil.o(RESET)
</UL>
<P><STRONG><a name="[4c]"></a>TIM5_IRQHandler</STRONG> (Thumb, 0 bytes, Stack size 0 bytes, startup_stm32l496xx_keil.o(.text))
<BR>[Address Reference Count : 1]<UL><LI> startup_stm32l496xx_keil.o(RESET)
</UL>
<P><STRONG><a name="[50]"></a>TIM6_DAC_IRQHandler</STRONG> (Thumb, 0 bytes, Stack size 0 bytes, startup_stm32l496xx_keil.o(.text))
<BR>[Address Reference Count : 1]<UL><LI> startup_stm32l496xx_keil.o(RESET)
</UL>
<P><STRONG><a name="[51]"></a>TIM7_IRQHandler</STRONG> (Thumb, 0 bytes, Stack size 0 bytes, startup_stm32l496xx_keil.o(.text))
<BR>[Address Reference Count : 1]<UL><LI> startup_stm32l496xx_keil.o(RESET)
</UL>
<P><STRONG><a name="[45]"></a>TIM8_BRK_IRQHandler</STRONG> (Thumb, 0 bytes, Stack size 0 bytes, startup_stm32l496xx_keil.o(.text))
<BR>[Address Reference Count : 1]<UL><LI> startup_stm32l496xx_keil.o(RESET)
</UL>
<P><STRONG><a name="[48]"></a>TIM8_CC_IRQHandler</STRONG> (Thumb, 0 bytes, Stack size 0 bytes, startup_stm32l496xx_keil.o(.text))
[...]
</UL>
<BR>[Address Reference Count : 1]<UL><LI> wm.o(i.WM_Exec)
</UL>
<P><STRONG><a name="[3bd]"></a>_GetDialogItem</STRONG> (Thumb, 114 bytes, Stack size 48 bytes, wm_lib.o(i._GetDialogItem))
<BR><BR>[Stack]<UL><LI>Max Depth = 336 + Unknown Stack Size
 + In Cycle
<LI>Call Chain = _GetDialogItem &rArr;  _GetDialogItem (Cycle)
</UL>
<BR>[Calls]<UL><LI><a href="#[283]">&gt;&gt;</a>&nbsp;&nbsp;&nbsp;GUI_ALLOC_h2p
<LI><a href="#[3bc]">&gt;&gt;</a>&nbsp;&nbsp;&nbsp;WM_SendMessage
<LI><a href="#[3bd]">&gt;&gt;</a>&nbsp;&nbsp;&nbsp;_GetDialogItem
</UL>
<BR>[Called By]<UL><LI><a href="#[1d9]">&gt;&gt;</a>&nbsp;&nbsp;&nbsp;WM_GetDialogItem
<LI><a href="#[3bd]">&gt;&gt;</a>&nbsp;&nbsp;&nbsp;_GetDialogItem
</UL>

<P><STRONG><a name="[8a]"></a>_OnExit</STRONG> (Thumb, 36 bytes, Stack size 8 bytes, gui__alpha.o(i._OnExit))
<BR><BR>[Stack]<UL><LI>Max Depth = 8<LI>Call Chain = _OnExit
</UL>
<BR>[Calls]<UL><LI><a href="#[237]">&gt;&gt;</a>&nbsp;&nbsp;&nbsp;GUI_ALLOC_FreeFixedBlock
</UL>
<BR>[Address Reference Count : 1]<UL><LI> gui__alpha.o(i.GUI__GetAlphaBuffer)
</UL>
<P><STRONG><a name="[d]"></a>_Log2VisBuffered</STRONG> (Thumb, 2 bytes, Stack size 0 bytes, gui_charline.o(i._Log2VisBuffered))
<BR>[Address Reference Count : 1]<UL><LI> gui_charline.o(.data)
</UL>
<P><STRONG><a name="[85]"></a>_OnExit</STRONG> (Thumb, 16 bytes, Stack size 8 bytes, gui_task.o(i._OnExit))
<BR><BR>[Stack]<UL><LI>Max Depth = 8<LI>Call Chain = _OnExit
</UL>
<BR>[Calls]<UL><LI><a href="#[237]">&gt;&gt;</a>&nbsp;&nbsp;&nbsp;GUI_ALLOC_FreeFixedBlock
</UL>
<BR>[Address Reference Count : 1]<UL><LI> gui_task.o(i.GUITASK_Init)
</UL>
<P><STRONG><a name="[168]"></a>_CalcSizeOfChar</STRONG> (Thumb, 4 bytes, Stack size 0 bytes, gui_uc_encodenone.o(i._CalcSizeOfChar))
<BR>[Address Reference Count : 1]<UL><LI> gui_uc_encodenone.o(.constdata)
</UL>
<P><STRONG><a name="[169]"></a>_Encode</STRONG> (Thumb, 6 bytes, Stack size 0 bytes, gui_uc_encodenone.o(i._Encode))
<BR>[Address Reference Count : 1]<UL><LI> gui_uc_encodenone.o(.constdata)
</UL>
<P><STRONG><a name="[166]"></a>_GetCharCode</STRONG> (Thumb, 4 bytes, Stack size 0 bytes, gui_uc_encodenone.o(i._GetCharCode))
<BR>[Address Reference Count : 1]<UL><LI> gui_uc_encodenone.o(.constdata)
</UL>
<P><STRONG><a name="[167]"></a>_GetCharSize</STRONG> (Thumb, 4 bytes, Stack size 0 bytes, gui_uc_encodenone.o(i._GetCharSize))
<BR>[Address Reference Count : 1]<UL><LI> gui_uc_encodenone.o(.constdata)
</UL>
<P><STRONG><a name="[16c]"></a>_Color2IndexBulk</STRONG> (Thumb, 58 bytes, Stack size 4 bytes, guicc_8888.o(i._Color2IndexBulk))
<BR><BR>[Stack]<UL><LI>Max Depth = 4<LI>Call Chain = _Color2IndexBulk
</UL>
<BR>[Address Reference Count : 1]<UL><LI> guicc_8888.o(.constdata)
</UL>
<P><STRONG><a name="[16a]"></a>_Color2Index_8888</STRONG> (Thumb, 2 bytes, Stack size 0 bytes, guicc_8888.o(i._Color2Index_8888))
<BR>[Address Reference Count : 1]<UL><LI> guicc_8888.o(.constdata)
</UL>
<P><STRONG><a name="[16b]"></a>_GetIndexMask_8888</STRONG> (Thumb, 6 bytes, Stack size 0 bytes, guicc_8888.o(i._GetIndexMask_8888))
<BR>[Address Reference Count : 1]<UL><LI> guicc_8888.o(.constdata)
</UL>
<P><STRONG><a name="[16d]"></a>_Index2ColorBulk</STRONG> (Thumb, 92 bytes, Stack size 4 bytes, guicc_8888.o(i._Index2ColorBulk))
<BR><BR>[Stack]<UL><LI>Max Depth = 4<LI>Call Chain = _Index2ColorBulk
</UL>
<BR>[Address Reference Count : 1]<UL><LI> guicc_8888.o(.constdata)
</UL>
<P><STRONG><a name="[16f]"></a>_SetBkColor</STRONG> (Thumb, 48 bytes, Stack size 8 bytes, lcd.o(i._SetBkColor))
<BR><BR>[Stack]<UL><LI>Max Depth = 8<LI>Call Chain = _SetBkColor
</UL>
<BR>[Address Reference Count : 1]<UL><LI> lcd.o(.constdata)
</UL>
<P><STRONG><a name="[16e]"></a>_SetColor</STRONG> (Thumb, 48 bytes, Stack size 8 bytes, lcd.o(i._SetColor))
<BR><BR>[Stack]<UL><LI>Max Depth = 8<LI>Call Chain = _SetColor
</UL>
<BR>[Address Reference Count : 1]<UL><LI> lcd.o(.constdata)
</UL>
<P><STRONG><a name="[170]"></a>_SetDrawMode</STRONG> (Thumb, 50 bytes, Stack size 4 bytes, lcd.o(i._SetDrawMode))
<BR><BR>[Stack]<UL><LI>Max Depth = 4<LI>Call Chain = _SetDrawMode
</UL>
<BR>[Address Reference Count : 1]<UL><LI> lcd.o(.constdata)
</UL>
<P><STRONG><a name="[97]"></a>_OnExit</STRONG> (Thumb, 18 bytes, Stack size 8 bytes, lcd_color.o(i._OnExit))
<BR><BR>[Stack]<UL><LI>Max Depth = 8<LI>Call Chain = _OnExit
</UL>
<BR>[Calls]<UL><LI><a href="#[237]">&gt;&gt;</a>&nbsp;&nbsp;&nbsp;GUI_ALLOC_FreeFixedBlock
</UL>
<BR>[Address Reference Count : 1]<UL><LI> lcd_color.o(i.LCD_InitColors)
</UL>
<P><STRONG><a name="[171]"></a>_DrawBitmap</STRONG> (Thumb, 2106 bytes, Stack size 136 bytes, guidev_16.o(i._DrawBitmap))
<BR><BR>[Stack]<UL><LI>Max Depth = 160<LI>Call Chain = _DrawBitmap &rArr; GUI_USAGE_AddRect
</UL>
<BR>[Calls]<UL><LI><a href="#[264]">&gt;&gt;</a>&nbsp;&nbsp;&nbsp;GUI_ALLOC_UnlockH
<LI><a href="#[263]">&gt;&gt;</a>&nbsp;&nbsp;&nbsp;GUI_ALLOC_LockH
<LI><a href="#[3db]">&gt;&gt;</a>&nbsp;&nbsp;&nbsp;GUI_USAGE_AddRect
</UL>
<BR>[Address Reference Count : 1]<UL><LI> guidev_16.o(.constdata)
</UL>
<P><STRONG><a name="[172]"></a>_DrawHLine</STRONG> (Thumb, 10 bytes, Stack size 8 bytes, guidev_16.o(i._DrawHLine))
<BR><BR>[Stack]<UL><LI>Max Depth = 96<LI>Call Chain = _DrawHLine &rArr; _FillRect &rArr; GUI_USAGE_AddRect
</UL>
<BR>[Calls]<UL><LI><a href="#[174]">&gt;&gt;</a>&nbsp;&nbsp;&nbsp;_FillRect
</UL>
<BR>[Address Reference Count : 1]<UL><LI> guidev_16.o(.constdata)
</UL>
<P><STRONG><a name="[173]"></a>_DrawVLine</STRONG> (Thumb, 272 bytes, Stack size 48 bytes, guidev_16.o(i._DrawVLine))
<BR><BR>[Stack]<UL><LI>Max Depth = 48<LI>Call Chain = _DrawVLine
</UL>
<BR>[Calls]<UL><LI><a href="#[264]">&gt;&gt;</a>&nbsp;&nbsp;&nbsp;GUI_ALLOC_UnlockH
<LI><a href="#[263]">&gt;&gt;</a>&nbsp;&nbsp;&nbsp;GUI_ALLOC_LockH
</UL>
<BR>[Address Reference Count : 1]<UL><LI> guidev_16.o(.constdata)
</UL>
<P><STRONG><a name="[174]"></a>_FillRect</STRONG> (Thumb, 238 bytes, Stack size 64 bytes, guidev_16.o(i._FillRect))
<BR><BR>[Stack]<UL><LI>Max Depth = 88<LI>Call Chain = _FillRect &rArr; GUI_USAGE_AddRect
</UL>
<BR>[Calls]<UL><LI><a href="#[264]">&gt;&gt;</a>&nbsp;&nbsp;&nbsp;GUI_ALLOC_UnlockH
<LI><a href="#[263]">&gt;&gt;</a>&nbsp;&nbsp;&nbsp;GUI_ALLOC_LockH
<LI><a href="#[3db]">&gt;&gt;</a>&nbsp;&nbsp;&nbsp;GUI_USAGE_AddRect
<LI><a href="#[3dc]">&gt;&gt;</a>&nbsp;&nbsp;&nbsp;GUI__memset16
</UL>
<BR>[Called By]<UL><LI><a href="#[172]">&gt;&gt;</a>&nbsp;&nbsp;&nbsp;_DrawHLine
</UL>
<BR>[Address Reference Count : 1]<UL><LI> guidev_16.o(.constdata)
</UL>
<P><STRONG><a name="[17b]"></a>_GetDevData</STRONG> (Thumb, 10 bytes, Stack size 0 bytes, guidev_16.o(i._GetDevData))
<BR>[Address Reference Count : 1]<UL><LI> guidev_16.o(.constdata)
</UL>
<P><STRONG><a name="[179]"></a>_GetDevFunc</STRONG> (Thumb, 10 bytes, Stack size 0 bytes, guidev_16.o(i._GetDevFunc))
<BR>[Address Reference Count : 1]<UL><LI> guidev_16.o(.constdata)
</UL>
<P><STRONG><a name="[17a]"></a>_GetDevProp</STRONG> (Thumb, 26 bytes, Stack size 0 bytes, guidev_16.o(i._GetDevProp))
<BR>[Address Reference Count : 1]<UL><LI> guidev_16.o(.constdata)
</UL>
<P><STRONG><a name="[175]"></a>_GetPixelIndex</STRONG> (Thumb, 56 bytes, Stack size 16 bytes, guidev_16.o(i._GetPixelIndex))
<BR><BR>[Stack]<UL><LI>Max Depth = 16<LI>Call Chain = _GetPixelIndex
</UL>
<BR>[Calls]<UL><LI><a href="#[264]">&gt;&gt;</a>&nbsp;&nbsp;&nbsp;GUI_ALLOC_UnlockH
<LI><a href="#[263]">&gt;&gt;</a>&nbsp;&nbsp;&nbsp;GUI_ALLOC_LockH
</UL>
<BR>[Address Reference Count : 1]<UL><LI> guidev_16.o(.constdata)
</UL>
<P><STRONG><a name="[17c]"></a>_GetRect</STRONG> (Thumb, 52 bytes, Stack size 16 bytes, guidev_16.o(i._GetRect))
<BR><BR>[Stack]<UL><LI>Max Depth = 16<LI>Call Chain = _GetRect
</UL>
<BR>[Calls]<UL><LI><a href="#[264]">&gt;&gt;</a>&nbsp;&nbsp;&nbsp;GUI_ALLOC_UnlockH
<LI><a href="#[263]">&gt;&gt;</a>&nbsp;&nbsp;&nbsp;GUI_ALLOC_LockH
</UL>
<BR>[Address Reference Count : 1]<UL><LI> guidev_16.o(.constdata)
</UL>
<P><STRONG><a name="[178]"></a>_SetOrg</STRONG> (Thumb, 14 bytes, Stack size 0 bytes, guidev_16.o(i._SetOrg))
<BR>[Address Reference Count : 1]<UL><LI> guidev_16.o(.constdata)
</UL>
<P><STRONG><a name="[176]"></a>_SetPixelIndex</STRONG> (Thumb, 106 bytes, Stack size 32 bytes, guidev_16.o(i._SetPixelIndex))
<BR><BR>[Stack]<UL><LI>Max Depth = 32<LI>Call Chain = _SetPixelIndex
</UL>
<BR>[Calls]<UL><LI><a href="#[264]">&gt;&gt;</a>&nbsp;&nbsp;&nbsp;GUI_ALLOC_UnlockH
<LI><a href="#[263]">&gt;&gt;</a>&nbsp;&nbsp;&nbsp;GUI_ALLOC_LockH
</UL>
<BR>[Address Reference Count : 1]<UL><LI> guidev_16.o(.constdata)
</UL>
<P><STRONG><a name="[177]"></a>_XorPixel</STRONG> (Thumb, 116 bytes, Stack size 32 bytes, guidev_16.o(i._XorPixel))
<BR><BR>[Stack]<UL><LI>Max Depth = 32<LI>Call Chain = _XorPixel
</UL>
<BR>[Calls]<UL><LI><a href="#[264]">&gt;&gt;</a>&nbsp;&nbsp;&nbsp;GUI_ALLOC_UnlockH
<LI><a href="#[263]">&gt;&gt;</a>&nbsp;&nbsp;&nbsp;GUI_ALLOC_LockH
</UL>
<BR>[Address Reference Count : 1]<UL><LI> guidev_16.o(.constdata)
</UL>
<P><STRONG><a name="[17e]"></a>GUI_USAGE_BM_AddHLine</STRONG> (Thumb, 120 bytes, Stack size 16 bytes, guidev_usagebm.o(i.GUI_USAGE_BM_AddHLine))
<BR><BR>[Stack]<UL><LI>Max Depth = 16<LI>Call Chain = GUI_USAGE_BM_AddHLine
</UL>
<BR>[Calls]<UL><LI><a href="#[198]">&gt;&gt;</a>&nbsp;&nbsp;&nbsp;__aeabi_memset
</UL>
<BR>[Address Reference Count : 1]<UL><LI> guidev_usagebm.o(.constdata)
</UL>
<P><STRONG><a name="[17d]"></a>GUI_USAGE_BM_AddPixel</STRONG> (Thumb, 46 bytes, Stack size 0 bytes, guidev_usagebm.o(i.GUI_USAGE_BM_AddPixel))
<BR>[Address Reference Count : 1]<UL><LI> guidev_usagebm.o(.constdata)
</UL>
<P><STRONG><a name="[17f]"></a>GUI_USAGE_BM_Clear</STRONG> (Thumb, 14 bytes, Stack size 0 bytes, guidev_usagebm.o(i.GUI_USAGE_BM_Clear))
<BR><BR>[Calls]<UL><LI><a href="#[1c3]">&gt;&gt;</a>&nbsp;&nbsp;&nbsp;__aeabi_memclr4
</UL>
<BR>[Address Reference Count : 1]<UL><LI> guidev_usagebm.o(.constdata)
</UL>
<P><STRONG><a name="[181]"></a>GUI_USAGE_BM_GetNextDirty</STRONG> (Thumb, 196 bytes, Stack size 8 bytes, guidev_usagebm.o(i.GUI_USAGE_BM_GetNextDirty))
<BR><BR>[Stack]<UL><LI>Max Depth = 8<LI>Call Chain = GUI_USAGE_BM_GetNextDirty
</UL>
<BR>[Address Reference Count : 1]<UL><LI> guidev_usagebm.o(.constdata)
</UL>
<P><STRONG><a name="[180]"></a>_GUI_USAGE_BM_Delete</STRONG> (Thumb, 4 bytes, Stack size 0 bytes, guidev_usagebm.o(i._GUI_USAGE_BM_Delete))
<BR><BR>[Stack]<UL><LI>Max Depth = 112 + Unknown Stack Size
<LI>Call Chain = _GUI_USAGE_BM_Delete &rArr; GUI_ALLOC_Free &rArr; GUI_Lock &rArr; GUI_X_Lock &rArr; krhino_mutex_lock &rArr; task_pri_change &rArr; ready_list_add_tail &rArr; ready_list_init
</UL>
<BR>[Calls]<UL><LI><a href="#[225]">&gt;&gt;</a>&nbsp;&nbsp;&nbsp;GUI_ALLOC_Free
</UL>
<BR>[Address Reference Count : 1]<UL><LI> guidev_usagebm.o(.constdata)
</UL>
<P><STRONG><a name="[3d3]"></a>_MoveDescendents</STRONG> (Thumb, 122 bytes, Stack size 72 bytes, wm_move.o(i._MoveDescendents))
<BR><BR>[Stack]<UL><LI>Max Depth = 344 + Unknown Stack Size
 + In Cycle
<LI>Call Chain = _MoveDescendents &rArr;  _MoveDescendents (Cycle)
</UL>
<BR>[Calls]<UL><LI><a href="#[3c2]">&gt;&gt;</a>&nbsp;&nbsp;&nbsp;GUI_MoveRect
<LI><a href="#[264]">&gt;&gt;</a>&nbsp;&nbsp;&nbsp;GUI_ALLOC_UnlockH
<LI><a href="#[263]">&gt;&gt;</a>&nbsp;&nbsp;&nbsp;GUI_ALLOC_LockH
<LI><a href="#[3af]">&gt;&gt;</a>&nbsp;&nbsp;&nbsp;WM__SendMessage
<LI><a href="#[3d3]">&gt;&gt;</a>&nbsp;&nbsp;&nbsp;_MoveDescendents
</UL>
<BR>[Called By]<UL><LI><a href="#[3c8]">&gt;&gt;</a>&nbsp;&nbsp;&nbsp;WM__MoveWindow
<LI><a href="#[3d3]">&gt;&gt;</a>&nbsp;&nbsp;&nbsp;_MoveDescendents
</UL>

<P><STRONG><a name="[182]"></a>_Color2Index_0</STRONG> (Thumb, 110 bytes, Stack size 32 bytes, guicc_0.o(i._Color2Index_0))
<BR><BR>[Stack]<UL><LI>Max Depth = 48<LI>Call Chain = _Color2Index_0 &rArr; LCD_GetNumColors
</UL>
<BR>[Calls]<UL><LI><a href="#[3d7]">&gt;&gt;</a>&nbsp;&nbsp;&nbsp;GUI_CalcColorDist
<LI><a href="#[362]">&gt;&gt;</a>&nbsp;&nbsp;&nbsp;LCD_GetPalette
<LI><a href="#[35f]">&gt;&gt;</a>&nbsp;&nbsp;&nbsp;LCD_GetNumColors
</UL>
<BR>[Address Reference Count : 1]<UL><LI> guicc_0.o(.constdata)
</UL>
<P><STRONG><a name="[184]"></a>_GetIndexMask_0</STRONG> (Thumb, 82 bytes, Stack size 8 bytes, guicc_0.o(i._GetIndexMask_0))
<BR><BR>[Stack]<UL><LI>Max Depth = 24<LI>Call Chain = _GetIndexMask_0 &rArr; LCD_GetNumColors
</UL>
<BR>[Calls]<UL><LI><a href="#[35f]">&gt;&gt;</a>&nbsp;&nbsp;&nbsp;LCD_GetNumColors
</UL>
<BR>[Address Reference Count : 1]<UL><LI> guicc_0.o(.constdata)
</UL>
<P><STRONG><a name="[183]"></a>_Index2Color_0</STRONG> (Thumb, 32 bytes, Stack size 16 bytes, guicc_0.o(i._Index2Color_0))
<BR><BR>[Stack]<UL><LI>Max Depth = 32<LI>Call Chain = _Index2Color_0 &rArr; LCD_GetNumColors
</UL>
<BR>[Calls]<UL><LI><a href="#[362]">&gt;&gt;</a>&nbsp;&nbsp;&nbsp;LCD_GetPalette
<LI><a href="#[35f]">&gt;&gt;</a>&nbsp;&nbsp;&nbsp;LCD_GetNumColors
</UL>
<BR>[Address Reference Count : 1]<UL><LI> guicc_0.o(.constdata)
</UL>
<P><STRONG><a name="[293]"></a>LCD_ReadRectEx</STRONG> (Thumb, 544 bytes, Stack size 64 bytes, lcd_readrect.o(i.LCD_ReadRectEx))
<BR><BR>[Stack]<UL><LI>Max Depth = 64<LI>Call Chain = LCD_ReadRectEx
</UL>
<BR>[Calls]<UL><LI><a href="#[28a]">&gt;&gt;</a>&nbsp;&nbsp;&nbsp;GUI_GetBitsPerPixelEx
</UL>
<BR>[Called By]<UL><LI><a href="#[292]">&gt;&gt;</a>&nbsp;&nbsp;&nbsp;GUI_ReadRectEx
</UL>

<P><STRONG><a name="[185]"></a>_DrawBitmap</STRONG> (Thumb, 2076 bytes, Stack size 136 bytes, guidev_32.o(i._DrawBitmap))
<BR><BR>[Stack]<UL><LI>Max Depth = 160<LI>Call Chain = _DrawBitmap &rArr; GUI_USAGE_AddRect
</UL>
<BR>[Calls]<UL><LI><a href="#[264]">&gt;&gt;</a>&nbsp;&nbsp;&nbsp;GUI_ALLOC_UnlockH
<LI><a href="#[263]">&gt;&gt;</a>&nbsp;&nbsp;&nbsp;GUI_ALLOC_LockH
<LI><a href="#[3db]">&gt;&gt;</a>&nbsp;&nbsp;&nbsp;GUI_USAGE_AddRect
</UL>
<BR>[Address Reference Count : 1]<UL><LI> guidev_32.o(.constdata)
</UL>
<P><STRONG><a name="[186]"></a>_DrawHLine</STRONG> (Thumb, 10 bytes, Stack size 8 bytes, guidev_32.o(i._DrawHLine))
<BR><BR>[Stack]<UL><LI>Max Depth = 80<LI>Call Chain = _DrawHLine &rArr; _FillRect &rArr; GUI_USAGE_AddRect
</UL>
<BR>[Calls]<UL><LI><a href="#[188]">&gt;&gt;</a>&nbsp;&nbsp;&nbsp;_FillRect
</UL>
<BR>[Address Reference Count : 1]<UL><LI> guidev_32.o(.constdata)
</UL>
<P><STRONG><a name="[187]"></a>_DrawVLine</STRONG> (Thumb, 248 bytes, Stack size 40 bytes, guidev_32.o(i._DrawVLine))
<BR><BR>[Stack]<UL><LI>Max Depth = 40<LI>Call Chain = _DrawVLine
</UL>
<BR>[Calls]<UL><LI><a href="#[264]">&gt;&gt;</a>&nbsp;&nbsp;&nbsp;GUI_ALLOC_UnlockH
<LI><a href="#[263]">&gt;&gt;</a>&nbsp;&nbsp;&nbsp;GUI_ALLOC_LockH
</UL>
<BR>[Address Reference Count : 1]<UL><LI> guidev_32.o(.constdata)
</UL>
<P><STRONG><a name="[188]"></a>_FillRect</STRONG> (Thumb, 288 bytes, Stack size 48 bytes, guidev_32.o(i._FillRect))
<BR><BR>[Stack]<UL><LI>Max Depth = 72<LI>Call Chain = _FillRect &rArr; GUI_USAGE_AddRect
</UL>
<BR>[Calls]<UL><LI><a href="#[264]">&gt;&gt;</a>&nbsp;&nbsp;&nbsp;GUI_ALLOC_UnlockH
<LI><a href="#[263]">&gt;&gt;</a>&nbsp;&nbsp;&nbsp;GUI_ALLOC_LockH
<LI><a href="#[3db]">&gt;&gt;</a>&nbsp;&nbsp;&nbsp;GUI_USAGE_AddRect
</UL>
<BR>[Called By]<UL><LI><a href="#[186]">&gt;&gt;</a>&nbsp;&nbsp;&nbsp;_DrawHLine
</UL>
<BR>[Address Reference Count : 1]<UL><LI> guidev_32.o(.constdata)
</UL>
<P><STRONG><a name="[18f]"></a>_GetDevData</STRONG> (Thumb, 10 bytes, Stack size 0 bytes, guidev_32.o(i._GetDevData))
<BR>[Address Reference Count : 1]<UL><LI> guidev_32.o(.constdata)
</UL>
<P><STRONG><a name="[18d]"></a>_GetDevFunc</STRONG> (Thumb, 10 bytes, Stack size 0 bytes, guidev_32.o(i._GetDevFunc))
<BR>[Address Reference Count : 1]<UL><LI> guidev_32.o(.constdata)
</UL>
<P><STRONG><a name="[18e]"></a>_GetDevProp</STRONG> (Thumb, 10 bytes, Stack size 0 bytes, guidev_32.o(i._GetDevProp))
<BR>[Address Reference Count : 1]<UL><LI> guidev_32.o(.constdata)
</UL>
<P><STRONG><a name="[189]"></a>_GetPixelIndex</STRONG> (Thumb, 56 bytes, Stack size 16 bytes, guidev_32.o(i._GetPixelIndex))
<BR><BR>[Stack]<UL><LI>Max Depth = 16<LI>Call Chain = _GetPixelIndex
</UL>
<BR>[Calls]<UL><LI><a href="#[264]">&gt;&gt;</a>&nbsp;&nbsp;&nbsp;GUI_ALLOC_UnlockH
<LI><a href="#[263]">&gt;&gt;</a>&nbsp;&nbsp;&nbsp;GUI_ALLOC_LockH
</UL>
<BR>[Address Reference Count : 1]<UL><LI> guidev_32.o(.constdata)
</UL>
<P><STRONG><a name="[190]"></a>_GetRect</STRONG> (Thumb, 52 bytes, Stack size 16 bytes, guidev_32.o(i._GetRect))
<BR><BR>[Stack]<UL><LI>Max Depth = 16<LI>Call Chain = _GetRect
</UL>
<BR>[Calls]<UL><LI><a href="#[264]">&gt;&gt;</a>&nbsp;&nbsp;&nbsp;GUI_ALLOC_UnlockH
<LI><a href="#[263]">&gt;&gt;</a>&nbsp;&nbsp;&nbsp;GUI_ALLOC_LockH
</UL>
<BR>[Address Reference Count : 1]<UL><LI> guidev_32.o(.constdata)
</UL>
<P><STRONG><a name="[18c]"></a>_SetOrg</STRONG> (Thumb, 8 bytes, Stack size 0 bytes, guidev_32.o(i._SetOrg))
<BR>[Address Reference Count : 1]<UL><LI> guidev_32.o(.constdata)
</UL>
<P><STRONG><a name="[18a]"></a>_SetPixelIndex</STRONG> (Thumb, 106 bytes, Stack size 32 bytes, guidev_32.o(i._SetPixelIndex))
<BR><BR>[Stack]<UL><LI>Max Depth = 32<LI>Call Chain = _SetPixelIndex
</UL>
<BR>[Calls]<UL><LI><a href="#[264]">&gt;&gt;</a>&nbsp;&nbsp;&nbsp;GUI_ALLOC_UnlockH
<LI><a href="#[263]">&gt;&gt;</a>&nbsp;&nbsp;&nbsp;GUI_ALLOC_LockH
</UL>
<BR>[Address Reference Count : 1]<UL><LI> guidev_32.o(.constdata)
</UL>
<P><STRONG><a name="[18b]"></a>_XorPixel</STRONG> (Thumb, 118 bytes, Stack size 32 bytes, guidev_32.o(i._XorPixel))
<BR><BR>[Stack]<UL><LI>Max Depth = 32<LI>Call Chain = _XorPixel
</UL>
<BR>[Calls]<UL><LI><a href="#[264]">&gt;&gt;</a>&nbsp;&nbsp;&nbsp;GUI_ALLOC_UnlockH
<LI><a href="#[263]">&gt;&gt;</a>&nbsp;&nbsp;&nbsp;GUI_ALLOC_LockH
</UL>
<BR>[Address Reference Count : 1]<UL><LI> guidev_32.o(.constdata)
</UL>
<P><STRONG><a name="[3e8]"></a>_fp_digits</STRONG> (Thumb, 366 bytes, Stack size 64 bytes, printfa.o(i._fp_digits), UNUSED)
<BR><BR>[Calls]<UL><LI><a href="#[199]">&gt;&gt;</a>&nbsp;&nbsp;&nbsp;__aeabi_dmul
<LI><a href="#[194]">&gt;&gt;</a>&nbsp;&nbsp;&nbsp;__aeabi_uldivmod
<LI><a href="#[19e]">&gt;&gt;</a>&nbsp;&nbsp;&nbsp;__aeabi_dadd
<LI><a href="#[3e2]">&gt;&gt;</a>&nbsp;&nbsp;&nbsp;__aeabi_cdrcmple
<LI><a href="#[1a2]">&gt;&gt;</a>&nbsp;&nbsp;&nbsp;__aeabi_ddiv
<LI><a href="#[1a3]">&gt;&gt;</a>&nbsp;&nbsp;&nbsp;__aeabi_d2ulz
</UL>
<BR>[Called By]<UL><LI><a href="#[3de]">&gt;&gt;</a>&nbsp;&nbsp;&nbsp;_printf_core
</UL>

<P><STRONG><a name="[3de]"></a>_printf_core</STRONG> (Thumb, 1744 bytes, Stack size 136 bytes, printfa.o(i._printf_core), UNUSED)
<BR><BR>[Calls]<UL><LI><a href="#[194]">&gt;&gt;</a>&nbsp;&nbsp;&nbsp;__aeabi_uldivmod
<LI><a href="#[3eb]">&gt;&gt;</a>&nbsp;&nbsp;&nbsp;__aeabi_uidivmod
<LI><a href="#[3e9]">&gt;&gt;</a>&nbsp;&nbsp;&nbsp;_printf_pre_padding
<LI><a href="#[3ea]">&gt;&gt;</a>&nbsp;&nbsp;&nbsp;_printf_post_padding
<LI><a href="#[3e8]">&gt;&gt;</a>&nbsp;&nbsp;&nbsp;_fp_digits
</UL>
<BR>[Called By]<UL><LI><a href="#[3e1]">&gt;&gt;</a>&nbsp;&nbsp;&nbsp;__0vprintf
<LI><a href="#[3e0]">&gt;&gt;</a>&nbsp;&nbsp;&nbsp;__0sprintf
<LI><a href="#[3df]">&gt;&gt;</a>&nbsp;&nbsp;&nbsp;__0snprintf
<LI><a href="#[3dd]">&gt;&gt;</a>&nbsp;&nbsp;&nbsp;__0printf
</UL>

<P><STRONG><a name="[3ea]"></a>_printf_post_padding</STRONG> (Thumb, 36 bytes, Stack size 24 bytes, printfa.o(i._printf_post_padding), UNUSED)
<BR><BR>[Called By]<UL><LI><a href="#[3de]">&gt;&gt;</a>&nbsp;&nbsp;&nbsp;_printf_core
</UL>

<P><STRONG><a name="[3e9]"></a>_printf_pre_padding</STRONG> (Thumb, 46 bytes, Stack size 24 bytes, printfa.o(i._printf_pre_padding), UNUSED)
<BR><BR>[Called By]<UL><LI><a href="#[3de]">&gt;&gt;</a>&nbsp;&nbsp;&nbsp;_printf_core
</UL>

<P><STRONG><a name="[b6]"></a>_snputc</STRONG> (Thumb, 22 bytes, Stack size 0 bytes, printfa.o(i._snputc))
<BR>[Address Reference Count : 1]<UL><LI> printfa.o(i.__0snprintf)
</UL>
<P><STRONG><a name="[b7]"></a>_sputc</STRONG> (Thumb, 10 bytes, Stack size 0 bytes, printfa.o(i._sputc))
<BR><BR>[Called By]<UL><LI><a href="#[3e0]">&gt;&gt;</a>&nbsp;&nbsp;&nbsp;__0sprintf
</UL>
<BR>[Address Reference Count : 1]<UL><LI> printfa.o(i.__0sprintf)
</UL><P>
<H3>
Undefined Global Symbols
</H3><HR></body></html>
